******************************************************************************
                  TI ARM Linker Unix v20.2.1                   
******************************************************************************
>> Linked Fri Nov 20 16:57:26 2020

OUTPUT FILE NAME:   <Tetris.out>
ENTRY POINT SYMBOL: "_c_int00_noargs"  address: 0000149d


MEMORY CONFIGURATION

         name            origin    length      used     unused   attr    fill
----------------------  --------  ---------  --------  --------  ----  --------
  MAIN                  00000000   00040000  000015b8  0003ea48  R  X
  INFO                  00200000   00004000  00000000  00004000  R  X
  SRAM_CODE             01000000   00010000  00000c02  0000f3fe  RW X
  SRAM_DATA             20000000   00010000  00000c02  0000f3fe  RW  


SEGMENT ALLOCATION MAP

run origin  load origin   length   init length attrs members
----------  ----------- ---------- ----------- ----- -------
00000000    00000000    000015b8   000015b8    r-x
  00000000    00000000    000000e4   000000e4    r-- .intvecs
  000000e4    000000e4    0000144c   0000144c    r-x .text
  00001530    00001530    00000088   00000088    r-- .cinit
20000000    20000000    00000a04   00000000    rw-
  20000000    20000000    0000093e   00000000    rw- .bss
  20000940    20000940    000000c4   00000000    rw- .data
2000fe00    2000fe00    00000200   00000000    rw-
  2000fe00    2000fe00    00000200   00000000    rw- .stack


SECTION ALLOCATION MAP

 output                                  attributes/
section   page    origin      length       input sections
--------  ----  ----------  ----------   ----------------
.intvecs   0    00000000    000000e4     
                  00000000    000000e4     startup_msp432p401r_ccs.obj (.intvecs:retain)

.text      0    000000e4    0000144c     
                  000000e4    000007e4     tetris.obj (.text)
                  000008c8    000003bc     display.obj (.text)
                  00000c84    00000334     system_msp432p401r.obj (.text)
                  00000fb8    00000164     main.obj (.text)
                  0000111c    0000009c     rtsv7M4_T_le_v4SPD16_eabi.lib : memcpy_t2.asm.obj (.text)
                  000011b8    00000094     debounce.obj (.text)
                  0000124c    0000007a     rtsv7M4_T_le_v4SPD16_eabi.lib : memset_t2.asm.obj (.text)
                  000012c6    00000002                                   : div0.asm.obj (.text)
                  000012c8    00000070     timer.obj (.text)
                  00001338    00000068     rtsv7M4_T_le_v4SPD16_eabi.lib : copy_decompress_lzss.c.obj (.text:decompress:lzss:__TI_decompress_lzss)
                  000013a0    0000005e                                   : i_divt2.asm.obj (.text)
                  000013fe    00000002     --HOLE-- [fill = 0]
                  00001400    00000058     init.obj (.text)
                  00001458    00000044     rtsv7M4_T_le_v4SPD16_eabi.lib : autoinit.c.obj (.text:__TI_auto_init_nobinit_nopinit:__TI_auto_init_nobinit_nopinit)
                  0000149c    00000034                                   : boot_cortex_m.c.obj (.text:_c_int00_noargs:_c_int00_noargs)
                  000014d0    00000030     rand.obj (.text)
                  00001500    0000000e     rtsv7M4_T_le_v4SPD16_eabi.lib : copy_decompress_none.c.obj (.text:decompress:none:__TI_decompress_none)
                  0000150e    0000000e     startup_msp432p401r_ccs.obj (.text)
                  0000151c    0000000c     rtsv7M4_T_le_v4SPD16_eabi.lib : copy_zero_init.c.obj (.text:decompress:ZI:__TI_zero_init)
                  00001528    00000004                                   : pre_init.c.obj (.text:_system_pre_init)
                  0000152c    00000004                                   : exit.c.obj (.text:abort:abort)

.cinit     0    00001530    00000088     
                  00001530    00000060     (.cinit..data.load) [load image, compression = lzss]
                  00001590    0000000c     (__TI_handler_table)
                  0000159c    00000004     --HOLE-- [fill = 0]
                  000015a0    00000008     (.cinit..bss.load) [load image, compression = zero_init]
                  000015a8    00000010     (__TI_cinit_table)

.init_array 
*          0    00000000    00000000     UNINITIALIZED

.binit     0    00000000    00000000     

.bss       0    20000000    0000093e     UNINITIALIZED
                  20000000    00000800     (.common:display)
                  20000800    0000011c     main.obj (.bss:tetris$1)
                  2000091c    00000020     display.obj (.bss)
                  2000093c    00000001     (.common:display_address_union)
                  2000093d    00000001     (.common:display_data_union)

.data      0    20000940    000000c4     UNINITIALIZED
                  20000940    00000020     tetris.obj (.data:PIECE_J_STATES)
                  20000960    00000020     tetris.obj (.data:PIECE_L_STATES)
                  20000980    00000020     tetris.obj (.data:PIECE_T_STATES)
                  200009a0    00000010     tetris.obj (.data:PIECE_I_STATES)
                  200009b0    00000010     tetris.obj (.data:PIECE_S_STATES)
                  200009c0    00000010     tetris.obj (.data:PIECE_Z_STATES)
                  200009d0    0000000c     debounce.obj (.data:fsm)
                  200009dc    0000000c     main.obj (.data:fsm)
                  200009e8    00000009     main.obj (.data)
                  200009f1    00000008     tetris.obj (.data:PIECE_O_STATE)
                  200009f9    00000003     --HOLE--
                  200009fc    00000004     rand.obj (.data)
                  20000a00    00000004     system_msp432p401r.obj (.data)

.stack     0    2000fe00    00000200     UNINITIALIZED
                  2000fe00    00000004     rtsv7M4_T_le_v4SPD16_eabi.lib : boot_cortex_m.c.obj (.stack)
                  2000fe04    000001fc     --HOLE--

__llvm_prf_cnts 
*          0    20000000    00000000     UNINITIALIZED

MODULE SUMMARY

       Module                        code   ro data   rw data
       ------                        ----   -------   -------
    ./
       display.obj                   956    0         4164   
       tetris.obj                    2020   0         304    
       main.obj                      356    0         610    
       system_msp432p401r.obj        820    0         8      
       startup_msp432p401r_ccs.obj   14     228       0      
       debounce.obj                  148    0         24     
       timer.obj                     112    0         0      
       init.obj                      88     0         0      
       rand.obj                      48     0         8      
    +--+-----------------------------+------+---------+---------+
       Total:                        4562   228       5118   
                                                             
    /opt/ccstudio/ccs/tools/compiler/ti-cgt-arm_20.2.1.LTS/lib/rtsv7M4_T_le_v4SPD16_eabi.lib
       memcpy_t2.asm.obj             156    0         0      
       memset_t2.asm.obj             122    0         0      
       copy_decompress_lzss.c.obj    104    0         0      
       i_divt2.asm.obj               94     0         0      
       autoinit.c.obj                68     0         0      
       boot_cortex_m.c.obj           52     0         0      
       copy_decompress_none.c.obj    14     0         0      
       copy_zero_init.c.obj          12     0         0      
       exit.c.obj                    4      0         0      
       pre_init.c.obj                4      0         0      
       div0.asm.obj                  2      0         0      
    +--+-----------------------------+------+---------+---------+
       Total:                        632    0         0      
                                                             
       Stack:                        0      0         1024   
       Linker Generated:             0      132       0      
    +--+-----------------------------+------+---------+---------+
       Grand Total:                  5194   360       6142   


LINKER GENERATED COPY TABLES

__TI_cinit_table @ 000015a8 records: 2, size/record: 8, table size: 16
	.data: load addr=00001530, load size=00000060 bytes, run addr=20000940, run size=000000c4 bytes, compression=lzss
	.bss: load addr=000015a0, load size=00000008 bytes, run addr=20000000, run size=0000093e bytes, compression=zero_init


LINKER GENERATED HANDLER TABLE

__TI_handler_table @ 00001590 records: 3, size/record: 4, table size: 12
	index: 0, handler: __TI_decompress_lzss
	index: 1, handler: __TI_decompress_none
	index: 2, handler: __TI_zero_init


GLOBAL SYMBOLS: SORTED ALPHABETICALLY BY Name 

address   name                          
-------   ----                          
0000151b  ADC14_IRQHandler              
0000151b  AES256_IRQHandler             
0000151b  BusFault_Handler              
0000152d  C$$EXIT                       
0000151b  COMP_E0_IRQHandler            
0000151b  COMP_E1_IRQHandler            
0000151b  CS_IRQHandler                 
00001303  ChangeMCLKSpeed               
0000140b  ConfigureButtonsAsInput       
000012c9  ConfigureTimer                
0000151b  DMA_ERR_IRQHandler            
0000151b  DMA_INT0_IRQHandler           
0000151b  DMA_INT1_IRQHandler           
0000151b  DMA_INT2_IRQHandler           
0000151b  DMA_INT3_IRQHandler           
0000151b  DebugMon_Handler              
0000151b  Default_Handler               
00001431  DivideSMCLK                   
0000151b  EUSCIA0_IRQHandler            
0000151b  EUSCIA1_IRQHandler            
0000151b  EUSCIA2_IRQHandler            
0000151b  EUSCIA3_IRQHandler            
0000151b  EUSCIB0_IRQHandler            
0000151b  EUSCIB1_IRQHandler            
0000151b  EUSCIB2_IRQHandler            
0000151b  EUSCIB3_IRQHandler            
00001417  EnablePinsAsOutput            
0000151b  FLCTL_IRQHandler              
0000151b  FPU_IRQHandler                
0000151b  HardFault_Handler             
0000151b  MemManage_Handler             
0000151b  NMI_Handler                   
0000151b  PCM_IRQHandler                
0000151b  PORT1_IRQHandler              
0000151b  PORT2_IRQHandler              
0000151b  PORT3_IRQHandler              
0000151b  PORT4_IRQHandler              
0000151b  PORT5_IRQHandler              
0000151b  PORT6_IRQHandler              
0000151b  PSS_IRQHandler                
0000151b  PendSV_Handler                
0000151b  RTC_C_IRQHandler              
0000150f  Reset_Handler                 
0000151b  SVC_Handler                   
000012f5  StartTimer                    
00001401  StopWatchdogTimer             
0000151b  SysTick_Handler               
20000a00  SystemCoreClock               
00000c85  SystemCoreClockUpdate         
00000efd  SystemInit                    
0000151b  T32_INT1_IRQHandler           
0000151b  T32_INT2_IRQHandler           
0000151b  T32_INTC_IRQHandler           
000010d9  TA0_0_IRQHandler              
000010d9  TA0_0_IRQHandler              
0000151b  TA0_N_IRQHandler              
0000151b  TA1_0_IRQHandler              
0000151b  TA1_N_IRQHandler              
0000151b  TA2_0_IRQHandler              
0000151b  TA2_N_IRQHandler              
0000151b  TA3_0_IRQHandler              
0000151b  TA3_N_IRQHandler              
0000151b  UsageFault_Handler            
4000480c  WDTCTL_SYM                    
0000151b  WDT_A_IRQHandler              
20010000  __STACK_END                   
00000200  __STACK_SIZE                  
000015a8  __TI_CINIT_Base               
000015b8  __TI_CINIT_Limit              
00001590  __TI_Handler_Table_Base       
0000159c  __TI_Handler_Table_Limit      
00001459  __TI_auto_init_nobinit_nopinit
00001339  __TI_decompress_lzss          
00001501  __TI_decompress_none          
ffffffff  __TI_pprof_out_hndl           
ffffffff  __TI_prof_data_size           
ffffffff  __TI_prof_data_start          
00000000  __TI_static_base__            
0000151d  __TI_zero_init                
000013a1  __aeabi_idiv                  
000012c7  __aeabi_idiv0                 
000013a1  __aeabi_idivmod               
000012c7  __aeabi_ldiv0                 
0000124d  __aeabi_memclr                
0000124d  __aeabi_memclr4               
0000124d  __aeabi_memclr8               
0000111d  __aeabi_memcpy                
0000111d  __aeabi_memcpy4               
0000111d  __aeabi_memcpy8               
0000124f  __aeabi_memset                
0000124f  __aeabi_memset4               
0000124f  __aeabi_memset8               
ffffffff  __binit__                     
ffffffff  __c_args__                    
UNDEFED   __mpu_init                    
2000fe00  __stack                       
20000000  __start___llvm_prf_cnts       
20000000  __stop___llvm_prf_cnts        
0000149d  _c_int00_noargs               
UNDEFED   _system_post_cinit            
00001529  _system_pre_init              
0000152d  abort                         
ffffffff  binit                         
000011b9  debounce_tick                 
20000000  display                       
2000093c  display_address_union         
000009fd  display_clear                 
2000093d  display_data_union            
000008c9  display_init                  
00000bb9  display_test_1                
00000c41  display_test_2                
0000092f  display_translate             
00000a4d  display_write_buffer          
00000000  interruptVectors              
00000fb9  main                          
0000111d  memcpy                        
00001255  memset                        
000011df  next_state                    
000002ff  piece_in_bounds               
000000e5  piece_init                    
00000269  piece_rotate                  
000014d1  rand                          
000014e9  srand                         
000001c5  tetris_init                   
0000043b  tetris_move_left              
000004cd  tetris_move_right             
0000055f  tetris_place_piece            
00000849  tetris_queue_enqueue          
000008a9  tetris_queue_get              
00000887  tetris_queue_pop              
000007bd  tetris_remove_lines_and_score 
00000399  tetris_shift_down             
0000073b  tetris_shift_rows_down        
0000069f  tetris_spawn_piece            
000005e3  tetris_visualize              


GLOBAL SYMBOLS: SORTED BY Symbol Address 

address   name                          
-------   ----                          
00000000  __TI_static_base__            
00000000  interruptVectors              
000000e5  piece_init                    
000001c5  tetris_init                   
00000200  __STACK_SIZE                  
00000269  piece_rotate                  
000002ff  piece_in_bounds               
00000399  tetris_shift_down             
0000043b  tetris_move_left              
000004cd  tetris_move_right             
0000055f  tetris_place_piece            
000005e3  tetris_visualize              
0000069f  tetris_spawn_piece            
0000073b  tetris_shift_rows_down        
000007bd  tetris_remove_lines_and_score 
00000849  tetris_queue_enqueue          
00000887  tetris_queue_pop              
000008a9  tetris_queue_get              
000008c9  display_init                  
0000092f  display_translate             
000009fd  display_clear                 
00000a4d  display_write_buffer          
00000bb9  display_test_1                
00000c41  display_test_2                
00000c85  SystemCoreClockUpdate         
00000efd  SystemInit                    
00000fb9  main                          
000010d9  TA0_0_IRQHandler              
000010d9  TA0_0_IRQHandler              
0000111d  __aeabi_memcpy                
0000111d  __aeabi_memcpy4               
0000111d  __aeabi_memcpy8               
0000111d  memcpy                        
000011b9  debounce_tick                 
000011df  next_state                    
0000124d  __aeabi_memclr                
0000124d  __aeabi_memclr4               
0000124d  __aeabi_memclr8               
0000124f  __aeabi_memset                
0000124f  __aeabi_memset4               
0000124f  __aeabi_memset8               
00001255  memset                        
000012c7  __aeabi_idiv0                 
000012c7  __aeabi_ldiv0                 
000012c9  ConfigureTimer                
000012f5  StartTimer                    
00001303  ChangeMCLKSpeed               
00001339  __TI_decompress_lzss          
000013a1  __aeabi_idiv                  
000013a1  __aeabi_idivmod               
00001401  StopWatchdogTimer             
0000140b  ConfigureButtonsAsInput       
00001417  EnablePinsAsOutput            
00001431  DivideSMCLK                   
00001459  __TI_auto_init_nobinit_nopinit
0000149d  _c_int00_noargs               
000014d1  rand                          
000014e9  srand                         
00001501  __TI_decompress_none          
0000150f  Reset_Handler                 
0000151b  ADC14_IRQHandler              
0000151b  AES256_IRQHandler             
0000151b  BusFault_Handler              
0000151b  COMP_E0_IRQHandler            
0000151b  COMP_E1_IRQHandler            
0000151b  CS_IRQHandler                 
0000151b  DMA_ERR_IRQHandler            
0000151b  DMA_INT0_IRQHandler           
0000151b  DMA_INT1_IRQHandler           
0000151b  DMA_INT2_IRQHandler           
0000151b  DMA_INT3_IRQHandler           
0000151b  DebugMon_Handler              
0000151b  Default_Handler               
0000151b  EUSCIA0_IRQHandler            
0000151b  EUSCIA1_IRQHandler            
0000151b  EUSCIA2_IRQHandler            
0000151b  EUSCIA3_IRQHandler            
0000151b  EUSCIB0_IRQHandler            
0000151b  EUSCIB1_IRQHandler            
0000151b  EUSCIB2_IRQHandler            
0000151b  EUSCIB3_IRQHandler            
0000151b  FLCTL_IRQHandler              
0000151b  FPU_IRQHandler                
0000151b  HardFault_Handler             
0000151b  MemManage_Handler             
0000151b  NMI_Handler                   
0000151b  PCM_IRQHandler                
0000151b  PORT1_IRQHandler              
0000151b  PORT2_IRQHandler              
0000151b  PORT3_IRQHandler              
0000151b  PORT4_IRQHandler              
0000151b  PORT5_IRQHandler              
0000151b  PORT6_IRQHandler              
0000151b  PSS_IRQHandler                
0000151b  PendSV_Handler                
0000151b  RTC_C_IRQHandler              
0000151b  SVC_Handler                   
0000151b  SysTick_Handler               
0000151b  T32_INT1_IRQHandler           
0000151b  T32_INT2_IRQHandler           
0000151b  T32_INTC_IRQHandler           
0000151b  TA0_N_IRQHandler              
0000151b  TA1_0_IRQHandler              
0000151b  TA1_N_IRQHandler              
0000151b  TA2_0_IRQHandler              
0000151b  TA2_N_IRQHandler              
0000151b  TA3_0_IRQHandler              
0000151b  TA3_N_IRQHandler              
0000151b  UsageFault_Handler            
0000151b  WDT_A_IRQHandler              
0000151d  __TI_zero_init                
00001529  _system_pre_init              
0000152d  C$$EXIT                       
0000152d  abort                         
00001590  __TI_Handler_Table_Base       
0000159c  __TI_Handler_Table_Limit      
000015a8  __TI_CINIT_Base               
000015b8  __TI_CINIT_Limit              
20000000  __start___llvm_prf_cnts       
20000000  __stop___llvm_prf_cnts        
20000000  display                       
2000093c  display_address_union         
2000093d  display_data_union            
20000a00  SystemCoreClock               
2000fe00  __stack                       
20010000  __STACK_END                   
4000480c  WDTCTL_SYM                    
ffffffff  __TI_pprof_out_hndl           
ffffffff  __TI_prof_data_size           
ffffffff  __TI_prof_data_start          
ffffffff  __binit__                     
ffffffff  __c_args__                    
ffffffff  binit                         
UNDEFED   __mpu_init                    
UNDEFED   _system_post_cinit            

[135 symbols]
