******************************************************************************
                  TI ARM Linker Unix v20.2.1                   
******************************************************************************
>> Linked Sun Nov 22 13:36:13 2020

OUTPUT FILE NAME:   <Tetris.out>
ENTRY POINT SYMBOL: "_c_int00_noargs"  address: 00001009


MEMORY CONFIGURATION

         name            origin    length      used     unused   attr    fill
----------------------  --------  ---------  --------  --------  ----  --------
  MAIN                  00000000   00040000  00001116  0003eeea  R  X
  INFO                  00200000   00004000  00000000  00004000  R  X
  SRAM_CODE             01000000   00010000  00000bde  0000f422  RW X
  SRAM_DATA             20000000   00010000  00000bde  0000f422  RW  


SEGMENT ALLOCATION MAP

run origin  load origin   length   init length attrs members
----------  ----------- ---------- ----------- ----- -------
00000000    00000000    00001118   00001118    r-x
  00000000    00000000    000000e4   000000e4    r-- .intvecs
  000000e4    000000e4    00000faa   00000faa    r-x .text
  00001090    00001090    00000088   00000088    r-- .cinit
20000000    20000000    000009e0   00000000    rw-
  20000000    20000000    00000926   00000000    rw- .bss
  20000928    20000928    000000b8   00000000    rw- .data
2000fe00    2000fe00    00000200   00000000    rw-
  2000fe00    2000fe00    00000200   00000000    rw- .stack


SECTION ALLOCATION MAP

 output                                  attributes/
section   page    origin      length       input sections
--------  ----  ----------  ----------   ----------------
.intvecs   0    00000000    000000e4     
                  00000000    000000e4     startup_msp432p401r_ccs.obj (.intvecs:retain)

.text      0    000000e4    00000faa     
                  000000e4    000004c4     tetris.obj (.text)
                  000005a8    0000049c     display.obj (.text)
                  00000a44    000001e0     system_msp432p401r.obj (.text)
                  00000c24    00000134     main.obj (.text)
                  00000d58    0000009c     rtsv7M4_T_le_v4SPD16_eabi.lib : memcpy_t2.asm.obj (.text)
                  00000df4    0000007a                                   : memset_t2.asm.obj (.text)
                  00000e6e    00000068                                   : copy_decompress_lzss.c.obj (.text:decompress:lzss:__TI_decompress_lzss)
                  00000ed6    0000005e                                   : i_divt2.asm.obj (.text)
                  00000f34    0000004c     timer.obj (.text)
                  00000f80    00000044     rtsv7M4_T_le_v4SPD16_eabi.lib : autoinit.c.obj (.text:__TI_auto_init_nobinit_nopinit:__TI_auto_init_nobinit_nopinit)
                  00000fc4    00000044     init.obj (.text)
                  00001008    00000034     rtsv7M4_T_le_v4SPD16_eabi.lib : boot_cortex_m.c.obj (.text:_c_int00_noargs:_c_int00_noargs)
                  0000103c    00000020     rand.obj (.text)
                  0000105c    0000000e     rtsv7M4_T_le_v4SPD16_eabi.lib : copy_decompress_none.c.obj (.text:decompress:none:__TI_decompress_none)
                  0000106a    0000000e     startup_msp432p401r_ccs.obj (.text)
                  00001078    0000000c     rtsv7M4_T_le_v4SPD16_eabi.lib : copy_zero_init.c.obj (.text:decompress:ZI:__TI_zero_init)
                  00001084    00000004                                   : pre_init.c.obj (.text:_system_pre_init)
                  00001088    00000004                                   : exit.c.obj (.text:abort:abort)
                  0000108c    00000002                                   : div0.asm.obj (.text)

.cinit     0    00001090    00000088     
                  00001090    00000061     (.cinit..data.load) [load image, compression = lzss]
                  000010f1    00000003     --HOLE-- [fill = 0]
                  000010f4    0000000c     (__TI_handler_table)
                  00001100    00000008     (.cinit..bss.load) [load image, compression = zero_init]
                  00001108    00000010     (__TI_cinit_table)

.init_array 
*          0    00000000    00000000     UNINITIALIZED

.binit     0    00000000    00000000     

.bss       0    20000000    00000926     UNINITIALIZED
                  20000000    00000800     (.common:display)
                  20000800    00000124     main.obj (.bss:tetris$1)
                  20000924    00000001     (.common:display_address_union)
                  20000925    00000001     (.common:display_data_union)

.data      0    20000928    000000b8     UNINITIALIZED
                  20000928    00000020     tetris.obj (.data:PIECE_J_STATES)
                  20000948    00000020     tetris.obj (.data:PIECE_L_STATES)
                  20000968    00000020     tetris.obj (.data:PIECE_T_STATES)
                  20000988    00000010     tetris.obj (.data:PIECE_I_STATES)
                  20000998    00000010     tetris.obj (.data:PIECE_S_STATES)
                  200009a8    00000010     tetris.obj (.data:PIECE_Z_STATES)
                  200009b8    0000000c     main.obj (.data:fsm)
                  200009c4    0000000a     main.obj (.data)
                  200009ce    00000008     tetris.obj (.data:PIECE_O_STATE)
                  200009d6    00000002     --HOLE--
                  200009d8    00000004     rand.obj (.data)
                  200009dc    00000004     system_msp432p401r.obj (.data)

.stack     0    2000fe00    00000200     UNINITIALIZED
                  2000fe00    00000004     rtsv7M4_T_le_v4SPD16_eabi.lib : boot_cortex_m.c.obj (.stack)
                  2000fe04    000001fc     --HOLE--

__llvm_prf_cnts 
*          0    20000000    00000000     UNINITIALIZED

MODULE SUMMARY

       Module                        code   ro data   rw data
       ------                        ----   -------   -------
    ./
       display.obj                   1180   0         4100   
       tetris.obj                    1220   0         304    
       main.obj                      308    0         628    
       system_msp432p401r.obj        480    0         8      
       startup_msp432p401r_ccs.obj   14     228       0      
       timer.obj                     76     0         0      
       init.obj                      68     0         0      
       rand.obj                      32     0         8      
    +--+-----------------------------+------+---------+---------+
       Total:                        3378   228       5048   
                                                             
    /opt/ccstudio/ccs/tools/compiler/ti-cgt-arm_20.2.1.LTS/lib/rtsv7M4_T_le_v4SPD16_eabi.lib
       memcpy_t2.asm.obj             156    0         0      
       memset_t2.asm.obj             122    0         0      
       copy_decompress_lzss.c.obj    104    0         0      
       i_divt2.asm.obj               94     0         0      
       autoinit.c.obj                68     0         0      
       boot_cortex_m.c.obj           52     0         0      
       copy_decompress_none.c.obj    14     0         0      
       copy_zero_init.c.obj          12     0         0      
       exit.c.obj                    4      0         0      
       pre_init.c.obj                4      0         0      
       div0.asm.obj                  2      0         0      
    +--+-----------------------------+------+---------+---------+
       Total:                        632    0         0      
                                                             
       Stack:                        0      0         1024   
       Linker Generated:             0      133       0      
    +--+-----------------------------+------+---------+---------+
       Grand Total:                  4010   361       6072   


LINKER GENERATED COPY TABLES

__TI_cinit_table @ 00001108 records: 2, size/record: 8, table size: 16
	.data: load addr=00001090, load size=00000061 bytes, run addr=20000928, run size=000000b8 bytes, compression=lzss
	.bss: load addr=00001100, load size=00000008 bytes, run addr=20000000, run size=00000926 bytes, compression=zero_init


LINKER GENERATED HANDLER TABLE

__TI_handler_table @ 000010f4 records: 3, size/record: 4, table size: 12
	index: 0, handler: __TI_decompress_lzss
	index: 1, handler: __TI_decompress_none
	index: 2, handler: __TI_zero_init


GLOBAL SYMBOLS: SORTED ALPHABETICALLY BY Name 

address   name                          
-------   ----                          
00001077  ADC14_IRQHandler              
00001077  AES256_IRQHandler             
00001077  BusFault_Handler              
00001089  C$$EXIT                       
00001077  COMP_E0_IRQHandler            
00001077  COMP_E1_IRQHandler            
00001077  CS_IRQHandler                 
00000f5d  ChangeMCLKSpeed               
00000fed  ConfigureButtonsAsInput       
00000f43  ConfigureTimer                
00001077  DMA_ERR_IRQHandler            
00001077  DMA_INT0_IRQHandler           
00001077  DMA_INT1_IRQHandler           
00001077  DMA_INT2_IRQHandler           
00001077  DMA_INT3_IRQHandler           
00001077  DebugMon_Handler              
00001077  Default_Handler               
00000fe1  DivideSMCLK                   
00001077  EUSCIA0_IRQHandler            
00001077  EUSCIA1_IRQHandler            
00001077  EUSCIA2_IRQHandler            
00001077  EUSCIA3_IRQHandler            
00001077  EUSCIB0_IRQHandler            
00001077  EUSCIB1_IRQHandler            
00001077  EUSCIB2_IRQHandler            
00001077  EUSCIB3_IRQHandler            
00000fcf  EnablePinsAsOutput            
00001077  FLCTL_IRQHandler              
00001077  FPU_IRQHandler                
00001077  HardFault_Handler             
00001077  MemManage_Handler             
00001077  NMI_Handler                   
00001077  PCM_IRQHandler                
00001077  PORT1_IRQHandler              
00001077  PORT2_IRQHandler              
00001077  PORT3_IRQHandler              
00001077  PORT4_IRQHandler              
00001077  PORT5_IRQHandler              
00001077  PORT6_IRQHandler              
00001077  PSS_IRQHandler                
00001077  PendSV_Handler                
00001077  RTC_C_IRQHandler              
0000106b  Reset_Handler                 
00001077  SVC_Handler                   
00000f35  StartTimer                    
00000fc5  StopWatchdogTimer             
00001077  SysTick_Handler               
200009dc  SystemCoreClock               
00000a99  SystemCoreClockUpdate         
00000a45  SystemInit                    
00001077  T32_INT1_IRQHandler           
00001077  T32_INT2_IRQHandler           
00001077  T32_INTC_IRQHandler           
00000d27  TA0_0_IRQHandler              
00000d27  TA0_0_IRQHandler              
00001077  TA0_N_IRQHandler              
00001077  TA1_0_IRQHandler              
00001077  TA1_N_IRQHandler              
00001077  TA2_0_IRQHandler              
00001077  TA2_N_IRQHandler              
00001077  TA3_0_IRQHandler              
00001077  TA3_N_IRQHandler              
00001077  UsageFault_Handler            
4000480c  WDTCTL_SYM                    
00001077  WDT_A_IRQHandler              
20010000  __STACK_END                   
00000200  __STACK_SIZE                  
00001108  __TI_CINIT_Base               
00001118  __TI_CINIT_Limit              
000010f4  __TI_Handler_Table_Base       
00001100  __TI_Handler_Table_Limit      
00000f81  __TI_auto_init_nobinit_nopinit
00000e6f  __TI_decompress_lzss          
0000105d  __TI_decompress_none          
ffffffff  __TI_pprof_out_hndl           
ffffffff  __TI_prof_data_size           
ffffffff  __TI_prof_data_start          
00000000  __TI_static_base__            
00001079  __TI_zero_init                
00000ed7  __aeabi_idiv                  
0000108d  __aeabi_idiv0                 
00000ed7  __aeabi_idivmod               
0000108d  __aeabi_ldiv0                 
00000df5  __aeabi_memclr                
00000df5  __aeabi_memclr4               
00000df5  __aeabi_memclr8               
00000d59  __aeabi_memcpy                
00000d59  __aeabi_memcpy4               
00000d59  __aeabi_memcpy8               
00000df7  __aeabi_memset                
00000df7  __aeabi_memset4               
00000df7  __aeabi_memset8               
ffffffff  __binit__                     
ffffffff  __c_args__                    
UNDEFED   __mpu_init                    
2000fe00  __stack                       
20000000  __start___llvm_prf_cnts       
20000000  __stop___llvm_prf_cnts        
00001009  _c_int00_noargs               
UNDEFED   _system_post_cinit            
00001085  _system_pre_init              
00001089  abort                         
ffffffff  binit                         
20000000  display                       
20000924  display_address_union         
000008e1  display_clear                 
20000925  display_data_union            
000005a9  display_init                  
000009e1  display_test_1                
000009b3  display_test_2                
00000981  display_test_3                
000008fd  display_translate             
0000067d  display_write_buffer          
00000000  interruptVectors              
00000c25  main                          
00000d59  memcpy                        
00000dfd  memset                        
000004fd  piece_in_bounds               
0000018b  piece_init                    
00000545  piece_rotate                  
00001043  rand                          
0000103d  srand                         
0000048b  tetris_init                   
00000429  tetris_move_left              
000003c9  tetris_move_right             
00000307  tetris_place_piece            
000001ed  tetris_queue_enqueue          
000000e5  tetris_queue_get              
00000175  tetris_queue_pop              
000002c7  tetris_remove_lines_and_score 
00000361  tetris_shift_down             
0000028b  tetris_shift_rows_down        
00000217  tetris_spawn_piece            
000000f3  tetris_visualize              


GLOBAL SYMBOLS: SORTED BY Symbol Address 

address   name                          
-------   ----                          
00000000  __TI_static_base__            
00000000  interruptVectors              
000000e5  tetris_queue_get              
000000f3  tetris_visualize              
00000175  tetris_queue_pop              
0000018b  piece_init                    
000001ed  tetris_queue_enqueue          
00000200  __STACK_SIZE                  
00000217  tetris_spawn_piece            
0000028b  tetris_shift_rows_down        
000002c7  tetris_remove_lines_and_score 
00000307  tetris_place_piece            
00000361  tetris_shift_down             
000003c9  tetris_move_right             
00000429  tetris_move_left              
0000048b  tetris_init                   
000004fd  piece_in_bounds               
00000545  piece_rotate                  
000005a9  display_init                  
0000067d  display_write_buffer          
000008e1  display_clear                 
000008fd  display_translate             
00000981  display_test_3                
000009b3  display_test_2                
000009e1  display_test_1                
00000a45  SystemInit                    
00000a99  SystemCoreClockUpdate         
00000c25  main                          
00000d27  TA0_0_IRQHandler              
00000d27  TA0_0_IRQHandler              
00000d59  __aeabi_memcpy                
00000d59  __aeabi_memcpy4               
00000d59  __aeabi_memcpy8               
00000d59  memcpy                        
00000df5  __aeabi_memclr                
00000df5  __aeabi_memclr4               
00000df5  __aeabi_memclr8               
00000df7  __aeabi_memset                
00000df7  __aeabi_memset4               
00000df7  __aeabi_memset8               
00000dfd  memset                        
00000e6f  __TI_decompress_lzss          
00000ed7  __aeabi_idiv                  
00000ed7  __aeabi_idivmod               
00000f35  StartTimer                    
00000f43  ConfigureTimer                
00000f5d  ChangeMCLKSpeed               
00000f81  __TI_auto_init_nobinit_nopinit
00000fc5  StopWatchdogTimer             
00000fcf  EnablePinsAsOutput            
00000fe1  DivideSMCLK                   
00000fed  ConfigureButtonsAsInput       
00001009  _c_int00_noargs               
0000103d  srand                         
00001043  rand                          
0000105d  __TI_decompress_none          
0000106b  Reset_Handler                 
00001077  ADC14_IRQHandler              
00001077  AES256_IRQHandler             
00001077  BusFault_Handler              
00001077  COMP_E0_IRQHandler            
00001077  COMP_E1_IRQHandler            
00001077  CS_IRQHandler                 
00001077  DMA_ERR_IRQHandler            
00001077  DMA_INT0_IRQHandler           
00001077  DMA_INT1_IRQHandler           
00001077  DMA_INT2_IRQHandler           
00001077  DMA_INT3_IRQHandler           
00001077  DebugMon_Handler              
00001077  Default_Handler               
00001077  EUSCIA0_IRQHandler            
00001077  EUSCIA1_IRQHandler            
00001077  EUSCIA2_IRQHandler            
00001077  EUSCIA3_IRQHandler            
00001077  EUSCIB0_IRQHandler            
00001077  EUSCIB1_IRQHandler            
00001077  EUSCIB2_IRQHandler            
00001077  EUSCIB3_IRQHandler            
00001077  FLCTL_IRQHandler              
00001077  FPU_IRQHandler                
00001077  HardFault_Handler             
00001077  MemManage_Handler             
00001077  NMI_Handler                   
00001077  PCM_IRQHandler                
00001077  PORT1_IRQHandler              
00001077  PORT2_IRQHandler              
00001077  PORT3_IRQHandler              
00001077  PORT4_IRQHandler              
00001077  PORT5_IRQHandler              
00001077  PORT6_IRQHandler              
00001077  PSS_IRQHandler                
00001077  PendSV_Handler                
00001077  RTC_C_IRQHandler              
00001077  SVC_Handler                   
00001077  SysTick_Handler               
00001077  T32_INT1_IRQHandler           
00001077  T32_INT2_IRQHandler           
00001077  T32_INTC_IRQHandler           
00001077  TA0_N_IRQHandler              
00001077  TA1_0_IRQHandler              
00001077  TA1_N_IRQHandler              
00001077  TA2_0_IRQHandler              
00001077  TA2_N_IRQHandler              
00001077  TA3_0_IRQHandler              
00001077  TA3_N_IRQHandler              
00001077  UsageFault_Handler            
00001077  WDT_A_IRQHandler              
00001079  __TI_zero_init                
00001085  _system_pre_init              
00001089  C$$EXIT                       
00001089  abort                         
0000108d  __aeabi_idiv0                 
0000108d  __aeabi_ldiv0                 
000010f4  __TI_Handler_Table_Base       
00001100  __TI_Handler_Table_Limit      
00001108  __TI_CINIT_Base               
00001118  __TI_CINIT_Limit              
20000000  __start___llvm_prf_cnts       
20000000  __stop___llvm_prf_cnts        
20000000  display                       
20000924  display_address_union         
20000925  display_data_union            
200009dc  SystemCoreClock               
2000fe00  __stack                       
20010000  __STACK_END                   
4000480c  WDTCTL_SYM                    
ffffffff  __TI_pprof_out_hndl           
ffffffff  __TI_prof_data_size           
ffffffff  __TI_prof_data_start          
ffffffff  __binit__                     
ffffffff  __c_args__                    
ffffffff  binit                         
UNDEFED   __mpu_init                    
UNDEFED   _system_post_cinit            

[134 symbols]
