******************************************************************************
                  TI ARM Linker Unix v20.2.1                   
******************************************************************************
>> Linked Thu Nov 19 13:05:38 2020

OUTPUT FILE NAME:   <Tetris.out>
ENTRY POINT SYMBOL: "_c_int00_noargs"  address: 00001135


MEMORY CONFIGURATION

         name            origin    length      used     unused   attr    fill
----------------------  --------  ---------  --------  --------  ----  --------
  MAIN                  00000000   00040000  00001276  0003ed8a  R  X
  INFO                  00200000   00004000  00000000  00004000  R  X
  SRAM_CODE             01000000   00010000  000003ca  0000fc36  RW X
  SRAM_DATA             20000000   00010000  000003ca  0000fc36  RW  


SEGMENT ALLOCATION MAP

run origin  load origin   length   init length attrs members
----------  ----------- ---------- ----------- ----- -------
00000000    00000000    00001278   00001278    r-x
  00000000    00000000    000000e4   000000e4    r-- .intvecs
  000000e4    000000e4    0000110a   0000110a    r-x .text
  000011f0    000011f0    00000088   00000088    r-- .cinit
20000000    20000000    000001cc   00000000    rw-
  20000000    20000000    0000011e   00000000    rw- .bss
  20000120    20000120    000000ac   00000000    rw- .data
2000fe00    2000fe00    00000200   00000000    rw-
  2000fe00    2000fe00    00000200   00000000    rw- .stack


SECTION ALLOCATION MAP

 output                                  attributes/
section   page    origin      length       input sections
--------  ----  ----------  ----------   ----------------
.intvecs   0    00000000    000000e4     
                  00000000    000000e4     startup_msp432p401r_ccs.obj (.intvecs:retain)

.text      0    000000e4    0000110a     
                  000000e4    000007e4     tetris.obj (.text)
                  000008c8    00000334     system_msp432p401r.obj (.text)
                  00000bfc    000001f4     display.obj (.text)
                  00000df0    000000d4     main.obj (.text)
                  00000ec4    0000009c     rtsv7M4_T_le_v4SPD16_eabi.lib : memcpy_t2.asm.obj (.text)
                  00000f60    00000070     timer.obj (.text)
                  00000fd0    00000068     rtsv7M4_T_le_v4SPD16_eabi.lib : copy_decompress_lzss.c.obj (.text:decompress:lzss:__TI_decompress_lzss)
                  00001038    0000005e                                   : i_divt2.asm.obj (.text)
                  00001096    00000002                                   : div0.asm.obj (.text)
                  00001098    00000058     init.obj (.text)
                  000010f0    00000044     rtsv7M4_T_le_v4SPD16_eabi.lib : autoinit.c.obj (.text:__TI_auto_init_nobinit_nopinit:__TI_auto_init_nobinit_nopinit)
                  00001134    00000034                                   : boot_cortex_m.c.obj (.text:_c_int00_noargs:_c_int00_noargs)
                  00001168    00000030     rand.obj (.text)
                  00001198    0000001c     rtsv7M4_T_le_v4SPD16_eabi.lib : copy_zero_init.c.obj (.text:decompress:ZI:__TI_zero_init_nomemset:__TI_zero_init_nomemset)
                  000011b4    00000016     debug.obj (.text)
                  000011ca    0000000e     rtsv7M4_T_le_v4SPD16_eabi.lib : copy_decompress_none.c.obj (.text:decompress:none:__TI_decompress_none)
                  000011d8    0000000e     startup_msp432p401r_ccs.obj (.text)
                  000011e6    00000004     rtsv7M4_T_le_v4SPD16_eabi.lib : pre_init.c.obj (.text:_system_pre_init)
                  000011ea    00000004                                   : exit.c.obj (.text:abort:abort)

.cinit     0    000011f0    00000088     
                  000011f0    00000060     (.cinit..data.load) [load image, compression = lzss]
                  00001250    0000000c     (__TI_handler_table)
                  0000125c    00000004     --HOLE-- [fill = 0]
                  00001260    00000008     (.cinit..bss.load) [load image, compression = zero_init]
                  00001268    00000010     (__TI_cinit_table)

.init_array 
*          0    00000000    00000000     UNINITIALIZED

.binit     0    00000000    00000000     

.bss       0    20000000    0000011e     UNINITIALIZED
                  20000000    0000011c     main.obj (.bss:tetris)
                  2000011c    00000001     (.common:display_address_union)
                  2000011d    00000001     (.common:display_data_union)

.data      0    20000120    000000ac     UNINITIALIZED
                  20000120    00000020     tetris.obj (.data:PIECE_J_STATES)
                  20000140    00000020     tetris.obj (.data:PIECE_L_STATES)
                  20000160    00000020     tetris.obj (.data:PIECE_T_STATES)
                  20000180    00000010     tetris.obj (.data:PIECE_I_STATES)
                  20000190    00000010     tetris.obj (.data:PIECE_S_STATES)
                  200001a0    00000010     tetris.obj (.data:PIECE_Z_STATES)
                  200001b0    00000009     main.obj (.data)
                  200001b9    00000008     tetris.obj (.data:PIECE_O_STATE)
                  200001c1    00000003     --HOLE--
                  200001c4    00000004     rand.obj (.data)
                  200001c8    00000004     system_msp432p401r.obj (.data)

.stack     0    2000fe00    00000200     UNINITIALIZED
                  2000fe00    00000004     rtsv7M4_T_le_v4SPD16_eabi.lib : boot_cortex_m.c.obj (.stack)
                  2000fe04    000001fc     --HOLE--

__llvm_prf_cnts 
*          0    20000000    00000000     UNINITIALIZED

MODULE SUMMARY

       Module                        code   ro data   rw data
       ------                        ----   -------   -------
    ./
       tetris.obj                    2020   0         304    
       system_msp432p401r.obj        820    0         8      
       main.obj                      212    0         586    
       display.obj                   500    0         4      
       startup_msp432p401r_ccs.obj   14     228       0      
       timer.obj                     112    0         0      
       init.obj                      88     0         0      
       rand.obj                      48     0         8      
       debug.obj                     22     0         0      
    +--+-----------------------------+------+---------+---------+
       Total:                        3836   228       910    
                                                             
    /opt/ccstudio/ccs/tools/compiler/ti-cgt-arm_20.2.1.LTS/lib/rtsv7M4_T_le_v4SPD16_eabi.lib
       memcpy_t2.asm.obj             156    0         0      
       copy_decompress_lzss.c.obj    104    0         0      
       i_divt2.asm.obj               94     0         0      
       autoinit.c.obj                68     0         0      
       boot_cortex_m.c.obj           52     0         0      
       copy_zero_init.c.obj          28     0         0      
       copy_decompress_none.c.obj    14     0         0      
       exit.c.obj                    4      0         0      
       pre_init.c.obj                4      0         0      
       div0.asm.obj                  2      0         0      
    +--+-----------------------------+------+---------+---------+
       Total:                        526    0         0      
                                                             
       Stack:                        0      0         1024   
       Linker Generated:             0      132       0      
    +--+-----------------------------+------+---------+---------+
       Grand Total:                  4362   360       1934   


LINKER GENERATED COPY TABLES

__TI_cinit_table @ 00001268 records: 2, size/record: 8, table size: 16
	.data: load addr=000011f0, load size=00000060 bytes, run addr=20000120, run size=000000ac bytes, compression=lzss
	.bss: load addr=00001260, load size=00000008 bytes, run addr=20000000, run size=0000011e bytes, compression=zero_init


LINKER GENERATED HANDLER TABLE

__TI_handler_table @ 00001250 records: 3, size/record: 4, table size: 12
	index: 0, handler: __TI_decompress_lzss
	index: 1, handler: __TI_decompress_none
	index: 2, handler: __TI_zero_init


GLOBAL SYMBOLS: SORTED ALPHABETICALLY BY Name 

address   name                          
-------   ----                          
000011e5  ADC14_IRQHandler              
000011e5  AES256_IRQHandler             
000011e5  BusFault_Handler              
000011eb  C$$EXIT                       
000011e5  COMP_E0_IRQHandler            
000011e5  COMP_E1_IRQHandler            
000011e5  CS_IRQHandler                 
00000f9b  ChangeMCLKSpeed               
000010a3  ConfigureButtonsAsInput       
00000f61  ConfigureTimer                
000011e5  DMA_ERR_IRQHandler            
000011e5  DMA_INT0_IRQHandler           
000011e5  DMA_INT1_IRQHandler           
000011e5  DMA_INT2_IRQHandler           
000011e5  DMA_INT3_IRQHandler           
000011e5  DebugMon_Handler              
000011e5  Default_Handler               
000010c9  DivideSMCLK                   
000011e5  EUSCIA0_IRQHandler            
000011e5  EUSCIA1_IRQHandler            
000011e5  EUSCIA2_IRQHandler            
000011e5  EUSCIA3_IRQHandler            
000011e5  EUSCIB0_IRQHandler            
000011e5  EUSCIB1_IRQHandler            
000011e5  EUSCIB2_IRQHandler            
000011e5  EUSCIB3_IRQHandler            
000010af  EnablePinsAsOutput            
000011e5  FLCTL_IRQHandler              
000011e5  FPU_IRQHandler                
000011e5  HardFault_Handler             
000011e5  MemManage_Handler             
000011e5  NMI_Handler                   
000011e5  PCM_IRQHandler                
000011e5  PORT1_IRQHandler              
000011e5  PORT2_IRQHandler              
000011e5  PORT3_IRQHandler              
000011e5  PORT4_IRQHandler              
000011e5  PORT5_IRQHandler              
000011e5  PORT6_IRQHandler              
000011e5  PSS_IRQHandler                
000011e5  PendSV_Handler                
000011e5  RTC_C_IRQHandler              
000011d9  Reset_Handler                 
000011e5  SVC_Handler                   
00000f8d  StartTimer                    
00001099  StopWatchdogTimer             
000011e5  SysTick_Handler               
200001c8  SystemCoreClock               
000008c9  SystemCoreClockUpdate         
00000b41  SystemInit                    
000011e5  T32_INT1_IRQHandler           
000011e5  T32_INT2_IRQHandler           
000011e5  T32_INTC_IRQHandler           
00000ea5  TA0_0_IRQHandler              
00000ea5  TA0_0_IRQHandler              
000011e5  TA0_N_IRQHandler              
000011e5  TA1_0_IRQHandler              
000011e5  TA1_N_IRQHandler              
000011e5  TA2_0_IRQHandler              
000011e5  TA2_N_IRQHandler              
000011e5  TA3_0_IRQHandler              
000011e5  TA3_N_IRQHandler              
000011e5  UsageFault_Handler            
4000480c  WDTCTL_SYM                    
000011e5  WDT_A_IRQHandler              
20010000  __STACK_END                   
00000200  __STACK_SIZE                  
00001268  __TI_CINIT_Base               
00001278  __TI_CINIT_Limit              
00001250  __TI_Handler_Table_Base       
0000125c  __TI_Handler_Table_Limit      
000010f1  __TI_auto_init_nobinit_nopinit
00000fd1  __TI_decompress_lzss          
000011cb  __TI_decompress_none          
ffffffff  __TI_pprof_out_hndl           
ffffffff  __TI_prof_data_size           
ffffffff  __TI_prof_data_start          
00000000  __TI_static_base__            
00001199  __TI_zero_init_nomemset       
00001039  __aeabi_idiv                  
00001097  __aeabi_idiv0                 
00001039  __aeabi_idivmod               
00001097  __aeabi_ldiv0                 
00000ec5  __aeabi_memcpy                
00000ec5  __aeabi_memcpy4               
00000ec5  __aeabi_memcpy8               
ffffffff  __binit__                     
ffffffff  __c_args__                    
UNDEFED   __mpu_init                    
2000fe00  __stack                       
20000000  __start___llvm_prf_cnts       
20000000  __stop___llvm_prf_cnts        
00001135  _c_int00_noargs               
UNDEFED   _system_post_cinit            
000011e7  _system_pre_init              
000011eb  abort                         
ffffffff  binit                         
000011b7  debug_print                   
000011c1  debug_println                 
000011b5  debug_uart_config             
2000011c  display_address_union         
2000011d  display_data_union            
00000bfd  display_init                  
00000c59  display_write                 
00000000  interruptVectors              
00000df1  main                          
00000ec5  memcpy                        
000002ff  piece_in_bounds               
000000e5  piece_init                    
00000269  piece_rotate                  
00001169  rand                          
00001181  srand                         
000001c5  tetris_init                   
0000043b  tetris_move_left              
000004cd  tetris_move_right             
0000055f  tetris_place_piece            
00000849  tetris_queue_enqueue          
000008a9  tetris_queue_get              
00000887  tetris_queue_pop              
000007bd  tetris_remove_lines_and_score 
00000399  tetris_shift_down             
0000073b  tetris_shift_rows_down        
0000069f  tetris_spawn_piece            
000005e3  tetris_visualize              


GLOBAL SYMBOLS: SORTED BY Symbol Address 

address   name                          
-------   ----                          
00000000  __TI_static_base__            
00000000  interruptVectors              
000000e5  piece_init                    
000001c5  tetris_init                   
00000200  __STACK_SIZE                  
00000269  piece_rotate                  
000002ff  piece_in_bounds               
00000399  tetris_shift_down             
0000043b  tetris_move_left              
000004cd  tetris_move_right             
0000055f  tetris_place_piece            
000005e3  tetris_visualize              
0000069f  tetris_spawn_piece            
0000073b  tetris_shift_rows_down        
000007bd  tetris_remove_lines_and_score 
00000849  tetris_queue_enqueue          
00000887  tetris_queue_pop              
000008a9  tetris_queue_get              
000008c9  SystemCoreClockUpdate         
00000b41  SystemInit                    
00000bfd  display_init                  
00000c59  display_write                 
00000df1  main                          
00000ea5  TA0_0_IRQHandler              
00000ea5  TA0_0_IRQHandler              
00000ec5  __aeabi_memcpy                
00000ec5  __aeabi_memcpy4               
00000ec5  __aeabi_memcpy8               
00000ec5  memcpy                        
00000f61  ConfigureTimer                
00000f8d  StartTimer                    
00000f9b  ChangeMCLKSpeed               
00000fd1  __TI_decompress_lzss          
00001039  __aeabi_idiv                  
00001039  __aeabi_idivmod               
00001097  __aeabi_idiv0                 
00001097  __aeabi_ldiv0                 
00001099  StopWatchdogTimer             
000010a3  ConfigureButtonsAsInput       
000010af  EnablePinsAsOutput            
000010c9  DivideSMCLK                   
000010f1  __TI_auto_init_nobinit_nopinit
00001135  _c_int00_noargs               
00001169  rand                          
00001181  srand                         
00001199  __TI_zero_init_nomemset       
000011b5  debug_uart_config             
000011b7  debug_print                   
000011c1  debug_println                 
000011cb  __TI_decompress_none          
000011d9  Reset_Handler                 
000011e5  ADC14_IRQHandler              
000011e5  AES256_IRQHandler             
000011e5  BusFault_Handler              
000011e5  COMP_E0_IRQHandler            
000011e5  COMP_E1_IRQHandler            
000011e5  CS_IRQHandler                 
000011e5  DMA_ERR_IRQHandler            
000011e5  DMA_INT0_IRQHandler           
000011e5  DMA_INT1_IRQHandler           
000011e5  DMA_INT2_IRQHandler           
000011e5  DMA_INT3_IRQHandler           
000011e5  DebugMon_Handler              
000011e5  Default_Handler               
000011e5  EUSCIA0_IRQHandler            
000011e5  EUSCIA1_IRQHandler            
000011e5  EUSCIA2_IRQHandler            
000011e5  EUSCIA3_IRQHandler            
000011e5  EUSCIB0_IRQHandler            
000011e5  EUSCIB1_IRQHandler            
000011e5  EUSCIB2_IRQHandler            
000011e5  EUSCIB3_IRQHandler            
000011e5  FLCTL_IRQHandler              
000011e5  FPU_IRQHandler                
000011e5  HardFault_Handler             
000011e5  MemManage_Handler             
000011e5  NMI_Handler                   
000011e5  PCM_IRQHandler                
000011e5  PORT1_IRQHandler              
000011e5  PORT2_IRQHandler              
000011e5  PORT3_IRQHandler              
000011e5  PORT4_IRQHandler              
000011e5  PORT5_IRQHandler              
000011e5  PORT6_IRQHandler              
000011e5  PSS_IRQHandler                
000011e5  PendSV_Handler                
000011e5  RTC_C_IRQHandler              
000011e5  SVC_Handler                   
000011e5  SysTick_Handler               
000011e5  T32_INT1_IRQHandler           
000011e5  T32_INT2_IRQHandler           
000011e5  T32_INTC_IRQHandler           
000011e5  TA0_N_IRQHandler              
000011e5  TA1_0_IRQHandler              
000011e5  TA1_N_IRQHandler              
000011e5  TA2_0_IRQHandler              
000011e5  TA2_N_IRQHandler              
000011e5  TA3_0_IRQHandler              
000011e5  TA3_N_IRQHandler              
000011e5  UsageFault_Handler            
000011e5  WDT_A_IRQHandler              
000011e7  _system_pre_init              
000011eb  C$$EXIT                       
000011eb  abort                         
00001250  __TI_Handler_Table_Base       
0000125c  __TI_Handler_Table_Limit      
00001268  __TI_CINIT_Base               
00001278  __TI_CINIT_Limit              
20000000  __start___llvm_prf_cnts       
20000000  __stop___llvm_prf_cnts        
2000011c  display_address_union         
2000011d  display_data_union            
200001c8  SystemCoreClock               
2000fe00  __stack                       
20010000  __STACK_END                   
4000480c  WDTCTL_SYM                    
ffffffff  __TI_pprof_out_hndl           
ffffffff  __TI_prof_data_size           
ffffffff  __TI_prof_data_start          
ffffffff  __binit__                     
ffffffff  __c_args__                    
ffffffff  binit                         
UNDEFED   __mpu_init                    
UNDEFED   _system_post_cinit            

[124 symbols]
