<?xml version="1.0" encoding="ISO-8859-1" ?>
<link_info>
   <banner>TI ARM Linker Unix v20.2.1.LTS</banner>
   <copyright>Copyright (c) 1996-2018 Texas Instruments Incorporated</copyright>
   <link_time>0x5fb83bc6</link_time>
   <link_errors>0x0</link_errors>
   <output_file>Tetris.out</output_file>
   <entry_point>
      <name>_c_int00_noargs</name>
      <address>0x149d</address>
   </entry_point>
   <input_file_list>
      <input_file id="fl-1">
         <path>./</path>
         <kind>object</kind>
         <file>debounce.obj</file>
         <name>debounce.obj</name>
      </input_file>
      <input_file id="fl-2">
         <path>./</path>
         <kind>object</kind>
         <file>debug.obj</file>
         <name>debug.obj</name>
      </input_file>
      <input_file id="fl-3">
         <path>./</path>
         <kind>object</kind>
         <file>display.obj</file>
         <name>display.obj</name>
      </input_file>
      <input_file id="fl-4">
         <path>./</path>
         <kind>object</kind>
         <file>init.obj</file>
         <name>init.obj</name>
      </input_file>
      <input_file id="fl-5">
         <path>./</path>
         <kind>object</kind>
         <file>main.obj</file>
         <name>main.obj</name>
      </input_file>
      <input_file id="fl-6">
         <path>./</path>
         <kind>object</kind>
         <file>rand.obj</file>
         <name>rand.obj</name>
      </input_file>
      <input_file id="fl-7">
         <path>./</path>
         <kind>object</kind>
         <file>startup_msp432p401r_ccs.obj</file>
         <name>startup_msp432p401r_ccs.obj</name>
      </input_file>
      <input_file id="fl-8">
         <path>./</path>
         <kind>object</kind>
         <file>system_msp432p401r.obj</file>
         <name>system_msp432p401r.obj</name>
      </input_file>
      <input_file id="fl-9">
         <path>./</path>
         <kind>object</kind>
         <file>tetris.obj</file>
         <name>tetris.obj</name>
      </input_file>
      <input_file id="fl-a">
         <path>./</path>
         <kind>object</kind>
         <file>timer.obj</file>
         <name>timer.obj</name>
      </input_file>
      <input_file id="fl-e">
         <kind>object</kind>
         <file>&lt;internal&gt;</file>
         <name>&lt;internal&gt;</name>
      </input_file>
      <input_file id="fl-c4">
         <path>/opt/ccstudio/ccs/tools/compiler/ti-cgt-arm_20.2.1.LTS/lib/</path>
         <kind>archive</kind>
         <file>rtsv7M4_T_le_v4SPD16_eabi.lib</file>
         <name>i_divt2.asm.obj</name>
      </input_file>
      <input_file id="fl-c5">
         <path>/opt/ccstudio/ccs/tools/compiler/ti-cgt-arm_20.2.1.LTS/lib/</path>
         <kind>archive</kind>
         <file>rtsv7M4_T_le_v4SPD16_eabi.lib</file>
         <name>copy_zero_init.c.obj</name>
      </input_file>
      <input_file id="fl-c6">
         <path>/opt/ccstudio/ccs/tools/compiler/ti-cgt-arm_20.2.1.LTS/lib/</path>
         <kind>archive</kind>
         <file>rtsv7M4_T_le_v4SPD16_eabi.lib</file>
         <name>copy_decompress_none.c.obj</name>
      </input_file>
      <input_file id="fl-c7">
         <path>/opt/ccstudio/ccs/tools/compiler/ti-cgt-arm_20.2.1.LTS/lib/</path>
         <kind>archive</kind>
         <file>rtsv7M4_T_le_v4SPD16_eabi.lib</file>
         <name>copy_decompress_lzss.c.obj</name>
      </input_file>
      <input_file id="fl-c8">
         <path>/opt/ccstudio/ccs/tools/compiler/ti-cgt-arm_20.2.1.LTS/lib/</path>
         <kind>archive</kind>
         <file>rtsv7M4_T_le_v4SPD16_eabi.lib</file>
         <name>boot_cortex_m.c.obj</name>
      </input_file>
      <input_file id="fl-c9">
         <path>/opt/ccstudio/ccs/tools/compiler/ti-cgt-arm_20.2.1.LTS/lib/</path>
         <kind>archive</kind>
         <file>rtsv7M4_T_le_v4SPD16_eabi.lib</file>
         <name>div0.asm.obj</name>
      </input_file>
      <input_file id="fl-ca">
         <path>/opt/ccstudio/ccs/tools/compiler/ti-cgt-arm_20.2.1.LTS/lib/</path>
         <kind>archive</kind>
         <file>rtsv7M4_T_le_v4SPD16_eabi.lib</file>
         <name>memset_t2.asm.obj</name>
      </input_file>
      <input_file id="fl-cb">
         <path>/opt/ccstudio/ccs/tools/compiler/ti-cgt-arm_20.2.1.LTS/lib/</path>
         <kind>archive</kind>
         <file>rtsv7M4_T_le_v4SPD16_eabi.lib</file>
         <name>memcpy_t2.asm.obj</name>
      </input_file>
      <input_file id="fl-cc">
         <path>/opt/ccstudio/ccs/tools/compiler/ti-cgt-arm_20.2.1.LTS/lib/</path>
         <kind>archive</kind>
         <file>rtsv7M4_T_le_v4SPD16_eabi.lib</file>
         <name>autoinit.c.obj</name>
      </input_file>
      <input_file id="fl-cd">
         <path>/opt/ccstudio/ccs/tools/compiler/ti-cgt-arm_20.2.1.LTS/lib/</path>
         <kind>archive</kind>
         <file>rtsv7M4_T_le_v4SPD16_eabi.lib</file>
         <name>pre_init.c.obj</name>
      </input_file>
      <input_file id="fl-ce">
         <path>/opt/ccstudio/ccs/tools/compiler/ti-cgt-arm_20.2.1.LTS/lib/</path>
         <kind>archive</kind>
         <file>rtsv7M4_T_le_v4SPD16_eabi.lib</file>
         <name>cpy_tbl.c.obj</name>
      </input_file>
      <input_file id="fl-cf">
         <path>/opt/ccstudio/ccs/tools/compiler/ti-cgt-arm_20.2.1.LTS/lib/</path>
         <kind>archive</kind>
         <file>rtsv7M4_T_le_v4SPD16_eabi.lib</file>
         <name>exit.c.obj</name>
      </input_file>
      <input_file id="fl-d0">
         <path>/opt/ccstudio/ccs/tools/compiler/ti-cgt-arm_20.2.1.LTS/lib/</path>
         <kind>archive</kind>
         <file>rtsv7M4_T_le_v4SPD16_eabi.lib</file>
         <name>_lock.c.obj</name>
      </input_file>
      <input_file id="fl-d1">
         <path>/opt/ccstudio/ccs/tools/compiler/ti-cgt-arm_20.2.1.LTS/lib/</path>
         <kind>archive</kind>
         <file>rtsv7M4_T_le_v4SPD16_eabi.lib</file>
         <name>args_main.c.obj</name>
      </input_file>
   </input_file_list>
   <object_component_list>
      <object_component id="oc-26">
         <name>.intvecs:retain</name>
         <load_address>0x0</load_address>
         <run_address>0x0</run_address>
         <size>0xe4</size>
         <input_file_ref idref="fl-7"/>
      </object_component>
      <object_component id="oc-be">
         <name>.text</name>
         <load_address>0xe4</load_address>
         <run_address>0xe4</run_address>
         <size>0x7e4</size>
         <input_file_ref idref="fl-9"/>
      </object_component>
      <object_component id="oc-b8">
         <name>.text</name>
         <load_address>0x8c8</load_address>
         <run_address>0x8c8</run_address>
         <size>0x3bc</size>
         <input_file_ref idref="fl-3"/>
      </object_component>
      <object_component id="oc-a5">
         <name>.text</name>
         <load_address>0xc84</load_address>
         <run_address>0xc84</run_address>
         <size>0x334</size>
         <input_file_ref idref="fl-8"/>
      </object_component>
      <object_component id="oc-6d">
         <name>.text</name>
         <load_address>0xfb8</load_address>
         <run_address>0xfb8</run_address>
         <size>0x164</size>
         <input_file_ref idref="fl-5"/>
      </object_component>
      <object_component id="oc-37">
         <name>.text</name>
         <load_address>0x111c</load_address>
         <run_address>0x111c</run_address>
         <size>0x9c</size>
         <input_file_ref idref="fl-cb"/>
      </object_component>
      <object_component id="oc-c4">
         <name>.text</name>
         <load_address>0x11b8</load_address>
         <run_address>0x11b8</run_address>
         <size>0x94</size>
         <input_file_ref idref="fl-1"/>
      </object_component>
      <object_component id="oc-8d">
         <name>.text</name>
         <load_address>0x124c</load_address>
         <run_address>0x124c</run_address>
         <size>0x7a</size>
         <input_file_ref idref="fl-ca"/>
      </object_component>
      <object_component id="oc-1b3">
         <name>.text</name>
         <load_address>0x12c6</load_address>
         <run_address>0x12c6</run_address>
         <size>0x2</size>
         <input_file_ref idref="fl-c9"/>
      </object_component>
      <object_component id="oc-b2">
         <name>.text</name>
         <load_address>0x12c8</load_address>
         <run_address>0x12c8</run_address>
         <size>0x70</size>
         <input_file_ref idref="fl-a"/>
      </object_component>
      <object_component id="oc-17">
         <name>.text:decompress:lzss:__TI_decompress_lzss</name>
         <load_address>0x1338</load_address>
         <run_address>0x1338</run_address>
         <size>0x68</size>
         <input_file_ref idref="fl-c7"/>
      </object_component>
      <object_component id="oc-146">
         <name>.text</name>
         <load_address>0x13a0</load_address>
         <run_address>0x13a0</run_address>
         <size>0x5e</size>
         <input_file_ref idref="fl-c4"/>
      </object_component>
      <object_component id="oc-ac">
         <name>.text</name>
         <load_address>0x1400</load_address>
         <run_address>0x1400</run_address>
         <size>0x58</size>
         <input_file_ref idref="fl-4"/>
      </object_component>
      <object_component id="oc-fa">
         <name>.text:__TI_auto_init_nobinit_nopinit:__TI_auto_init_nobinit_nopinit</name>
         <load_address>0x1458</load_address>
         <run_address>0x1458</run_address>
         <size>0x44</size>
         <input_file_ref idref="fl-cc"/>
      </object_component>
      <object_component id="oc-55">
         <name>.text:_c_int00_noargs:_c_int00_noargs</name>
         <load_address>0x149c</load_address>
         <run_address>0x149c</run_address>
         <size>0x34</size>
         <input_file_ref idref="fl-c8"/>
      </object_component>
      <object_component id="oc-140">
         <name>.text</name>
         <load_address>0x14d0</load_address>
         <run_address>0x14d0</run_address>
         <size>0x30</size>
         <input_file_ref idref="fl-6"/>
      </object_component>
      <object_component id="oc-1d">
         <name>.text:decompress:none:__TI_decompress_none</name>
         <load_address>0x1500</load_address>
         <run_address>0x1500</run_address>
         <size>0xe</size>
         <input_file_ref idref="fl-c6"/>
      </object_component>
      <object_component id="oc-67">
         <name>.text</name>
         <load_address>0x150e</load_address>
         <run_address>0x150e</run_address>
         <size>0xe</size>
         <input_file_ref idref="fl-7"/>
      </object_component>
      <object_component id="oc-49">
         <name>.text:decompress:ZI:__TI_zero_init</name>
         <load_address>0x151c</load_address>
         <run_address>0x151c</run_address>
         <size>0xc</size>
         <input_file_ref idref="fl-c5"/>
      </object_component>
      <object_component id="oc-93">
         <name>.text:_system_pre_init</name>
         <load_address>0x1528</load_address>
         <run_address>0x1528</run_address>
         <size>0x4</size>
         <input_file_ref idref="fl-cd"/>
      </object_component>
      <object_component id="oc-ee">
         <name>.text:abort:abort</name>
         <load_address>0x152c</load_address>
         <run_address>0x152c</run_address>
         <size>0x4</size>
         <input_file_ref idref="fl-cf"/>
      </object_component>
      <object_component id="oc-231">
         <name>.cinit..data.load</name>
         <load_address>0x1530</load_address>
         <run_address>0x1530</run_address>
         <size>0x60</size>
      </object_component>
      <object_component id="oc-22f">
         <name>__TI_handler_table</name>
         <load_address>0x1590</load_address>
         <run_address>0x1590</run_address>
         <size>0xc</size>
      </object_component>
      <object_component id="oc-232">
         <name>.cinit..bss.load</name>
         <load_address>0x15a0</load_address>
         <run_address>0x15a0</run_address>
         <size>0x8</size>
      </object_component>
      <object_component id="oc-230">
         <name>__TI_cinit_table</name>
         <load_address>0x15a8</load_address>
         <run_address>0x15a8</run_address>
         <size>0x10</size>
      </object_component>
      <object_component id="oc-203">
         <name>.binit</name>
         <load_address>0x0</load_address>
         <run_address>0x0</run_address>
         <size>0x0</size>
      </object_component>
      <object_component id="oc-167">
         <name>.data:fsm</name>
         <load_address>0x200009d0</load_address>
         <run_address>0x200009d0</run_address>
         <size>0xc</size>
         <input_file_ref idref="fl-1"/>
      </object_component>
      <object_component id="oc-ce">
         <name>.data:fsm</name>
         <load_address>0x200009dc</load_address>
         <run_address>0x200009dc</run_address>
         <size>0xc</size>
         <input_file_ref idref="fl-5"/>
      </object_component>
      <object_component id="oc-cb">
         <name>.data</name>
         <load_address>0x200009e8</load_address>
         <run_address>0x200009e8</run_address>
         <size>0x9</size>
         <input_file_ref idref="fl-5"/>
      </object_component>
      <object_component id="oc-1af">
         <name>.data</name>
         <load_address>0x200009fc</load_address>
         <run_address>0x200009fc</run_address>
         <size>0x4</size>
         <input_file_ref idref="fl-6"/>
      </object_component>
      <object_component id="oc-12c">
         <name>.data</name>
         <load_address>0x20000a00</load_address>
         <run_address>0x20000a00</run_address>
         <size>0x4</size>
         <input_file_ref idref="fl-8"/>
      </object_component>
      <object_component id="oc-14b">
         <name>.data:PIECE_I_STATES</name>
         <load_address>0x200009a0</load_address>
         <run_address>0x200009a0</run_address>
         <size>0x10</size>
         <input_file_ref idref="fl-9"/>
      </object_component>
      <object_component id="oc-14e">
         <name>.data:PIECE_O_STATE</name>
         <load_address>0x200009f1</load_address>
         <run_address>0x200009f1</run_address>
         <size>0x8</size>
         <input_file_ref idref="fl-9"/>
      </object_component>
      <object_component id="oc-151">
         <name>.data:PIECE_T_STATES</name>
         <load_address>0x20000980</load_address>
         <run_address>0x20000980</run_address>
         <size>0x20</size>
         <input_file_ref idref="fl-9"/>
      </object_component>
      <object_component id="oc-154">
         <name>.data:PIECE_S_STATES</name>
         <load_address>0x200009b0</load_address>
         <run_address>0x200009b0</run_address>
         <size>0x10</size>
         <input_file_ref idref="fl-9"/>
      </object_component>
      <object_component id="oc-157">
         <name>.data:PIECE_Z_STATES</name>
         <load_address>0x200009c0</load_address>
         <run_address>0x200009c0</run_address>
         <size>0x10</size>
         <input_file_ref idref="fl-9"/>
      </object_component>
      <object_component id="oc-15a">
         <name>.data:PIECE_L_STATES</name>
         <load_address>0x20000960</load_address>
         <run_address>0x20000960</run_address>
         <size>0x20</size>
         <input_file_ref idref="fl-9"/>
      </object_component>
      <object_component id="oc-15d">
         <name>.data:PIECE_J_STATES</name>
         <load_address>0x20000940</load_address>
         <run_address>0x20000940</run_address>
         <size>0x20</size>
         <input_file_ref idref="fl-9"/>
      </object_component>
      <object_component id="oc-13d">
         <name>.bss</name>
         <uninitialized>true</uninitialized>
         <run_address>0x2000091c</run_address>
         <size>0x20</size>
         <input_file_ref idref="fl-3"/>
      </object_component>
      <object_component id="oc-ca">
         <name>.bss:tetris$1</name>
         <uninitialized>true</uninitialized>
         <run_address>0x20000800</run_address>
         <size>0x11c</size>
         <input_file_ref idref="fl-5"/>
      </object_component>
      <object_component id="oc-137">
         <name>.common:display_address_union</name>
         <uninitialized>true</uninitialized>
         <run_address>0x2000093c</run_address>
         <size>0x1</size>
      </object_component>
      <object_component id="oc-13c">
         <name>.common:display_data_union</name>
         <uninitialized>true</uninitialized>
         <run_address>0x2000093d</run_address>
         <size>0x1</size>
      </object_component>
      <object_component id="oc-13e">
         <name>.common:display</name>
         <uninitialized>true</uninitialized>
         <run_address>0x20000000</run_address>
         <size>0x800</size>
      </object_component>
      <object_component id="oc-29">
         <name>.stack</name>
         <uninitialized>true</uninitialized>
         <run_address>0x2000fe00</run_address>
         <size>0x4</size>
         <input_file_ref idref="fl-c8"/>
      </object_component>
      <object_component id="oc-234">
         <name>.stack</name>
         <uninitialized>true</uninitialized>
         <run_address>0x2000fe00</run_address>
         <size>0x0</size>
      </object_component>
      <object_component id="oc-179">
         <name>.debug_info</name>
         <load_address>0x0</load_address>
         <run_address>0x0</run_address>
         <size>0x535</size>
         <input_file_ref idref="fl-1"/>
      </object_component>
      <object_component id="oc-168">
         <name>.debug_info</name>
         <load_address>0x535</load_address>
         <run_address>0x535</run_address>
         <size>0xd3</size>
         <input_file_ref idref="fl-1"/>
      </object_component>
      <object_component id="oc-c5">
         <name>.debug_info</name>
         <load_address>0x608</load_address>
         <run_address>0x608</run_address>
         <size>0x1f8</size>
         <input_file_ref idref="fl-1"/>
      </object_component>
      <object_component id="oc-16f">
         <name>.debug_info</name>
         <load_address>0x800</load_address>
         <run_address>0x800</run_address>
         <size>0xc7</size>
         <input_file_ref idref="fl-1"/>
      </object_component>
      <object_component id="oc-d9">
         <name>.debug_info</name>
         <load_address>0x8c7</load_address>
         <run_address>0x8c7</run_address>
         <size>0x26b</size>
         <input_file_ref idref="fl-1"/>
      </object_component>
      <object_component id="oc-1a3">
         <name>.debug_info</name>
         <load_address>0xb32</load_address>
         <run_address>0xb32</run_address>
         <size>0x1055</size>
         <input_file_ref idref="fl-1"/>
      </object_component>
      <object_component id="oc-19e">
         <name>.debug_info</name>
         <load_address>0x1b87</load_address>
         <run_address>0x1b87</run_address>
         <size>0x37e2</size>
         <input_file_ref idref="fl-1"/>
      </object_component>
      <object_component id="oc-32">
         <name>.debug_info</name>
         <load_address>0x5369</load_address>
         <run_address>0x5369</run_address>
         <size>0x84</size>
         <input_file_ref idref="fl-1"/>
      </object_component>
      <object_component id="oc-174">
         <name>.debug_info</name>
         <load_address>0x53ed</load_address>
         <run_address>0x53ed</run_address>
         <size>0x2a4</size>
         <input_file_ref idref="fl-1"/>
      </object_component>
      <object_component id="oc-130">
         <name>.debug_info</name>
         <load_address>0x5691</load_address>
         <run_address>0x5691</run_address>
         <size>0xbb</size>
         <input_file_ref idref="fl-1"/>
      </object_component>
      <object_component id="oc-162">
         <name>.debug_info</name>
         <load_address>0x574c</load_address>
         <run_address>0x574c</run_address>
         <size>0x2c</size>
         <input_file_ref idref="fl-1"/>
      </object_component>
      <object_component id="oc-138">
         <name>.debug_info</name>
         <load_address>0x5778</load_address>
         <run_address>0x5778</run_address>
         <size>0x650</size>
         <input_file_ref idref="fl-3"/>
      </object_component>
      <object_component id="oc-b9">
         <name>.debug_info</name>
         <load_address>0x5dc8</load_address>
         <run_address>0x5dc8</run_address>
         <size>0x495</size>
         <input_file_ref idref="fl-3"/>
      </object_component>
      <object_component id="oc-d2">
         <name>.debug_info</name>
         <load_address>0x625d</load_address>
         <run_address>0x625d</run_address>
         <size>0x2a3</size>
         <input_file_ref idref="fl-3"/>
      </object_component>
      <object_component id="oc-1a8">
         <name>.debug_info</name>
         <load_address>0x6500</load_address>
         <run_address>0x6500</run_address>
         <size>0x1e0</size>
         <input_file_ref idref="fl-3"/>
      </object_component>
      <object_component id="oc-ad">
         <name>.debug_info</name>
         <load_address>0x66e0</load_address>
         <run_address>0x66e0</run_address>
         <size>0x217</size>
         <input_file_ref idref="fl-4"/>
      </object_component>
      <object_component id="oc-13a">
         <name>.debug_info</name>
         <load_address>0x68f7</load_address>
         <run_address>0x68f7</run_address>
         <size>0x94f</size>
         <input_file_ref idref="fl-5"/>
      </object_component>
      <object_component id="oc-cf">
         <name>.debug_info</name>
         <load_address>0x7246</load_address>
         <run_address>0x7246</run_address>
         <size>0xcf</size>
         <input_file_ref idref="fl-5"/>
      </object_component>
      <object_component id="oc-cc">
         <name>.debug_info</name>
         <load_address>0x7315</load_address>
         <run_address>0x7315</run_address>
         <size>0xf1</size>
         <input_file_ref idref="fl-5"/>
      </object_component>
      <object_component id="oc-6e">
         <name>.debug_info</name>
         <load_address>0x7406</load_address>
         <run_address>0x7406</run_address>
         <size>0x3b8</size>
         <input_file_ref idref="fl-5"/>
      </object_component>
      <object_component id="oc-1b0">
         <name>.debug_info</name>
         <load_address>0x77be</load_address>
         <run_address>0x77be</run_address>
         <size>0xd5</size>
         <input_file_ref idref="fl-6"/>
      </object_component>
      <object_component id="oc-141">
         <name>.debug_info</name>
         <load_address>0x7893</load_address>
         <run_address>0x7893</run_address>
         <size>0x160</size>
         <input_file_ref idref="fl-6"/>
      </object_component>
      <object_component id="oc-75">
         <name>.debug_info</name>
         <load_address>0x79f3</load_address>
         <run_address>0x79f3</run_address>
         <size>0x2d1</size>
         <input_file_ref idref="fl-7"/>
      </object_component>
      <object_component id="oc-27">
         <name>.debug_info</name>
         <load_address>0x7cc4</load_address>
         <run_address>0x7cc4</run_address>
         <size>0xfd</size>
         <input_file_ref idref="fl-7"/>
      </object_component>
      <object_component id="oc-68">
         <name>.debug_info</name>
         <load_address>0x7dc1</load_address>
         <run_address>0x7dc1</run_address>
         <size>0x1c4</size>
         <input_file_ref idref="fl-7"/>
      </object_component>
      <object_component id="oc-12d">
         <name>.debug_info</name>
         <load_address>0x7f85</load_address>
         <run_address>0x7f85</run_address>
         <size>0xf6</size>
         <input_file_ref idref="fl-8"/>
      </object_component>
      <object_component id="oc-a6">
         <name>.debug_info</name>
         <load_address>0x807b</load_address>
         <run_address>0x807b</run_address>
         <size>0x268</size>
         <input_file_ref idref="fl-8"/>
      </object_component>
      <object_component id="oc-161">
         <name>.debug_info</name>
         <load_address>0x82e3</load_address>
         <run_address>0x82e3</run_address>
         <size>0x5e4</size>
         <input_file_ref idref="fl-9"/>
      </object_component>
      <object_component id="oc-14c">
         <name>.debug_info</name>
         <load_address>0x88c7</load_address>
         <run_address>0x88c7</run_address>
         <size>0xe7</size>
         <input_file_ref idref="fl-9"/>
      </object_component>
      <object_component id="oc-14f">
         <name>.debug_info</name>
         <load_address>0x89ae</load_address>
         <run_address>0x89ae</run_address>
         <size>0xe5</size>
         <input_file_ref idref="fl-9"/>
      </object_component>
      <object_component id="oc-152">
         <name>.debug_info</name>
         <load_address>0x8a93</load_address>
         <run_address>0x8a93</run_address>
         <size>0xe7</size>
         <input_file_ref idref="fl-9"/>
      </object_component>
      <object_component id="oc-155">
         <name>.debug_info</name>
         <load_address>0x8b7a</load_address>
         <run_address>0x8b7a</run_address>
         <size>0xe7</size>
         <input_file_ref idref="fl-9"/>
      </object_component>
      <object_component id="oc-158">
         <name>.debug_info</name>
         <load_address>0x8c61</load_address>
         <run_address>0x8c61</run_address>
         <size>0xe7</size>
         <input_file_ref idref="fl-9"/>
      </object_component>
      <object_component id="oc-15b">
         <name>.debug_info</name>
         <load_address>0x8d48</load_address>
         <run_address>0x8d48</run_address>
         <size>0xe7</size>
         <input_file_ref idref="fl-9"/>
      </object_component>
      <object_component id="oc-15e">
         <name>.debug_info</name>
         <load_address>0x8e2f</load_address>
         <run_address>0x8e2f</run_address>
         <size>0xe7</size>
         <input_file_ref idref="fl-9"/>
      </object_component>
      <object_component id="oc-bf">
         <name>.debug_info</name>
         <load_address>0x8f16</load_address>
         <run_address>0x8f16</run_address>
         <size>0xf02</size>
         <input_file_ref idref="fl-9"/>
      </object_component>
      <object_component id="oc-b3">
         <name>.debug_info</name>
         <load_address>0x9e18</load_address>
         <run_address>0x9e18</run_address>
         <size>0x1da</size>
         <input_file_ref idref="fl-a"/>
      </object_component>
      <object_component id="oc-148">
         <name>.debug_info</name>
         <load_address>0x9ff2</load_address>
         <run_address>0x9ff2</run_address>
         <size>0x140</size>
         <input_file_ref idref="fl-c4"/>
      </object_component>
      <object_component id="oc-8c">
         <name>.debug_info</name>
         <load_address>0xa132</load_address>
         <run_address>0xa132</run_address>
         <size>0x2d4</size>
         <input_file_ref idref="fl-c5"/>
      </object_component>
      <object_component id="oc-4b">
         <name>.debug_info</name>
         <load_address>0xa406</load_address>
         <run_address>0xa406</run_address>
         <size>0x1b5</size>
         <input_file_ref idref="fl-c5"/>
      </object_component>
      <object_component id="oc-87">
         <name>.debug_info</name>
         <load_address>0xa5bb</load_address>
         <run_address>0xa5bb</run_address>
         <size>0x46</size>
         <input_file_ref idref="fl-c5"/>
      </object_component>
      <object_component id="oc-e5">
         <name>.debug_info</name>
         <load_address>0xa601</load_address>
         <run_address>0xa601</run_address>
         <size>0x2c</size>
         <input_file_ref idref="fl-c5"/>
      </object_component>
      <object_component id="oc-42">
         <name>.debug_info</name>
         <load_address>0xa62d</load_address>
         <run_address>0xa62d</run_address>
         <size>0x2a8</size>
         <input_file_ref idref="fl-c6"/>
      </object_component>
      <object_component id="oc-1e">
         <name>.debug_info</name>
         <load_address>0xa8d5</load_address>
         <run_address>0xa8d5</run_address>
         <size>0x1ea</size>
         <input_file_ref idref="fl-c6"/>
      </object_component>
      <object_component id="oc-3d">
         <name>.debug_info</name>
         <load_address>0xaabf</load_address>
         <run_address>0xaabf</run_address>
         <size>0x46</size>
         <input_file_ref idref="fl-c6"/>
      </object_component>
      <object_component id="oc-7f">
         <name>.debug_info</name>
         <load_address>0xab05</load_address>
         <run_address>0xab05</run_address>
         <size>0x2c</size>
         <input_file_ref idref="fl-c6"/>
      </object_component>
      <object_component id="oc-7d">
         <name>.debug_info</name>
         <load_address>0xab31</load_address>
         <run_address>0xab31</run_address>
         <size>0x29e</size>
         <input_file_ref idref="fl-c7"/>
      </object_component>
      <object_component id="oc-18">
         <name>.debug_info</name>
         <load_address>0xadcf</load_address>
         <run_address>0xadcf</run_address>
         <size>0x250</size>
         <input_file_ref idref="fl-c7"/>
      </object_component>
      <object_component id="oc-2d">
         <name>.debug_info</name>
         <load_address>0xb01f</load_address>
         <run_address>0xb01f</run_address>
         <size>0x60</size>
         <input_file_ref idref="fl-c7"/>
      </object_component>
      <object_component id="oc-de">
         <name>.debug_info</name>
         <load_address>0xb07f</load_address>
         <run_address>0xb07f</run_address>
         <size>0x46</size>
         <input_file_ref idref="fl-c7"/>
      </object_component>
      <object_component id="oc-78">
         <name>.debug_info</name>
         <load_address>0xb0c5</load_address>
         <run_address>0xb0c5</run_address>
         <size>0x39</size>
         <input_file_ref idref="fl-c7"/>
      </object_component>
      <object_component id="oc-2a">
         <name>.debug_info</name>
         <load_address>0xb0fe</load_address>
         <run_address>0xb0fe</run_address>
         <size>0x10b</size>
         <input_file_ref idref="fl-c8"/>
      </object_component>
      <object_component id="oc-56">
         <name>.debug_info</name>
         <load_address>0xb209</load_address>
         <run_address>0xb209</run_address>
         <size>0x1a9</size>
         <input_file_ref idref="fl-c8"/>
      </object_component>
      <object_component id="oc-1b4">
         <name>.debug_info</name>
         <load_address>0xb3b2</load_address>
         <run_address>0xb3b2</run_address>
         <size>0x115</size>
         <input_file_ref idref="fl-c9"/>
      </object_component>
      <object_component id="oc-8e">
         <name>.debug_info</name>
         <load_address>0xb4c7</load_address>
         <run_address>0xb4c7</run_address>
         <size>0x147</size>
         <input_file_ref idref="fl-ca"/>
      </object_component>
      <object_component id="oc-38">
         <name>.debug_info</name>
         <load_address>0xb60e</load_address>
         <run_address>0xb60e</run_address>
         <size>0x119</size>
         <input_file_ref idref="fl-cb"/>
      </object_component>
      <object_component id="oc-185">
         <name>.debug_info</name>
         <load_address>0xb727</load_address>
         <run_address>0xb727</run_address>
         <size>0x4b3</size>
         <input_file_ref idref="fl-cc"/>
      </object_component>
      <object_component id="oc-fb">
         <name>.debug_info</name>
         <load_address>0xbbda</load_address>
         <run_address>0xbbda</run_address>
         <size>0x1a6</size>
         <input_file_ref idref="fl-cc"/>
      </object_component>
      <object_component id="oc-1dd">
         <name>.debug_info</name>
         <load_address>0xbd80</load_address>
         <run_address>0xbd80</run_address>
         <size>0x39</size>
         <input_file_ref idref="fl-cc"/>
      </object_component>
      <object_component id="oc-1f4">
         <name>.debug_info</name>
         <load_address>0xbdb9</load_address>
         <run_address>0xbdb9</run_address>
         <size>0x39</size>
         <input_file_ref idref="fl-cc"/>
      </object_component>
      <object_component id="oc-1e2">
         <name>.debug_info</name>
         <load_address>0xbdf2</load_address>
         <run_address>0xbdf2</run_address>
         <size>0x39</size>
         <input_file_ref idref="fl-cc"/>
      </object_component>
      <object_component id="oc-1e7">
         <name>.debug_info</name>
         <load_address>0xbe2b</load_address>
         <run_address>0xbe2b</run_address>
         <size>0xcd</size>
         <input_file_ref idref="fl-cc"/>
      </object_component>
      <object_component id="oc-94">
         <name>.debug_info</name>
         <load_address>0xbef8</load_address>
         <run_address>0xbef8</run_address>
         <size>0x153</size>
         <input_file_ref idref="fl-cd"/>
      </object_component>
      <object_component id="oc-ef">
         <name>.debug_info</name>
         <load_address>0xc04b</load_address>
         <run_address>0xc04b</run_address>
         <size>0x122</size>
         <input_file_ref idref="fl-cf"/>
      </object_component>
      <object_component id="oc-235">
         <name>.debug_info</name>
         <load_address>0xc16d</load_address>
         <run_address>0xc16d</run_address>
         <size>0xa9</size>
      </object_component>
      <object_component id="oc-1cc">
         <name>.debug_line</name>
         <load_address>0x0</load_address>
         <run_address>0x0</run_address>
         <size>0x20</size>
         <input_file_ref idref="fl-1"/>
      </object_component>
      <object_component id="oc-1ca">
         <name>.debug_line</name>
         <load_address>0x20</load_address>
         <run_address>0x20</run_address>
         <size>0x31</size>
         <input_file_ref idref="fl-1"/>
      </object_component>
      <object_component id="oc-c8">
         <name>.debug_line</name>
         <load_address>0x51</load_address>
         <run_address>0x51</run_address>
         <size>0x78</size>
         <input_file_ref idref="fl-1"/>
      </object_component>
      <object_component id="oc-172">
         <name>.debug_line</name>
         <load_address>0xc9</load_address>
         <run_address>0xc9</run_address>
         <size>0x31</size>
         <input_file_ref idref="fl-1"/>
      </object_component>
      <object_component id="oc-dc">
         <name>.debug_line</name>
         <load_address>0xfa</load_address>
         <run_address>0xfa</run_address>
         <size>0x6f</size>
         <input_file_ref idref="fl-1"/>
      </object_component>
      <object_component id="oc-1a6">
         <name>.debug_line</name>
         <load_address>0x169</load_address>
         <run_address>0x169</run_address>
         <size>0x5b</size>
         <input_file_ref idref="fl-1"/>
      </object_component>
      <object_component id="oc-1a1">
         <name>.debug_line</name>
         <load_address>0x1c4</load_address>
         <run_address>0x1c4</run_address>
         <size>0x58</size>
         <input_file_ref idref="fl-1"/>
      </object_component>
      <object_component id="oc-35">
         <name>.debug_line</name>
         <load_address>0x21c</load_address>
         <run_address>0x21c</run_address>
         <size>0x20</size>
         <input_file_ref idref="fl-1"/>
      </object_component>
      <object_component id="oc-177">
         <name>.debug_line</name>
         <load_address>0x23c</load_address>
         <run_address>0x23c</run_address>
         <size>0x73</size>
         <input_file_ref idref="fl-1"/>
      </object_component>
      <object_component id="oc-133">
         <name>.debug_line</name>
         <load_address>0x2af</load_address>
         <run_address>0x2af</run_address>
         <size>0x70</size>
         <input_file_ref idref="fl-1"/>
      </object_component>
      <object_component id="oc-165">
         <name>.debug_line</name>
         <load_address>0x31f</load_address>
         <run_address>0x31f</run_address>
         <size>0x2e</size>
         <input_file_ref idref="fl-1"/>
      </object_component>
      <object_component id="oc-19d">
         <name>.debug_line</name>
         <load_address>0x34d</load_address>
         <run_address>0x34d</run_address>
         <size>0x3f</size>
         <input_file_ref idref="fl-3"/>
      </object_component>
      <object_component id="oc-bc">
         <name>.debug_line</name>
         <load_address>0x38c</load_address>
         <run_address>0x38c</run_address>
         <size>0x1d0</size>
         <input_file_ref idref="fl-3"/>
      </object_component>
      <object_component id="oc-d5">
         <name>.debug_line</name>
         <load_address>0x55c</load_address>
         <run_address>0x55c</run_address>
         <size>0x2f</size>
         <input_file_ref idref="fl-3"/>
      </object_component>
      <object_component id="oc-1ab">
         <name>.debug_line</name>
         <load_address>0x58b</load_address>
         <run_address>0x58b</run_address>
         <size>0x30</size>
         <input_file_ref idref="fl-3"/>
      </object_component>
      <object_component id="oc-b0">
         <name>.debug_line</name>
         <load_address>0x5bb</load_address>
         <run_address>0x5bb</run_address>
         <size>0x8d</size>
         <input_file_ref idref="fl-4"/>
      </object_component>
      <object_component id="oc-1ae">
         <name>.debug_line</name>
         <load_address>0x648</load_address>
         <run_address>0x648</run_address>
         <size>0x6b</size>
         <input_file_ref idref="fl-5"/>
      </object_component>
      <object_component id="oc-16e">
         <name>.debug_line</name>
         <load_address>0x6b3</load_address>
         <run_address>0x6b3</run_address>
         <size>0x31</size>
         <input_file_ref idref="fl-5"/>
      </object_component>
      <object_component id="oc-16c">
         <name>.debug_line</name>
         <load_address>0x6e4</load_address>
         <run_address>0x6e4</run_address>
         <size>0x2d</size>
         <input_file_ref idref="fl-5"/>
      </object_component>
      <object_component id="oc-71">
         <name>.debug_line</name>
         <load_address>0x711</load_address>
         <run_address>0x711</run_address>
         <size>0xc2</size>
         <input_file_ref idref="fl-5"/>
      </object_component>
      <object_component id="oc-1ef">
         <name>.debug_line</name>
         <load_address>0x7d3</load_address>
         <run_address>0x7d3</run_address>
         <size>0x2d</size>
         <input_file_ref idref="fl-6"/>
      </object_component>
      <object_component id="oc-144">
         <name>.debug_line</name>
         <load_address>0x800</load_address>
         <run_address>0x800</run_address>
         <size>0x5b</size>
         <input_file_ref idref="fl-6"/>
      </object_component>
      <object_component id="oc-d8">
         <name>.debug_line</name>
         <load_address>0x85b</load_address>
         <run_address>0x85b</run_address>
         <size>0x40</size>
         <input_file_ref idref="fl-7"/>
      </object_component>
      <object_component id="oc-74">
         <name>.debug_line</name>
         <load_address>0x89b</load_address>
         <run_address>0x89b</run_address>
         <size>0x40</size>
         <input_file_ref idref="fl-7"/>
      </object_component>
      <object_component id="oc-6b">
         <name>.debug_line</name>
         <load_address>0x8db</load_address>
         <run_address>0x8db</run_address>
         <size>0x71</size>
         <input_file_ref idref="fl-7"/>
      </object_component>
      <object_component id="oc-19b">
         <name>.debug_line</name>
         <load_address>0x94c</load_address>
         <run_address>0x94c</run_address>
         <size>0x3b</size>
         <input_file_ref idref="fl-8"/>
      </object_component>
      <object_component id="oc-a9">
         <name>.debug_line</name>
         <load_address>0x987</load_address>
         <run_address>0x987</run_address>
         <size>0x134</size>
         <input_file_ref idref="fl-8"/>
      </object_component>
      <object_component id="oc-1c8">
         <name>.debug_line</name>
         <load_address>0xabb</load_address>
         <run_address>0xabb</run_address>
         <size>0x2d</size>
         <input_file_ref idref="fl-9"/>
      </object_component>
      <object_component id="oc-1ba">
         <name>.debug_line</name>
         <load_address>0xae8</load_address>
         <run_address>0xae8</run_address>
         <size>0x2f</size>
         <input_file_ref idref="fl-9"/>
      </object_component>
      <object_component id="oc-1bc">
         <name>.debug_line</name>
         <load_address>0xb17</load_address>
         <run_address>0xb17</run_address>
         <size>0x2f</size>
         <input_file_ref idref="fl-9"/>
      </object_component>
      <object_component id="oc-1be">
         <name>.debug_line</name>
         <load_address>0xb46</load_address>
         <run_address>0xb46</run_address>
         <size>0x2f</size>
         <input_file_ref idref="fl-9"/>
      </object_component>
      <object_component id="oc-1c0">
         <name>.debug_line</name>
         <load_address>0xb75</load_address>
         <run_address>0xb75</run_address>
         <size>0x2f</size>
         <input_file_ref idref="fl-9"/>
      </object_component>
      <object_component id="oc-1c2">
         <name>.debug_line</name>
         <load_address>0xba4</load_address>
         <run_address>0xba4</run_address>
         <size>0x2f</size>
         <input_file_ref idref="fl-9"/>
      </object_component>
      <object_component id="oc-1c4">
         <name>.debug_line</name>
         <load_address>0xbd3</load_address>
         <run_address>0xbd3</run_address>
         <size>0x2f</size>
         <input_file_ref idref="fl-9"/>
      </object_component>
      <object_component id="oc-1c6">
         <name>.debug_line</name>
         <load_address>0xc02</load_address>
         <run_address>0xc02</run_address>
         <size>0x2f</size>
         <input_file_ref idref="fl-9"/>
      </object_component>
      <object_component id="oc-c2">
         <name>.debug_line</name>
         <load_address>0xc31</load_address>
         <run_address>0xc31</run_address>
         <size>0x3e3</size>
         <input_file_ref idref="fl-9"/>
      </object_component>
      <object_component id="oc-b6">
         <name>.debug_line</name>
         <load_address>0x1014</load_address>
         <run_address>0x1014</run_address>
         <size>0x78</size>
         <input_file_ref idref="fl-a"/>
      </object_component>
      <object_component id="oc-14a">
         <name>.debug_line</name>
         <load_address>0x108c</load_address>
         <run_address>0x108c</run_address>
         <size>0x6a</size>
         <input_file_ref idref="fl-c4"/>
      </object_component>
      <object_component id="oc-eb">
         <name>.debug_line</name>
         <load_address>0x10f6</load_address>
         <run_address>0x10f6</run_address>
         <size>0x92</size>
         <input_file_ref idref="fl-c5"/>
      </object_component>
      <object_component id="oc-4e">
         <name>.debug_line</name>
         <load_address>0x1188</load_address>
         <run_address>0x1188</run_address>
         <size>0x53</size>
         <input_file_ref idref="fl-c5"/>
      </object_component>
      <object_component id="oc-8a">
         <name>.debug_line</name>
         <load_address>0x11db</load_address>
         <run_address>0x11db</run_address>
         <size>0x34</size>
         <input_file_ref idref="fl-c5"/>
      </object_component>
      <object_component id="oc-e8">
         <name>.debug_line</name>
         <load_address>0x120f</load_address>
         <run_address>0x120f</run_address>
         <size>0x92</size>
         <input_file_ref idref="fl-c5"/>
      </object_component>
      <object_component id="oc-85">
         <name>.debug_line</name>
         <load_address>0x12a1</load_address>
         <run_address>0x12a1</run_address>
         <size>0x20</size>
         <input_file_ref idref="fl-c6"/>
      </object_component>
      <object_component id="oc-21">
         <name>.debug_line</name>
         <load_address>0x12c1</load_address>
         <run_address>0x12c1</run_address>
         <size>0x55</size>
         <input_file_ref idref="fl-c6"/>
      </object_component>
      <object_component id="oc-40">
         <name>.debug_line</name>
         <load_address>0x1316</load_address>
         <run_address>0x1316</run_address>
         <size>0x3a</size>
         <input_file_ref idref="fl-c6"/>
      </object_component>
      <object_component id="oc-82">
         <name>.debug_line</name>
         <load_address>0x1350</load_address>
         <run_address>0x1350</run_address>
         <size>0x92</size>
         <input_file_ref idref="fl-c6"/>
      </object_component>
      <object_component id="oc-e4">
         <name>.debug_line</name>
         <load_address>0x13e2</load_address>
         <run_address>0x13e2</run_address>
         <size>0x20</size>
         <input_file_ref idref="fl-c7"/>
      </object_component>
      <object_component id="oc-1b">
         <name>.debug_line</name>
         <load_address>0x1402</load_address>
         <run_address>0x1402</run_address>
         <size>0xa9</size>
         <input_file_ref idref="fl-c7"/>
      </object_component>
      <object_component id="oc-30">
         <name>.debug_line</name>
         <load_address>0x14ab</load_address>
         <run_address>0x14ab</run_address>
         <size>0x3a</size>
         <input_file_ref idref="fl-c7"/>
      </object_component>
      <object_component id="oc-e1">
         <name>.debug_line</name>
         <load_address>0x14e5</load_address>
         <run_address>0x14e5</run_address>
         <size>0x9a</size>
         <input_file_ref idref="fl-c7"/>
      </object_component>
      <object_component id="oc-7b">
         <name>.debug_line</name>
         <load_address>0x157f</load_address>
         <run_address>0x157f</run_address>
         <size>0x96</size>
         <input_file_ref idref="fl-c7"/>
      </object_component>
      <object_component id="oc-77">
         <name>.debug_line</name>
         <load_address>0x1615</load_address>
         <run_address>0x1615</run_address>
         <size>0x33</size>
         <input_file_ref idref="fl-c8"/>
      </object_component>
      <object_component id="oc-59">
         <name>.debug_line</name>
         <load_address>0x1648</load_address>
         <run_address>0x1648</run_address>
         <size>0x45</size>
         <input_file_ref idref="fl-c8"/>
      </object_component>
      <object_component id="oc-1b7">
         <name>.debug_line</name>
         <load_address>0x168d</load_address>
         <run_address>0x168d</run_address>
         <size>0x37</size>
         <input_file_ref idref="fl-c9"/>
      </object_component>
      <object_component id="oc-91">
         <name>.debug_line</name>
         <load_address>0x16c4</load_address>
         <run_address>0x16c4</run_address>
         <size>0x79</size>
         <input_file_ref idref="fl-ca"/>
      </object_component>
      <object_component id="oc-3b">
         <name>.debug_line</name>
         <load_address>0x173d</load_address>
         <run_address>0x173d</run_address>
         <size>0x88</size>
         <input_file_ref idref="fl-cb"/>
      </object_component>
      <object_component id="oc-1dc">
         <name>.debug_line</name>
         <load_address>0x17c5</load_address>
         <run_address>0x17c5</run_address>
         <size>0xbf</size>
         <input_file_ref idref="fl-cc"/>
      </object_component>
      <object_component id="oc-fe">
         <name>.debug_line</name>
         <load_address>0x1884</load_address>
         <run_address>0x1884</run_address>
         <size>0x6f</size>
         <input_file_ref idref="fl-cc"/>
      </object_component>
      <object_component id="oc-1e0">
         <name>.debug_line</name>
         <load_address>0x18f3</load_address>
         <run_address>0x18f3</run_address>
         <size>0x2e</size>
         <input_file_ref idref="fl-cc"/>
      </object_component>
      <object_component id="oc-1f7">
         <name>.debug_line</name>
         <load_address>0x1921</load_address>
         <run_address>0x1921</run_address>
         <size>0x9a</size>
         <input_file_ref idref="fl-cc"/>
      </object_component>
      <object_component id="oc-1e5">
         <name>.debug_line</name>
         <load_address>0x19bb</load_address>
         <run_address>0x19bb</run_address>
         <size>0x97</size>
         <input_file_ref idref="fl-cc"/>
      </object_component>
      <object_component id="oc-1ea">
         <name>.debug_line</name>
         <load_address>0x1a52</load_address>
         <run_address>0x1a52</run_address>
         <size>0x93</size>
         <input_file_ref idref="fl-cc"/>
      </object_component>
      <object_component id="oc-97">
         <name>.debug_line</name>
         <load_address>0x1ae5</load_address>
         <run_address>0x1ae5</run_address>
         <size>0x40</size>
         <input_file_ref idref="fl-cd"/>
      </object_component>
      <object_component id="oc-f2">
         <name>.debug_line</name>
         <load_address>0x1b25</load_address>
         <run_address>0x1b25</run_address>
         <size>0x3c</size>
         <input_file_ref idref="fl-cf"/>
      </object_component>
      <object_component id="oc-c9">
         <name>.debug_frame</name>
         <load_address>0x0</load_address>
         <run_address>0x0</run_address>
         <size>0x70</size>
         <input_file_ref idref="fl-1"/>
      </object_component>
      <object_component id="oc-bd">
         <name>.debug_frame</name>
         <load_address>0x70</load_address>
         <run_address>0x70</run_address>
         <size>0xe4</size>
         <input_file_ref idref="fl-3"/>
      </object_component>
      <object_component id="oc-b1">
         <name>.debug_frame</name>
         <load_address>0x154</load_address>
         <run_address>0x154</run_address>
         <size>0x90</size>
         <input_file_ref idref="fl-4"/>
      </object_component>
      <object_component id="oc-72">
         <name>.debug_frame</name>
         <load_address>0x1e4</load_address>
         <run_address>0x1e4</run_address>
         <size>0x70</size>
         <input_file_ref idref="fl-5"/>
      </object_component>
      <object_component id="oc-145">
         <name>.debug_frame</name>
         <load_address>0x254</load_address>
         <run_address>0x254</run_address>
         <size>0x6c</size>
         <input_file_ref idref="fl-6"/>
      </object_component>
      <object_component id="oc-6c">
         <name>.debug_frame</name>
         <load_address>0x2c0</load_address>
         <run_address>0x2c0</run_address>
         <size>0x6c</size>
         <input_file_ref idref="fl-7"/>
      </object_component>
      <object_component id="oc-aa">
         <name>.debug_frame</name>
         <load_address>0x32c</load_address>
         <run_address>0x32c</run_address>
         <size>0x70</size>
         <input_file_ref idref="fl-8"/>
      </object_component>
      <object_component id="oc-c3">
         <name>.debug_frame</name>
         <load_address>0x39c</load_address>
         <run_address>0x39c</run_address>
         <size>0x208</size>
         <input_file_ref idref="fl-9"/>
      </object_component>
      <object_component id="oc-b7">
         <name>.debug_frame</name>
         <load_address>0x5a4</load_address>
         <run_address>0x5a4</run_address>
         <size>0x80</size>
         <input_file_ref idref="fl-a"/>
      </object_component>
      <object_component id="oc-4a">
         <name>.debug_frame</name>
         <load_address>0x624</load_address>
         <run_address>0x624</run_address>
         <size>0x54</size>
         <input_file_ref idref="fl-c5"/>
      </object_component>
      <object_component id="oc-22">
         <name>.debug_frame</name>
         <load_address>0x678</load_address>
         <run_address>0x678</run_address>
         <size>0x54</size>
         <input_file_ref idref="fl-c6"/>
      </object_component>
      <object_component id="oc-1c">
         <name>.debug_frame</name>
         <load_address>0x6cc</load_address>
         <run_address>0x6cc</run_address>
         <size>0x60</size>
         <input_file_ref idref="fl-c7"/>
      </object_component>
      <object_component id="oc-5a">
         <name>.debug_frame</name>
         <load_address>0x72c</load_address>
         <run_address>0x72c</run_address>
         <size>0x50</size>
         <input_file_ref idref="fl-c8"/>
      </object_component>
      <object_component id="oc-ff">
         <name>.debug_frame</name>
         <load_address>0x77c</load_address>
         <run_address>0x77c</run_address>
         <size>0x5c</size>
         <input_file_ref idref="fl-cc"/>
      </object_component>
      <object_component id="oc-98">
         <name>.debug_frame</name>
         <load_address>0x7d8</load_address>
         <run_address>0x7d8</run_address>
         <size>0x54</size>
         <input_file_ref idref="fl-cd"/>
      </object_component>
      <object_component id="oc-f3">
         <name>.debug_frame</name>
         <load_address>0x82c</load_address>
         <run_address>0x82c</run_address>
         <size>0x54</size>
         <input_file_ref idref="fl-cf"/>
      </object_component>
      <object_component id="oc-1cb">
         <name>.debug_abbrev</name>
         <load_address>0x0</load_address>
         <run_address>0x0</run_address>
         <size>0x71</size>
         <input_file_ref idref="fl-1"/>
      </object_component>
      <object_component id="oc-1c9">
         <name>.debug_abbrev</name>
         <load_address>0x71</load_address>
         <run_address>0x71</run_address>
         <size>0x27</size>
         <input_file_ref idref="fl-1"/>
      </object_component>
      <object_component id="oc-16a">
         <name>.debug_abbrev</name>
         <load_address>0x98</load_address>
         <run_address>0x98</run_address>
         <size>0x7a</size>
         <input_file_ref idref="fl-1"/>
      </object_component>
      <object_component id="oc-171">
         <name>.debug_abbrev</name>
         <load_address>0x112</load_address>
         <run_address>0x112</run_address>
         <size>0x7f</size>
         <input_file_ref idref="fl-1"/>
      </object_component>
      <object_component id="oc-db">
         <name>.debug_abbrev</name>
         <load_address>0x191</load_address>
         <run_address>0x191</run_address>
         <size>0x69</size>
         <input_file_ref idref="fl-1"/>
      </object_component>
      <object_component id="oc-1a5">
         <name>.debug_abbrev</name>
         <load_address>0x1fa</load_address>
         <run_address>0x1fa</run_address>
         <size>0x97</size>
         <input_file_ref idref="fl-1"/>
      </object_component>
      <object_component id="oc-1a0">
         <name>.debug_abbrev</name>
         <load_address>0x291</load_address>
         <run_address>0x291</run_address>
         <size>0xbd</size>
         <input_file_ref idref="fl-1"/>
      </object_component>
      <object_component id="oc-34">
         <name>.debug_abbrev</name>
         <load_address>0x34e</load_address>
         <run_address>0x34e</run_address>
         <size>0x1f</size>
         <input_file_ref idref="fl-1"/>
      </object_component>
      <object_component id="oc-176">
         <name>.debug_abbrev</name>
         <load_address>0x36d</load_address>
         <run_address>0x36d</run_address>
         <size>0x5c</size>
         <input_file_ref idref="fl-1"/>
      </object_component>
      <object_component id="oc-132">
         <name>.debug_abbrev</name>
         <load_address>0x3c9</load_address>
         <run_address>0x3c9</run_address>
         <size>0x24</size>
         <input_file_ref idref="fl-1"/>
      </object_component>
      <object_component id="oc-164">
         <name>.debug_abbrev</name>
         <load_address>0x3ed</load_address>
         <run_address>0x3ed</run_address>
         <size>0x24</size>
         <input_file_ref idref="fl-1"/>
      </object_component>
      <object_component id="oc-19c">
         <name>.debug_abbrev</name>
         <load_address>0x411</load_address>
         <run_address>0x411</run_address>
         <size>0xa4</size>
         <input_file_ref idref="fl-3"/>
      </object_component>
      <object_component id="oc-13f">
         <name>.debug_abbrev</name>
         <load_address>0x4b5</load_address>
         <run_address>0x4b5</run_address>
         <size>0xa7</size>
         <input_file_ref idref="fl-3"/>
      </object_component>
      <object_component id="oc-d4">
         <name>.debug_abbrev</name>
         <load_address>0x55c</load_address>
         <run_address>0x55c</run_address>
         <size>0x9b</size>
         <input_file_ref idref="fl-3"/>
      </object_component>
      <object_component id="oc-1aa">
         <name>.debug_abbrev</name>
         <load_address>0x5f7</load_address>
         <run_address>0x5f7</run_address>
         <size>0x88</size>
         <input_file_ref idref="fl-3"/>
      </object_component>
      <object_component id="oc-135">
         <name>.debug_abbrev</name>
         <load_address>0x67f</load_address>
         <run_address>0x67f</run_address>
         <size>0x50</size>
         <input_file_ref idref="fl-4"/>
      </object_component>
      <object_component id="oc-1ad">
         <name>.debug_abbrev</name>
         <load_address>0x6cf</load_address>
         <run_address>0x6cf</run_address>
         <size>0xef</size>
         <input_file_ref idref="fl-5"/>
      </object_component>
      <object_component id="oc-16d">
         <name>.debug_abbrev</name>
         <load_address>0x7be</load_address>
         <run_address>0x7be</run_address>
         <size>0x27</size>
         <input_file_ref idref="fl-5"/>
      </object_component>
      <object_component id="oc-16b">
         <name>.debug_abbrev</name>
         <load_address>0x7e5</load_address>
         <run_address>0x7e5</run_address>
         <size>0x27</size>
         <input_file_ref idref="fl-5"/>
      </object_component>
      <object_component id="oc-d1">
         <name>.debug_abbrev</name>
         <load_address>0x80c</load_address>
         <run_address>0x80c</run_address>
         <size>0x77</size>
         <input_file_ref idref="fl-5"/>
      </object_component>
      <object_component id="oc-1ee">
         <name>.debug_abbrev</name>
         <load_address>0x883</load_address>
         <run_address>0x883</run_address>
         <size>0x27</size>
         <input_file_ref idref="fl-6"/>
      </object_component>
      <object_component id="oc-1b2">
         <name>.debug_abbrev</name>
         <load_address>0x8aa</load_address>
         <run_address>0x8aa</run_address>
         <size>0x9b</size>
         <input_file_ref idref="fl-6"/>
      </object_component>
      <object_component id="oc-d7">
         <name>.debug_abbrev</name>
         <load_address>0x945</load_address>
         <run_address>0x945</run_address>
         <size>0x7c</size>
         <input_file_ref idref="fl-7"/>
      </object_component>
      <object_component id="oc-73">
         <name>.debug_abbrev</name>
         <load_address>0x9c1</load_address>
         <run_address>0x9c1</run_address>
         <size>0x29</size>
         <input_file_ref idref="fl-7"/>
      </object_component>
      <object_component id="oc-ab">
         <name>.debug_abbrev</name>
         <load_address>0x9ea</load_address>
         <run_address>0x9ea</run_address>
         <size>0x89</size>
         <input_file_ref idref="fl-7"/>
      </object_component>
      <object_component id="oc-19a">
         <name>.debug_abbrev</name>
         <load_address>0xa73</load_address>
         <run_address>0xa73</run_address>
         <size>0x29</size>
         <input_file_ref idref="fl-8"/>
      </object_component>
      <object_component id="oc-12f">
         <name>.debug_abbrev</name>
         <load_address>0xa9c</load_address>
         <run_address>0xa9c</run_address>
         <size>0x8b</size>
         <input_file_ref idref="fl-8"/>
      </object_component>
      <object_component id="oc-1c7">
         <name>.debug_abbrev</name>
         <load_address>0xb27</load_address>
         <run_address>0xb27</run_address>
         <size>0xa4</size>
         <input_file_ref idref="fl-9"/>
      </object_component>
      <object_component id="oc-1b9">
         <name>.debug_abbrev</name>
         <load_address>0xbcb</load_address>
         <run_address>0xbcb</run_address>
         <size>0x27</size>
         <input_file_ref idref="fl-9"/>
      </object_component>
      <object_component id="oc-1bb">
         <name>.debug_abbrev</name>
         <load_address>0xbf2</load_address>
         <run_address>0xbf2</run_address>
         <size>0x27</size>
         <input_file_ref idref="fl-9"/>
      </object_component>
      <object_component id="oc-1bd">
         <name>.debug_abbrev</name>
         <load_address>0xc19</load_address>
         <run_address>0xc19</run_address>
         <size>0x27</size>
         <input_file_ref idref="fl-9"/>
      </object_component>
      <object_component id="oc-1bf">
         <name>.debug_abbrev</name>
         <load_address>0xc40</load_address>
         <run_address>0xc40</run_address>
         <size>0x27</size>
         <input_file_ref idref="fl-9"/>
      </object_component>
      <object_component id="oc-1c1">
         <name>.debug_abbrev</name>
         <load_address>0xc67</load_address>
         <run_address>0xc67</run_address>
         <size>0x27</size>
         <input_file_ref idref="fl-9"/>
      </object_component>
      <object_component id="oc-1c3">
         <name>.debug_abbrev</name>
         <load_address>0xc8e</load_address>
         <run_address>0xc8e</run_address>
         <size>0x27</size>
         <input_file_ref idref="fl-9"/>
      </object_component>
      <object_component id="oc-1c5">
         <name>.debug_abbrev</name>
         <load_address>0xcb5</load_address>
         <run_address>0xcb5</run_address>
         <size>0x27</size>
         <input_file_ref idref="fl-9"/>
      </object_component>
      <object_component id="oc-160">
         <name>.debug_abbrev</name>
         <load_address>0xcdc</load_address>
         <run_address>0xcdc</run_address>
         <size>0x13d</size>
         <input_file_ref idref="fl-9"/>
      </object_component>
      <object_component id="oc-136">
         <name>.debug_abbrev</name>
         <load_address>0xe19</load_address>
         <run_address>0xe19</run_address>
         <size>0x6c</size>
         <input_file_ref idref="fl-a"/>
      </object_component>
      <object_component id="oc-1b8">
         <name>.debug_abbrev</name>
         <load_address>0xe85</load_address>
         <run_address>0xe85</run_address>
         <size>0x4a</size>
         <input_file_ref idref="fl-c4"/>
      </object_component>
      <object_component id="oc-ea">
         <name>.debug_abbrev</name>
         <load_address>0xecf</load_address>
         <run_address>0xecf</run_address>
         <size>0x5d</size>
         <input_file_ref idref="fl-c5"/>
      </object_component>
      <object_component id="oc-92">
         <name>.debug_abbrev</name>
         <load_address>0xf2c</load_address>
         <run_address>0xf2c</run_address>
         <size>0x74</size>
         <input_file_ref idref="fl-c5"/>
      </object_component>
      <object_component id="oc-89">
         <name>.debug_abbrev</name>
         <load_address>0xfa0</load_address>
         <run_address>0xfa0</run_address>
         <size>0x24</size>
         <input_file_ref idref="fl-c5"/>
      </object_component>
      <object_component id="oc-e7">
         <name>.debug_abbrev</name>
         <load_address>0xfc4</load_address>
         <run_address>0xfc4</run_address>
         <size>0x24</size>
         <input_file_ref idref="fl-c5"/>
      </object_component>
      <object_component id="oc-84">
         <name>.debug_abbrev</name>
         <load_address>0xfe8</load_address>
         <run_address>0xfe8</run_address>
         <size>0x37</size>
         <input_file_ref idref="fl-c6"/>
      </object_component>
      <object_component id="oc-3c">
         <name>.debug_abbrev</name>
         <load_address>0x101f</load_address>
         <run_address>0x101f</run_address>
         <size>0x74</size>
         <input_file_ref idref="fl-c6"/>
      </object_component>
      <object_component id="oc-3f">
         <name>.debug_abbrev</name>
         <load_address>0x1093</load_address>
         <run_address>0x1093</run_address>
         <size>0x24</size>
         <input_file_ref idref="fl-c6"/>
      </object_component>
      <object_component id="oc-81">
         <name>.debug_abbrev</name>
         <load_address>0x10b7</load_address>
         <run_address>0x10b7</run_address>
         <size>0x24</size>
         <input_file_ref idref="fl-c6"/>
      </object_component>
      <object_component id="oc-e3">
         <name>.debug_abbrev</name>
         <load_address>0x10db</load_address>
         <run_address>0x10db</run_address>
         <size>0x37</size>
         <input_file_ref idref="fl-c7"/>
      </object_component>
      <object_component id="oc-2c">
         <name>.debug_abbrev</name>
         <load_address>0x1112</load_address>
         <run_address>0x1112</run_address>
         <size>0x6f</size>
         <input_file_ref idref="fl-c7"/>
      </object_component>
      <object_component id="oc-2f">
         <name>.debug_abbrev</name>
         <load_address>0x1181</load_address>
         <run_address>0x1181</run_address>
         <size>0x24</size>
         <input_file_ref idref="fl-c7"/>
      </object_component>
      <object_component id="oc-e0">
         <name>.debug_abbrev</name>
         <load_address>0x11a5</load_address>
         <run_address>0x11a5</run_address>
         <size>0x35</size>
         <input_file_ref idref="fl-c7"/>
      </object_component>
      <object_component id="oc-7a">
         <name>.debug_abbrev</name>
         <load_address>0x11da</load_address>
         <run_address>0x11da</run_address>
         <size>0x24</size>
         <input_file_ref idref="fl-c7"/>
      </object_component>
      <object_component id="oc-76">
         <name>.debug_abbrev</name>
         <load_address>0x11fe</load_address>
         <run_address>0x11fe</run_address>
         <size>0x29</size>
         <input_file_ref idref="fl-c8"/>
      </object_component>
      <object_component id="oc-9c">
         <name>.debug_abbrev</name>
         <load_address>0x1227</load_address>
         <run_address>0x1227</run_address>
         <size>0x55</size>
         <input_file_ref idref="fl-c8"/>
      </object_component>
      <object_component id="oc-1f0">
         <name>.debug_abbrev</name>
         <load_address>0x127c</load_address>
         <run_address>0x127c</run_address>
         <size>0x38</size>
         <input_file_ref idref="fl-c9"/>
      </object_component>
      <object_component id="oc-ec">
         <name>.debug_abbrev</name>
         <load_address>0x12b4</load_address>
         <run_address>0x12b4</run_address>
         <size>0x4f</size>
         <input_file_ref idref="fl-ca"/>
      </object_component>
      <object_component id="oc-7e">
         <name>.debug_abbrev</name>
         <load_address>0x1303</load_address>
         <run_address>0x1303</run_address>
         <size>0x3e</size>
         <input_file_ref idref="fl-cb"/>
      </object_component>
      <object_component id="oc-1db">
         <name>.debug_abbrev</name>
         <load_address>0x1341</load_address>
         <run_address>0x1341</run_address>
         <size>0xc0</size>
         <input_file_ref idref="fl-cc"/>
      </object_component>
      <object_component id="oc-184">
         <name>.debug_abbrev</name>
         <load_address>0x1401</load_address>
         <run_address>0x1401</run_address>
         <size>0x7e</size>
         <input_file_ref idref="fl-cc"/>
      </object_component>
      <object_component id="oc-1df">
         <name>.debug_abbrev</name>
         <load_address>0x147f</load_address>
         <run_address>0x147f</run_address>
         <size>0x24</size>
         <input_file_ref idref="fl-cc"/>
      </object_component>
      <object_component id="oc-1f6">
         <name>.debug_abbrev</name>
         <load_address>0x14a3</load_address>
         <run_address>0x14a3</run_address>
         <size>0x24</size>
         <input_file_ref idref="fl-cc"/>
      </object_component>
      <object_component id="oc-1e4">
         <name>.debug_abbrev</name>
         <load_address>0x14c7</load_address>
         <run_address>0x14c7</run_address>
         <size>0x24</size>
         <input_file_ref idref="fl-cc"/>
      </object_component>
      <object_component id="oc-1e9">
         <name>.debug_abbrev</name>
         <load_address>0x14eb</load_address>
         <run_address>0x14eb</run_address>
         <size>0x4b</size>
         <input_file_ref idref="fl-cc"/>
      </object_component>
      <object_component id="oc-ed">
         <name>.debug_abbrev</name>
         <load_address>0x1536</load_address>
         <run_address>0x1536</run_address>
         <size>0x55</size>
         <input_file_ref idref="fl-cd"/>
      </object_component>
      <object_component id="oc-17a">
         <name>.debug_abbrev</name>
         <load_address>0x158b</load_address>
         <run_address>0x158b</run_address>
         <size>0x45</size>
         <input_file_ref idref="fl-cf"/>
      </object_component>
      <object_component id="oc-236">
         <name>.debug_abbrev</name>
         <load_address>0x15d0</load_address>
         <run_address>0x15d0</run_address>
         <size>0xf</size>
      </object_component>
      <object_component id="oc-173">
         <name>.debug_str</name>
         <load_address>0x0</load_address>
         <run_address>0x0</run_address>
         <size>0x111</size>
         <input_file_ref idref="fl-1"/>
      </object_component>
      <object_component id="oc-dd">
         <name>.debug_str</name>
         <load_address>0x111</load_address>
         <run_address>0x111</run_address>
         <size>0x2ba</size>
         <input_file_ref idref="fl-1"/>
      </object_component>
      <object_component id="oc-1a7">
         <name>.debug_str</name>
         <load_address>0x3cb</load_address>
         <run_address>0x3cb</run_address>
         <size>0x48f</size>
         <input_file_ref idref="fl-1"/>
      </object_component>
      <object_component id="oc-1a2">
         <name>.debug_str</name>
         <load_address>0x85a</load_address>
         <run_address>0x85a</run_address>
         <size>0x15d3</size>
         <input_file_ref idref="fl-1"/>
      </object_component>
      <object_component id="oc-36">
         <name>.debug_str</name>
         <load_address>0x1e2d</load_address>
         <run_address>0x1e2d</run_address>
         <size>0xff</size>
         <input_file_ref idref="fl-1"/>
      </object_component>
      <object_component id="oc-178">
         <name>.debug_str</name>
         <load_address>0x1f2c</load_address>
         <run_address>0x1f2c</run_address>
         <size>0x350</size>
         <input_file_ref idref="fl-1"/>
      </object_component>
      <object_component id="oc-134">
         <name>.debug_str</name>
         <load_address>0x227c</load_address>
         <run_address>0x227c</run_address>
         <size>0x152</size>
         <input_file_ref idref="fl-1"/>
      </object_component>
      <object_component id="oc-166">
         <name>.debug_str</name>
         <load_address>0x23ce</load_address>
         <run_address>0x23ce</run_address>
         <size>0xad</size>
         <input_file_ref idref="fl-1"/>
      </object_component>
      <object_component id="oc-d6">
         <name>.debug_str</name>
         <load_address>0x247b</load_address>
         <run_address>0x247b</run_address>
         <size>0x18a</size>
         <input_file_ref idref="fl-3"/>
      </object_component>
      <object_component id="oc-1ac">
         <name>.debug_str</name>
         <load_address>0x2605</load_address>
         <run_address>0x2605</run_address>
         <size>0x104</size>
         <input_file_ref idref="fl-3"/>
      </object_component>
      <object_component id="oc-8b">
         <name>.debug_str</name>
         <load_address>0x2709</load_address>
         <run_address>0x2709</run_address>
         <size>0x105</size>
         <input_file_ref idref="fl-c5"/>
      </object_component>
      <object_component id="oc-e9">
         <name>.debug_str</name>
         <load_address>0x280e</load_address>
         <run_address>0x280e</run_address>
         <size>0x140</size>
         <input_file_ref idref="fl-c5"/>
      </object_component>
      <object_component id="oc-41">
         <name>.debug_str</name>
         <load_address>0x294e</load_address>
         <run_address>0x294e</run_address>
         <size>0x10b</size>
         <input_file_ref idref="fl-c6"/>
      </object_component>
      <object_component id="oc-83">
         <name>.debug_str</name>
         <load_address>0x2a59</load_address>
         <run_address>0x2a59</run_address>
         <size>0x140</size>
         <input_file_ref idref="fl-c6"/>
      </object_component>
      <object_component id="oc-31">
         <name>.debug_str</name>
         <load_address>0x2b99</load_address>
         <run_address>0x2b99</run_address>
         <size>0x118</size>
         <input_file_ref idref="fl-c7"/>
      </object_component>
      <object_component id="oc-e2">
         <name>.debug_str</name>
         <load_address>0x2cb1</load_address>
         <run_address>0x2cb1</run_address>
         <size>0x16b</size>
         <input_file_ref idref="fl-c7"/>
      </object_component>
      <object_component id="oc-7c">
         <name>.debug_str</name>
         <load_address>0x2e1c</load_address>
         <run_address>0x2e1c</run_address>
         <size>0x158</size>
         <input_file_ref idref="fl-c7"/>
      </object_component>
      <object_component id="oc-1e1">
         <name>.debug_str</name>
         <load_address>0x2f74</load_address>
         <run_address>0x2f74</run_address>
         <size>0xed</size>
         <input_file_ref idref="fl-cc"/>
      </object_component>
      <object_component id="oc-1f8">
         <name>.debug_str</name>
         <load_address>0x3061</load_address>
         <run_address>0x3061</run_address>
         <size>0x157</size>
         <input_file_ref idref="fl-cc"/>
      </object_component>
      <object_component id="oc-1e6">
         <name>.debug_str</name>
         <load_address>0x31b8</load_address>
         <run_address>0x31b8</run_address>
         <size>0x150</size>
         <input_file_ref idref="fl-cc"/>
      </object_component>
      <object_component id="oc-1eb">
         <name>.debug_str</name>
         <load_address>0x3308</load_address>
         <run_address>0x3308</run_address>
         <size>0x197</size>
         <input_file_ref idref="fl-cc"/>
      </object_component>
      <object_component id="oc-c6">
         <name>.debug_aranges</name>
         <load_address>0x0</load_address>
         <run_address>0x0</run_address>
         <size>0x28</size>
         <input_file_ref idref="fl-1"/>
      </object_component>
      <object_component id="oc-ba">
         <name>.debug_aranges</name>
         <load_address>0x28</load_address>
         <run_address>0x28</run_address>
         <size>0x48</size>
         <input_file_ref idref="fl-3"/>
      </object_component>
      <object_component id="oc-ae">
         <name>.debug_aranges</name>
         <load_address>0x70</load_address>
         <run_address>0x70</run_address>
         <size>0x38</size>
         <input_file_ref idref="fl-4"/>
      </object_component>
      <object_component id="oc-6f">
         <name>.debug_aranges</name>
         <load_address>0xa8</load_address>
         <run_address>0xa8</run_address>
         <size>0x28</size>
         <input_file_ref idref="fl-5"/>
      </object_component>
      <object_component id="oc-142">
         <name>.debug_aranges</name>
         <load_address>0xd0</load_address>
         <run_address>0xd0</run_address>
         <size>0x28</size>
         <input_file_ref idref="fl-6"/>
      </object_component>
      <object_component id="oc-69">
         <name>.debug_aranges</name>
         <load_address>0xf8</load_address>
         <run_address>0xf8</run_address>
         <size>0x28</size>
         <input_file_ref idref="fl-7"/>
      </object_component>
      <object_component id="oc-a7">
         <name>.debug_aranges</name>
         <load_address>0x120</load_address>
         <run_address>0x120</run_address>
         <size>0x28</size>
         <input_file_ref idref="fl-8"/>
      </object_component>
      <object_component id="oc-c0">
         <name>.debug_aranges</name>
         <load_address>0x148</load_address>
         <run_address>0x148</run_address>
         <size>0x90</size>
         <input_file_ref idref="fl-9"/>
      </object_component>
      <object_component id="oc-b4">
         <name>.debug_aranges</name>
         <load_address>0x1d8</load_address>
         <run_address>0x1d8</run_address>
         <size>0x30</size>
         <input_file_ref idref="fl-a"/>
      </object_component>
      <object_component id="oc-147">
         <name>.debug_aranges</name>
         <load_address>0x208</load_address>
         <run_address>0x208</run_address>
         <size>0x20</size>
         <input_file_ref idref="fl-c4"/>
      </object_component>
      <object_component id="oc-4c">
         <name>.debug_aranges</name>
         <load_address>0x228</load_address>
         <run_address>0x228</run_address>
         <size>0x20</size>
         <input_file_ref idref="fl-c5"/>
      </object_component>
      <object_component id="oc-1f">
         <name>.debug_aranges</name>
         <load_address>0x248</load_address>
         <run_address>0x248</run_address>
         <size>0x20</size>
         <input_file_ref idref="fl-c6"/>
      </object_component>
      <object_component id="oc-19">
         <name>.debug_aranges</name>
         <load_address>0x268</load_address>
         <run_address>0x268</run_address>
         <size>0x20</size>
         <input_file_ref idref="fl-c7"/>
      </object_component>
      <object_component id="oc-57">
         <name>.debug_aranges</name>
         <load_address>0x288</load_address>
         <run_address>0x288</run_address>
         <size>0x20</size>
         <input_file_ref idref="fl-c8"/>
      </object_component>
      <object_component id="oc-1b5">
         <name>.debug_aranges</name>
         <load_address>0x2a8</load_address>
         <run_address>0x2a8</run_address>
         <size>0x20</size>
         <input_file_ref idref="fl-c9"/>
      </object_component>
      <object_component id="oc-8f">
         <name>.debug_aranges</name>
         <load_address>0x2c8</load_address>
         <run_address>0x2c8</run_address>
         <size>0x28</size>
         <input_file_ref idref="fl-ca"/>
      </object_component>
      <object_component id="oc-39">
         <name>.debug_aranges</name>
         <load_address>0x2f0</load_address>
         <run_address>0x2f0</run_address>
         <size>0x20</size>
         <input_file_ref idref="fl-cb"/>
      </object_component>
      <object_component id="oc-fc">
         <name>.debug_aranges</name>
         <load_address>0x310</load_address>
         <run_address>0x310</run_address>
         <size>0x20</size>
         <input_file_ref idref="fl-cc"/>
      </object_component>
      <object_component id="oc-95">
         <name>.debug_aranges</name>
         <load_address>0x330</load_address>
         <run_address>0x330</run_address>
         <size>0x20</size>
         <input_file_ref idref="fl-cd"/>
[...]
            </available_space>
            <allocated_space>
               <start_address>0x20000940</start_address>
               <size>0xc4</size>
               <logical_group_ref idref="lg-e"/>
            </allocated_space>
            <available_space>
               <start_address>0x20000a04</start_address>
               <size>0xf3fc</size>
            </available_space>
            <allocated_space>
               <start_address>0x2000fe00</start_address>
               <size>0x200</size>
               <logical_group_ref idref="lg-11"/>
            </allocated_space>
         </usage_details>
      </memory_area>
   </placement_map>
   <cptbl_list>
      <cptbl>
         <name>__TI_cinit_table</name>
         <cprec>
            <name>.data</name>
            <load_address>0x1530</load_address>
            <load_size>0x60</load_size>
            <run_address>0x20000940</run_address>
            <run_size>0xc4</run_size>
            <compression>lzss</compression>
         </cprec>
         <cprec>
            <name>.bss</name>
            <load_address>0x15a0</load_address>
            <load_size>0x8</load_size>
            <run_address>0x20000000</run_address>
            <run_size>0x93e</run_size>
            <compression>zero_init</compression>
         </cprec>
      </cptbl>
   </cptbl_list>
   <handler_table>
      <handler_table_name>__TI_handler_table</handler_table_name>
      <handler>
         <index>0x0</index>
         <name>__TI_decompress_lzss</name>
      </handler>
      <handler>
         <index>0x1</index>
         <name>__TI_decompress_none</name>
      </handler>
      <handler>
         <index>0x2</index>
         <name>__TI_zero_init</name>
      </handler>
   </handler_table>
   <symbol_table>
      <symbol id="sm-1">
         <name>WDTCTL_SYM</name>
         <value>0x4000480c</value>
      </symbol>
      <symbol id="sm-2">
         <name>__start___llvm_prf_cnts</name>
         <value>0x20000000</value>
      </symbol>
      <symbol id="sm-3">
         <name>__stop___llvm_prf_cnts</name>
         <value>0x20000000</value>
      </symbol>
      <symbol id="sm-4">
         <name>__TI_CINIT_Base</name>
         <value>0x15a8</value>
      </symbol>
      <symbol id="sm-5">
         <name>__TI_CINIT_Limit</name>
         <value>0x15b8</value>
      </symbol>
      <symbol id="sm-6">
         <name>__TI_Handler_Table_Base</name>
         <value>0x1590</value>
      </symbol>
      <symbol id="sm-7">
         <name>__TI_Handler_Table_Limit</name>
         <value>0x159c</value>
      </symbol>
      <symbol id="sm-8">
         <name>binit</name>
         <value>0xffffffff</value>
      </symbol>
      <symbol id="sm-9">
         <name>__binit__</name>
         <value>0xffffffff</value>
      </symbol>
      <symbol id="sm-a">
         <name>__STACK_SIZE</name>
         <value>0x200</value>
      </symbol>
      <symbol id="sm-b">
         <name>__STACK_END</name>
         <value>0x20010000</value>
      </symbol>
      <symbol id="sm-c">
         <name>__c_args__</name>
         <value>0xffffffff</value>
      </symbol>
      <symbol id="sm-d">
         <name>__TI_pprof_out_hndl</name>
         <value>0xffffffff</value>
      </symbol>
      <symbol id="sm-e">
         <name>__TI_prof_data_start</name>
         <value>0xffffffff</value>
      </symbol>
      <symbol id="sm-f">
         <name>__TI_prof_data_size</name>
         <value>0xffffffff</value>
      </symbol>
      <symbol id="sm-75">
         <name>debounce_tick</name>
         <value>0x11b9</value>
         <object_component_ref idref="oc-c4"/>
      </symbol>
      <symbol id="sm-76">
         <name>next_state</name>
         <value>0x11df</value>
         <object_component_ref idref="oc-c4"/>
      </symbol>
      <symbol id="sm-ca">
         <name>display_address_union</name>
         <value>0x2000093c</value>
      </symbol>
      <symbol id="sm-cb">
         <name>display_data_union</name>
         <value>0x2000093d</value>
      </symbol>
      <symbol id="sm-cc">
         <name>display</name>
         <value>0x20000000</value>
      </symbol>
      <symbol id="sm-cd">
         <name>display_translate</name>
         <value>0x92f</value>
         <object_component_ref idref="oc-b8"/>
      </symbol>
      <symbol id="sm-ce">
         <name>display_init</name>
         <value>0x8c9</value>
         <object_component_ref idref="oc-b8"/>
      </symbol>
      <symbol id="sm-cf">
         <name>display_test_1</name>
         <value>0xbb9</value>
         <object_component_ref idref="oc-b8"/>
      </symbol>
      <symbol id="sm-d0">
         <name>display_test_2</name>
         <value>0xc41</value>
         <object_component_ref idref="oc-b8"/>
      </symbol>
      <symbol id="sm-d1">
         <name>display_clear</name>
         <value>0x9fd</value>
         <object_component_ref idref="oc-b8"/>
      </symbol>
      <symbol id="sm-d2">
         <name>display_write_buffer</name>
         <value>0xa4d</value>
         <object_component_ref idref="oc-b8"/>
      </symbol>
      <symbol id="sm-e7">
         <name>DivideSMCLK</name>
         <value>0x1431</value>
         <object_component_ref idref="oc-ac"/>
      </symbol>
      <symbol id="sm-e8">
         <name>StopWatchdogTimer</name>
         <value>0x1401</value>
         <object_component_ref idref="oc-ac"/>
      </symbol>
      <symbol id="sm-e9">
         <name>ConfigureButtonsAsInput</name>
         <value>0x140b</value>
         <object_component_ref idref="oc-ac"/>
      </symbol>
      <symbol id="sm-ea">
         <name>EnablePinsAsOutput</name>
         <value>0x1417</value>
         <object_component_ref idref="oc-ac"/>
      </symbol>
      <symbol id="sm-124">
         <name>TA0_0_IRQHandler</name>
         <value>0x10d9</value>
         <object_component_ref idref="oc-6d"/>
      </symbol>
      <symbol id="sm-125">
         <name>main</name>
         <value>0xfb9</value>
         <object_component_ref idref="oc-6d"/>
      </symbol>
      <symbol id="sm-13a">
         <name>rand</name>
         <value>0x14d1</value>
         <object_component_ref idref="oc-140"/>
      </symbol>
      <symbol id="sm-13b">
         <name>srand</name>
         <value>0x14e9</value>
         <object_component_ref idref="oc-140"/>
      </symbol>
      <symbol id="sm-150">
         <name>Reset_Handler</name>
         <value>0x150f</value>
         <object_component_ref idref="oc-67"/>
      </symbol>
      <symbol id="sm-151">
         <name>Default_Handler</name>
         <value>0x151b</value>
         <object_component_ref idref="oc-67"/>
      </symbol>
      <symbol id="sm-152">
         <name>interruptVectors</name>
         <value>0x0</value>
         <object_component_ref idref="oc-26"/>
      </symbol>
      <symbol id="sm-19a">
         <name>SystemInit</name>
         <value>0xefd</value>
         <object_component_ref idref="oc-a5"/>
      </symbol>
      <symbol id="sm-19b">
         <name>SystemCoreClockUpdate</name>
         <value>0xc85</value>
         <object_component_ref idref="oc-a5"/>
      </symbol>
      <symbol id="sm-19c">
         <name>SystemCoreClock</name>
         <value>0x20000a00</value>
         <object_component_ref idref="oc-12c"/>
      </symbol>
      <symbol id="sm-233">
         <name>tetris_queue_pop</name>
         <value>0x887</value>
         <object_component_ref idref="oc-be"/>
      </symbol>
      <symbol id="sm-234">
         <name>piece_rotate</name>
         <value>0x269</value>
         <object_component_ref idref="oc-be"/>
      </symbol>
      <symbol id="sm-235">
         <name>tetris_shift_rows_down</name>
         <value>0x73b</value>
         <object_component_ref idref="oc-be"/>
      </symbol>
      <symbol id="sm-236">
         <name>tetris_place_piece</name>
         <value>0x55f</value>
         <object_component_ref idref="oc-be"/>
      </symbol>
      <symbol id="sm-237">
         <name>tetris_visualize</name>
         <value>0x5e3</value>
         <object_component_ref idref="oc-be"/>
      </symbol>
      <symbol id="sm-238">
         <name>tetris_move_left</name>
         <value>0x43b</value>
         <object_component_ref idref="oc-be"/>
      </symbol>
      <symbol id="sm-239">
         <name>tetris_queue_enqueue</name>
         <value>0x849</value>
         <object_component_ref idref="oc-be"/>
      </symbol>
      <symbol id="sm-23a">
         <name>tetris_queue_get</name>
         <value>0x8a9</value>
         <object_component_ref idref="oc-be"/>
      </symbol>
      <symbol id="sm-23b">
         <name>tetris_move_right</name>
         <value>0x4cd</value>
         <object_component_ref idref="oc-be"/>
      </symbol>
      <symbol id="sm-23c">
         <name>piece_init</name>
         <value>0xe5</value>
         <object_component_ref idref="oc-be"/>
      </symbol>
      <symbol id="sm-23d">
         <name>tetris_remove_lines_and_score</name>
         <value>0x7bd</value>
         <object_component_ref idref="oc-be"/>
      </symbol>
      <symbol id="sm-23e">
         <name>tetris_init</name>
         <value>0x1c5</value>
         <object_component_ref idref="oc-be"/>
      </symbol>
      <symbol id="sm-23f">
         <name>tetris_spawn_piece</name>
         <value>0x69f</value>
         <object_component_ref idref="oc-be"/>
      </symbol>
      <symbol id="sm-240">
         <name>piece_in_bounds</name>
         <value>0x2ff</value>
         <object_component_ref idref="oc-be"/>
      </symbol>
      <symbol id="sm-241">
         <name>tetris_shift_down</name>
         <value>0x399</value>
         <object_component_ref idref="oc-be"/>
      </symbol>
      <symbol id="sm-254">
         <name>ConfigureTimer</name>
         <value>0x12c9</value>
         <object_component_ref idref="oc-b2"/>
      </symbol>
      <symbol id="sm-255">
         <name>StartTimer</name>
         <value>0x12f5</value>
         <object_component_ref idref="oc-b2"/>
      </symbol>
      <symbol id="sm-256">
         <name>ChangeMCLKSpeed</name>
         <value>0x1303</value>
         <object_component_ref idref="oc-b2"/>
      </symbol>
      <symbol id="sm-265">
         <name>__aeabi_idivmod</name>
         <value>0x13a1</value>
         <object_component_ref idref="oc-146"/>
      </symbol>
      <symbol id="sm-266">
         <name>__aeabi_idiv</name>
         <value>0x13a1</value>
         <object_component_ref idref="oc-146"/>
      </symbol>
      <symbol id="sm-27d">
         <name>__TI_zero_init</name>
         <value>0x151d</value>
         <object_component_ref idref="oc-49"/>
      </symbol>
      <symbol id="sm-294">
         <name>__TI_decompress_none</name>
         <value>0x1501</value>
         <object_component_ref idref="oc-1d"/>
      </symbol>
      <symbol id="sm-2b7">
         <name>__TI_decompress_lzss</name>
         <value>0x1339</value>
         <object_component_ref idref="oc-17"/>
      </symbol>
      <symbol id="sm-2ca">
         <name>__stack</name>
         <value>0x2000fe00</value>
         <object_component_ref idref="oc-29"/>
      </symbol>
      <symbol id="sm-2cb">
         <name>_c_int00_noargs</name>
         <value>0x149d</value>
         <object_component_ref idref="oc-55"/>
      </symbol>
      <symbol id="sm-2d5">
         <name>__aeabi_idiv0</name>
         <value>0x12c7</value>
         <object_component_ref idref="oc-1b3"/>
      </symbol>
      <symbol id="sm-2d6">
         <name>__aeabi_ldiv0</name>
         <value>0x12c7</value>
         <object_component_ref idref="oc-1b3"/>
      </symbol>
      <symbol id="sm-2e5">
         <name>__aeabi_memset</name>
         <value>0x124f</value>
         <object_component_ref idref="oc-8d"/>
      </symbol>
      <symbol id="sm-2e6">
         <name>memset</name>
         <value>0x1255</value>
         <object_component_ref idref="oc-8d"/>
      </symbol>
      <symbol id="sm-2e7">
         <name>__aeabi_memset8</name>
         <value>0x124f</value>
         <object_component_ref idref="oc-8d"/>
      </symbol>
      <symbol id="sm-2e8">
         <name>__aeabi_memset4</name>
         <value>0x124f</value>
         <object_component_ref idref="oc-8d"/>
      </symbol>
      <symbol id="sm-2e9">
         <name>__aeabi_memclr8</name>
         <value>0x124d</value>
         <object_component_ref idref="oc-8d"/>
      </symbol>
      <symbol id="sm-2ea">
         <name>__aeabi_memclr4</name>
         <value>0x124d</value>
         <object_component_ref idref="oc-8d"/>
      </symbol>
      <symbol id="sm-2eb">
         <name>__aeabi_memclr</name>
         <value>0x124d</value>
         <object_component_ref idref="oc-8d"/>
      </symbol>
      <symbol id="sm-306">
         <name>memcpy</name>
         <value>0x111d</value>
         <object_component_ref idref="oc-37"/>
      </symbol>
      <symbol id="sm-307">
         <name>__aeabi_memcpy</name>
         <value>0x111d</value>
         <object_component_ref idref="oc-37"/>
      </symbol>
      <symbol id="sm-308">
         <name>__aeabi_memcpy8</name>
         <value>0x111d</value>
         <object_component_ref idref="oc-37"/>
      </symbol>
      <symbol id="sm-309">
         <name>__aeabi_memcpy4</name>
         <value>0x111d</value>
         <object_component_ref idref="oc-37"/>
      </symbol>
      <symbol id="sm-331">
         <name>__TI_auto_init_nobinit_nopinit</name>
         <value>0x1459</value>
         <object_component_ref idref="oc-fa"/>
      </symbol>
      <symbol id="sm-33b">
         <name>_system_pre_init</name>
         <value>0x1529</value>
         <object_component_ref idref="oc-93"/>
      </symbol>
      <symbol id="sm-347">
         <name>C$$EXIT</name>
         <value>0x152d</value>
         <object_component_ref idref="oc-ee"/>
      </symbol>
      <symbol id="sm-348">
         <name>abort</name>
         <value>0x152d</value>
         <object_component_ref idref="oc-ee"/>
      </symbol>
      <symbol id="sm-34b">
         <name>__TI_static_base__</name>
         <value>0x0</value>
      </symbol>
      <symbol id="sm-34e">
         <name>__mpu_init</name>
         <value>0x0</value>
      </symbol>
      <symbol id="sm-34f">
         <name>_system_post_cinit</name>
         <value>0x0</value>
      </symbol>
      <symbol id="sm-350">
         <name>NMI_Handler</name>
         <value>0x151b</value>
      </symbol>
      <symbol id="sm-351">
         <name>HardFault_Handler</name>
         <value>0x151b</value>
      </symbol>
      <symbol id="sm-352">
         <name>MemManage_Handler</name>
         <value>0x151b</value>
      </symbol>
      <symbol id="sm-353">
         <name>BusFault_Handler</name>
         <value>0x151b</value>
      </symbol>
      <symbol id="sm-354">
         <name>UsageFault_Handler</name>
         <value>0x151b</value>
      </symbol>
      <symbol id="sm-355">
         <name>SVC_Handler</name>
         <value>0x151b</value>
      </symbol>
      <symbol id="sm-356">
         <name>DebugMon_Handler</name>
         <value>0x151b</value>
      </symbol>
      <symbol id="sm-357">
         <name>PendSV_Handler</name>
         <value>0x151b</value>
      </symbol>
      <symbol id="sm-358">
         <name>SysTick_Handler</name>
         <value>0x151b</value>
      </symbol>
      <symbol id="sm-359">
         <name>PSS_IRQHandler</name>
         <value>0x151b</value>
      </symbol>
      <symbol id="sm-35a">
         <name>CS_IRQHandler</name>
         <value>0x151b</value>
      </symbol>
      <symbol id="sm-35b">
         <name>PCM_IRQHandler</name>
         <value>0x151b</value>
      </symbol>
      <symbol id="sm-35c">
         <name>WDT_A_IRQHandler</name>
         <value>0x151b</value>
      </symbol>
      <symbol id="sm-35d">
         <name>FPU_IRQHandler</name>
         <value>0x151b</value>
      </symbol>
      <symbol id="sm-35e">
         <name>FLCTL_IRQHandler</name>
         <value>0x151b</value>
      </symbol>
      <symbol id="sm-35f">
         <name>COMP_E0_IRQHandler</name>
         <value>0x151b</value>
      </symbol>
      <symbol id="sm-360">
         <name>COMP_E1_IRQHandler</name>
         <value>0x151b</value>
      </symbol>
      <symbol id="sm-361">
         <name>TA0_0_IRQHandler</name>
         <value>0x10d9</value>
      </symbol>
      <symbol id="sm-362">
         <name>TA0_N_IRQHandler</name>
         <value>0x151b</value>
      </symbol>
      <symbol id="sm-363">
         <name>TA1_0_IRQHandler</name>
         <value>0x151b</value>
      </symbol>
      <symbol id="sm-364">
         <name>TA1_N_IRQHandler</name>
         <value>0x151b</value>
      </symbol>
      <symbol id="sm-365">
         <name>TA2_0_IRQHandler</name>
         <value>0x151b</value>
      </symbol>
      <symbol id="sm-366">
         <name>TA2_N_IRQHandler</name>
         <value>0x151b</value>
      </symbol>
      <symbol id="sm-367">
         <name>TA3_0_IRQHandler</name>
         <value>0x151b</value>
      </symbol>
      <symbol id="sm-368">
         <name>TA3_N_IRQHandler</name>
         <value>0x151b</value>
      </symbol>
      <symbol id="sm-369">
         <name>EUSCIA0_IRQHandler</name>
         <value>0x151b</value>
      </symbol>
      <symbol id="sm-36a">
         <name>EUSCIA1_IRQHandler</name>
         <value>0x151b</value>
      </symbol>
      <symbol id="sm-36b">
         <name>EUSCIA2_IRQHandler</name>
         <value>0x151b</value>
      </symbol>
      <symbol id="sm-36c">
         <name>EUSCIA3_IRQHandler</name>
         <value>0x151b</value>
      </symbol>
      <symbol id="sm-36d">
         <name>EUSCIB0_IRQHandler</name>
         <value>0x151b</value>
      </symbol>
      <symbol id="sm-36e">
         <name>EUSCIB1_IRQHandler</name>
         <value>0x151b</value>
      </symbol>
      <symbol id="sm-36f">
         <name>EUSCIB2_IRQHandler</name>
         <value>0x151b</value>
      </symbol>
      <symbol id="sm-370">
         <name>EUSCIB3_IRQHandler</name>
         <value>0x151b</value>
      </symbol>
      <symbol id="sm-371">
         <name>ADC14_IRQHandler</name>
         <value>0x151b</value>
      </symbol>
      <symbol id="sm-372">
         <name>T32_INT1_IRQHandler</name>
         <value>0x151b</value>
      </symbol>
      <symbol id="sm-373">
         <name>T32_INT2_IRQHandler</name>
         <value>0x151b</value>
      </symbol>
      <symbol id="sm-374">
         <name>T32_INTC_IRQHandler</name>
         <value>0x151b</value>
      </symbol>
      <symbol id="sm-375">
         <name>AES256_IRQHandler</name>
         <value>0x151b</value>
      </symbol>
      <symbol id="sm-376">
         <name>RTC_C_IRQHandler</name>
         <value>0x151b</value>
      </symbol>
      <symbol id="sm-377">
         <name>DMA_ERR_IRQHandler</name>
         <value>0x151b</value>
      </symbol>
      <symbol id="sm-378">
         <name>DMA_INT3_IRQHandler</name>
         <value>0x151b</value>
      </symbol>
      <symbol id="sm-379">
         <name>DMA_INT2_IRQHandler</name>
         <value>0x151b</value>
      </symbol>
      <symbol id="sm-37a">
         <name>DMA_INT1_IRQHandler</name>
         <value>0x151b</value>
      </symbol>
      <symbol id="sm-37b">
         <name>DMA_INT0_IRQHandler</name>
         <value>0x151b</value>
      </symbol>
      <symbol id="sm-37c">
         <name>PORT1_IRQHandler</name>
         <value>0x151b</value>
      </symbol>
      <symbol id="sm-37d">
         <name>PORT2_IRQHandler</name>
         <value>0x151b</value>
      </symbol>
      <symbol id="sm-37e">
         <name>PORT3_IRQHandler</name>
         <value>0x151b</value>
      </symbol>
      <symbol id="sm-37f">
         <name>PORT4_IRQHandler</name>
         <value>0x151b</value>
      </symbol>
      <symbol id="sm-380">
         <name>PORT5_IRQHandler</name>
         <value>0x151b</value>
      </symbol>
      <symbol id="sm-381">
         <name>PORT6_IRQHandler</name>
         <value>0x151b</value>
      </symbol>
   </symbol_table>
   <title>Link successful</title>
</link_info>
