******************************************************************************
                  TI ARM Linker Unix v20.2.1                   
******************************************************************************
>> Linked Mon Nov 23 19:34:23 2020

OUTPUT FILE NAME:   <Tetris.out>
ENTRY POINT SYMBOL: "_c_int00_noargs"  address: 00001035


MEMORY CONFIGURATION

         name            origin    length      used     unused   attr    fill
----------------------  --------  ---------  --------  --------  ----  --------
  MAIN                  00000000   00040000  00001142  0003eebe  R  X
  INFO                  00200000   00004000  00000000  00004000  R  X
  SRAM_CODE             01000000   00010000  00000bde  0000f422  RW X
  SRAM_DATA             20000000   00010000  00000bde  0000f422  RW  


SEGMENT ALLOCATION MAP

run origin  load origin   length   init length attrs members
----------  ----------- ---------- ----------- ----- -------
00000000    00000000    00001148   00001148    r-x
  00000000    00000000    000000e4   000000e4    r-- .intvecs
  000000e4    000000e4    00000fd6   00000fd6    r-x .text
  000010c0    000010c0    00000088   00000088    r-- .cinit
20000000    20000000    000009e0   00000000    rw-
  20000000    20000000    00000926   00000000    rw- .bss
  20000928    20000928    000000b8   00000000    rw- .data
2000fe00    2000fe00    00000200   00000000    rw-
  2000fe00    2000fe00    00000200   00000000    rw- .stack


SECTION ALLOCATION MAP

 output                                  attributes/
section   page    origin      length       input sections
--------  ----  ----------  ----------   ----------------
.intvecs   0    00000000    000000e4     
                  00000000    000000e4     startup_msp432p401r_ccs.obj (.intvecs:retain)

.text      0    000000e4    00000fd6     
                  000000e4    000004d0     display.obj (.text)
                  000005b4    000004bc     tetris.obj (.text)
                  00000a70    000001e0     system_msp432p401r.obj (.text)
                  00000c50    00000134     main.obj (.text)
                  00000d84    0000009c     rtsv7M4_T_le_v4SPD16_eabi.lib : memcpy_t2.asm.obj (.text)
                  00000e20    0000007a                                   : memset_t2.asm.obj (.text)
                  00000e9a    00000068                                   : copy_decompress_lzss.c.obj (.text:decompress:lzss:__TI_decompress_lzss)
                  00000f02    0000005e                                   : i_divt2.asm.obj (.text)
                  00000f60    0000004c     timer.obj (.text)
                  00000fac    00000044     rtsv7M4_T_le_v4SPD16_eabi.lib : autoinit.c.obj (.text:__TI_auto_init_nobinit_nopinit:__TI_auto_init_nobinit_nopinit)
                  00000ff0    00000044     init.obj (.text)
                  00001034    00000034     rtsv7M4_T_le_v4SPD16_eabi.lib : boot_cortex_m.c.obj (.text:_c_int00_noargs:_c_int00_noargs)
                  00001068    00000020     rand.obj (.text)
                  00001088    0000000e     rtsv7M4_T_le_v4SPD16_eabi.lib : copy_decompress_none.c.obj (.text:decompress:none:__TI_decompress_none)
                  00001096    0000000e     startup_msp432p401r_ccs.obj (.text)
                  000010a4    0000000c     rtsv7M4_T_le_v4SPD16_eabi.lib : copy_zero_init.c.obj (.text:decompress:ZI:__TI_zero_init)
                  000010b0    00000004                                   : pre_init.c.obj (.text:_system_pre_init)
                  000010b4    00000004                                   : exit.c.obj (.text:abort:abort)
                  000010b8    00000002                                   : div0.asm.obj (.text)

.cinit     0    000010c0    00000088     
                  000010c0    00000061     (.cinit..data.load) [load image, compression = lzss]
                  00001121    00000003     --HOLE-- [fill = 0]
                  00001124    0000000c     (__TI_handler_table)
                  00001130    00000008     (.cinit..bss.load) [load image, compression = zero_init]
                  00001138    00000010     (__TI_cinit_table)

.init_array 
*          0    00000000    00000000     UNINITIALIZED

.binit     0    00000000    00000000     

.bss       0    20000000    00000926     UNINITIALIZED
                  20000000    00000800     (.common:display)
                  20000800    00000124     main.obj (.bss:tetris$1)
                  20000924    00000001     (.common:display_address_union)
                  20000925    00000001     (.common:display_data_union)

.data      0    20000928    000000b8     UNINITIALIZED
                  20000928    00000020     tetris.obj (.data:PIECE_J_STATES)
                  20000948    00000020     tetris.obj (.data:PIECE_L_STATES)
                  20000968    00000020     tetris.obj (.data:PIECE_T_STATES)
                  20000988    00000010     tetris.obj (.data:PIECE_I_STATES)
                  20000998    00000010     tetris.obj (.data:PIECE_S_STATES)
                  200009a8    00000010     tetris.obj (.data:PIECE_Z_STATES)
                  200009b8    0000000c     main.obj (.data:fsm)
                  200009c4    0000000a     main.obj (.data)
                  200009ce    00000008     tetris.obj (.data:PIECE_O_STATE)
                  200009d6    00000002     --HOLE--
                  200009d8    00000004     rand.obj (.data)
                  200009dc    00000004     system_msp432p401r.obj (.data)

.stack     0    2000fe00    00000200     UNINITIALIZED
                  2000fe00    00000004     rtsv7M4_T_le_v4SPD16_eabi.lib : boot_cortex_m.c.obj (.stack)
                  2000fe04    000001fc     --HOLE--

__llvm_prf_cnts 
*          0    20000000    00000000     UNINITIALIZED

MODULE SUMMARY

       Module                        code   ro data   rw data
       ------                        ----   -------   -------
    ./
       display.obj                   1232   0         4100   
       tetris.obj                    1212   0         304    
       main.obj                      308    0         628    
       system_msp432p401r.obj        480    0         8      
       startup_msp432p401r_ccs.obj   14     228       0      
       timer.obj                     76     0         0      
       init.obj                      68     0         0      
       rand.obj                      32     0         8      
    +--+-----------------------------+------+---------+---------+
       Total:                        3422   228       5048   
                                                             
    /opt/ccstudio/ccs/tools/compiler/ti-cgt-arm_20.2.1.LTS/lib/rtsv7M4_T_le_v4SPD16_eabi.lib
       memcpy_t2.asm.obj             156    0         0      
       memset_t2.asm.obj             122    0         0      
       copy_decompress_lzss.c.obj    104    0         0      
       i_divt2.asm.obj               94     0         0      
       autoinit.c.obj                68     0         0      
       boot_cortex_m.c.obj           52     0         0      
       copy_decompress_none.c.obj    14     0         0      
       copy_zero_init.c.obj          12     0         0      
       exit.c.obj                    4      0         0      
       pre_init.c.obj                4      0         0      
       div0.asm.obj                  2      0         0      
    +--+-----------------------------+------+---------+---------+
       Total:                        632    0         0      
                                                             
       Stack:                        0      0         1024   
       Linker Generated:             0      133       0      
    +--+-----------------------------+------+---------+---------+
       Grand Total:                  4054   361       6072   


LINKER GENERATED COPY TABLES

__TI_cinit_table @ 00001138 records: 2, size/record: 8, table size: 16
	.data: load addr=000010c0, load size=00000061 bytes, run addr=20000928, run size=000000b8 bytes, compression=lzss
	.bss: load addr=00001130, load size=00000008 bytes, run addr=20000000, run size=00000926 bytes, compression=zero_init


LINKER GENERATED HANDLER TABLE

__TI_handler_table @ 00001124 records: 3, size/record: 4, table size: 12
	index: 0, handler: __TI_decompress_lzss
	index: 1, handler: __TI_decompress_none
	index: 2, handler: __TI_zero_init


GLOBAL SYMBOLS: SORTED ALPHABETICALLY BY Name 

address   name                          
-------   ----                          
000010a3  ADC14_IRQHandler              
000010a3  AES256_IRQHandler             
000010a3  BusFault_Handler              
000010b5  C$$EXIT                       
000010a3  COMP_E0_IRQHandler            
000010a3  COMP_E1_IRQHandler            
000010a3  CS_IRQHandler                 
00000f89  ChangeMCLKSpeed               
00001019  ConfigureButtonsAsInput       
00000f6f  ConfigureTimer                
000010a3  DMA_ERR_IRQHandler            
000010a3  DMA_INT0_IRQHandler           
000010a3  DMA_INT1_IRQHandler           
000010a3  DMA_INT2_IRQHandler           
000010a3  DMA_INT3_IRQHandler           
000010a3  DebugMon_Handler              
000010a3  Default_Handler               
0000100d  DivideSMCLK                   
000010a3  EUSCIA0_IRQHandler            
000010a3  EUSCIA1_IRQHandler            
000010a3  EUSCIA2_IRQHandler            
000010a3  EUSCIA3_IRQHandler            
000010a3  EUSCIB0_IRQHandler            
000010a3  EUSCIB1_IRQHandler            
000010a3  EUSCIB2_IRQHandler            
000010a3  EUSCIB3_IRQHandler            
00000ffb  EnablePinsAsOutput            
000010a3  FLCTL_IRQHandler              
000010a3  FPU_IRQHandler                
000010a3  HardFault_Handler             
000010a3  MemManage_Handler             
000010a3  NMI_Handler                   
000010a3  PCM_IRQHandler                
000010a3  PORT1_IRQHandler              
000010a3  PORT2_IRQHandler              
000010a3  PORT3_IRQHandler              
000010a3  PORT4_IRQHandler              
000010a3  PORT5_IRQHandler              
000010a3  PORT6_IRQHandler              
000010a3  PSS_IRQHandler                
000010a3  PendSV_Handler                
000010a3  RTC_C_IRQHandler              
00001097  Reset_Handler                 
000010a3  SVC_Handler                   
00000f61  StartTimer                    
00000ff1  StopWatchdogTimer             
000010a3  SysTick_Handler               
200009dc  SystemCoreClock               
00000ac5  SystemCoreClockUpdate         
00000a71  SystemInit                    
000010a3  T32_INT1_IRQHandler           
000010a3  T32_INT2_IRQHandler           
000010a3  T32_INTC_IRQHandler           
00000d53  TA0_0_IRQHandler              
00000d53  TA0_0_IRQHandler              
000010a3  TA0_N_IRQHandler              
000010a3  TA1_0_IRQHandler              
000010a3  TA1_N_IRQHandler              
000010a3  TA2_0_IRQHandler              
000010a3  TA2_N_IRQHandler              
000010a3  TA3_0_IRQHandler              
000010a3  TA3_N_IRQHandler              
000010a3  UsageFault_Handler            
4000480c  WDTCTL_SYM                    
000010a3  WDT_A_IRQHandler              
20010000  __STACK_END                   
00000200  __STACK_SIZE                  
00001138  __TI_CINIT_Base               
00001148  __TI_CINIT_Limit              
00001124  __TI_Handler_Table_Base       
00001130  __TI_Handler_Table_Limit      
00000fad  __TI_auto_init_nobinit_nopinit
00000e9b  __TI_decompress_lzss          
00001089  __TI_decompress_none          
ffffffff  __TI_pprof_out_hndl           
ffffffff  __TI_prof_data_size           
ffffffff  __TI_prof_data_start          
00000000  __TI_static_base__            
000010a5  __TI_zero_init                
00000f03  __aeabi_idiv                  
000010b9  __aeabi_idiv0                 
00000f03  __aeabi_idivmod               
000010b9  __aeabi_ldiv0                 
00000e21  __aeabi_memclr                
00000e21  __aeabi_memclr4               
00000e21  __aeabi_memclr8               
00000d85  __aeabi_memcpy                
00000d85  __aeabi_memcpy4               
00000d85  __aeabi_memcpy8               
00000e23  __aeabi_memset                
00000e23  __aeabi_memset4               
00000e23  __aeabi_memset8               
ffffffff  __binit__                     
ffffffff  __c_args__                    
UNDEFED   __mpu_init                    
2000fe00  __stack                       
20000000  __start___llvm_prf_cnts       
20000000  __stop___llvm_prf_cnts        
00001035  _c_int00_noargs               
UNDEFED   _system_post_cinit            
000010b1  _system_pre_init              
000010b5  abort                         
ffffffff  binit                         
20000000  display                       
20000924  display_address_union         
000004dd  display_clear                 
20000925  display_data_union            
000000e5  display_init                  
00000553  display_test_1                
00000525  display_test_2                
000004f3  display_test_3                
00000421  display_translate             
000001b9  display_write_buffer          
00000000  interruptVectors              
00000c51  main                          
00000d85  memcpy                        
00000e29  memset                        
000009c5  piece_in_bounds               
0000065b  piece_init                    
00000a0d  piece_rotate                  
0000106f  rand                          
00001069  srand                         
0000095b  tetris_init                   
000008f9  tetris_move_left              
00000899  tetris_move_right             
000007d7  tetris_place_piece            
000006bd  tetris_queue_enqueue          
000005b5  tetris_queue_get              
00000645  tetris_queue_pop              
00000797  tetris_remove_lines_and_score 
00000831  tetris_shift_down             
0000075b  tetris_shift_rows_down        
000006e7  tetris_spawn_piece            
000005c3  tetris_visualize              


GLOBAL SYMBOLS: SORTED BY Symbol Address 

address   name                          
-------   ----                          
00000000  __TI_static_base__            
00000000  interruptVectors              
000000e5  display_init                  
000001b9  display_write_buffer          
00000200  __STACK_SIZE                  
00000421  display_translate             
000004dd  display_clear                 
000004f3  display_test_3                
00000525  display_test_2                
00000553  display_test_1                
000005b5  tetris_queue_get              
000005c3  tetris_visualize              
00000645  tetris_queue_pop              
0000065b  piece_init                    
000006bd  tetris_queue_enqueue          
000006e7  tetris_spawn_piece            
0000075b  tetris_shift_rows_down        
00000797  tetris_remove_lines_and_score 
000007d7  tetris_place_piece            
00000831  tetris_shift_down             
00000899  tetris_move_right             
000008f9  tetris_move_left              
0000095b  tetris_init                   
000009c5  piece_in_bounds               
00000a0d  piece_rotate                  
00000a71  SystemInit                    
00000ac5  SystemCoreClockUpdate         
00000c51  main                          
00000d53  TA0_0_IRQHandler              
00000d53  TA0_0_IRQHandler              
00000d85  __aeabi_memcpy                
00000d85  __aeabi_memcpy4               
00000d85  __aeabi_memcpy8               
00000d85  memcpy                        
00000e21  __aeabi_memclr                
00000e21  __aeabi_memclr4               
00000e21  __aeabi_memclr8               
00000e23  __aeabi_memset                
00000e23  __aeabi_memset4               
00000e23  __aeabi_memset8               
00000e29  memset                        
00000e9b  __TI_decompress_lzss          
00000f03  __aeabi_idiv                  
00000f03  __aeabi_idivmod               
00000f61  StartTimer                    
00000f6f  ConfigureTimer                
00000f89  ChangeMCLKSpeed               
00000fad  __TI_auto_init_nobinit_nopinit
00000ff1  StopWatchdogTimer             
00000ffb  EnablePinsAsOutput            
0000100d  DivideSMCLK                   
00001019  ConfigureButtonsAsInput       
00001035  _c_int00_noargs               
00001069  srand                         
0000106f  rand                          
00001089  __TI_decompress_none          
00001097  Reset_Handler                 
000010a3  ADC14_IRQHandler              
000010a3  AES256_IRQHandler             
000010a3  BusFault_Handler              
000010a3  COMP_E0_IRQHandler            
000010a3  COMP_E1_IRQHandler            
000010a3  CS_IRQHandler                 
000010a3  DMA_ERR_IRQHandler            
000010a3  DMA_INT0_IRQHandler           
000010a3  DMA_INT1_IRQHandler           
000010a3  DMA_INT2_IRQHandler           
000010a3  DMA_INT3_IRQHandler           
000010a3  DebugMon_Handler              
000010a3  Default_Handler               
000010a3  EUSCIA0_IRQHandler            
000010a3  EUSCIA1_IRQHandler            
000010a3  EUSCIA2_IRQHandler            
000010a3  EUSCIA3_IRQHandler            
000010a3  EUSCIB0_IRQHandler            
000010a3  EUSCIB1_IRQHandler            
000010a3  EUSCIB2_IRQHandler            
000010a3  EUSCIB3_IRQHandler            
000010a3  FLCTL_IRQHandler              
000010a3  FPU_IRQHandler                
000010a3  HardFault_Handler             
000010a3  MemManage_Handler             
000010a3  NMI_Handler                   
000010a3  PCM_IRQHandler                
000010a3  PORT1_IRQHandler              
000010a3  PORT2_IRQHandler              
000010a3  PORT3_IRQHandler              
000010a3  PORT4_IRQHandler              
000010a3  PORT5_IRQHandler              
000010a3  PORT6_IRQHandler              
000010a3  PSS_IRQHandler                
000010a3  PendSV_Handler                
000010a3  RTC_C_IRQHandler              
000010a3  SVC_Handler                   
000010a3  SysTick_Handler               
000010a3  T32_INT1_IRQHandler           
000010a3  T32_INT2_IRQHandler           
000010a3  T32_INTC_IRQHandler           
000010a3  TA0_N_IRQHandler              
000010a3  TA1_0_IRQHandler              
000010a3  TA1_N_IRQHandler              
000010a3  TA2_0_IRQHandler              
000010a3  TA2_N_IRQHandler              
000010a3  TA3_0_IRQHandler              
000010a3  TA3_N_IRQHandler              
000010a3  UsageFault_Handler            
000010a3  WDT_A_IRQHandler              
000010a5  __TI_zero_init                
000010b1  _system_pre_init              
000010b5  C$$EXIT                       
000010b5  abort                         
000010b9  __aeabi_idiv0                 
000010b9  __aeabi_ldiv0                 
00001124  __TI_Handler_Table_Base       
00001130  __TI_Handler_Table_Limit      
00001138  __TI_CINIT_Base               
00001148  __TI_CINIT_Limit              
20000000  __start___llvm_prf_cnts       
20000000  __stop___llvm_prf_cnts        
20000000  display                       
20000924  display_address_union         
20000925  display_data_union            
200009dc  SystemCoreClock               
2000fe00  __stack                       
20010000  __STACK_END                   
4000480c  WDTCTL_SYM                    
ffffffff  __TI_pprof_out_hndl           
ffffffff  __TI_prof_data_size           
ffffffff  __TI_prof_data_start          
ffffffff  __binit__                     
ffffffff  __c_args__                    
ffffffff  binit                         
UNDEFED   __mpu_init                    
UNDEFED   _system_post_cinit            

[134 symbols]
