******************************************************************************
                  TI ARM Linker Unix v20.2.1                   
******************************************************************************
>> Linked Sat Nov 21 13:21:04 2020

OUTPUT FILE NAME:   <Tetris.out>
ENTRY POINT SYMBOL: "_c_int00_noargs"  address: 0000141d


MEMORY CONFIGURATION

         name            origin    length      used     unused   attr    fill
----------------------  --------  ---------  --------  --------  ----  --------
  MAIN                  00000000   00040000  00001538  0003eac8  R  X
  INFO                  00200000   00004000  00000000  00004000  R  X
  SRAM_CODE             01000000   00010000  00000be6  0000f41a  RW X
  SRAM_DATA             20000000   00010000  00000be6  0000f41a  RW  


SEGMENT ALLOCATION MAP

run origin  load origin   length   init length attrs members
----------  ----------- ---------- ----------- ----- -------
00000000    00000000    00001538   00001538    r-x
  00000000    00000000    000000e4   000000e4    r-- .intvecs
  000000e4    000000e4    000013cc   000013cc    r-x .text
  000014b0    000014b0    00000088   00000088    r-- .cinit
20000000    20000000    000009e8   00000000    rw-
  20000000    20000000    0000092e   00000000    rw- .bss
  20000930    20000930    000000b8   00000000    rw- .data
2000fe00    2000fe00    00000200   00000000    rw-
  2000fe00    2000fe00    00000200   00000000    rw- .stack


SECTION ALLOCATION MAP

 output                                  attributes/
section   page    origin      length       input sections
--------  ----  ----------  ----------   ----------------
.intvecs   0    00000000    000000e4     
                  00000000    000000e4     startup_msp432p401r_ccs.obj (.intvecs:retain)

.text      0    000000e4    000013cc     
                  000000e4    000007ee     tetris.obj (.text)
                  000008d2    00000002     rtsv7M4_T_le_v4SPD16_eabi.lib : div0.asm.obj (.text)
                  000008d4    00000404     display.obj (.text)
                  00000cd8    00000334     system_msp432p401r.obj (.text)
                  0000100c    00000124     main.obj (.text)
                  00001130    0000009c     rtsv7M4_T_le_v4SPD16_eabi.lib : memcpy_t2.asm.obj (.text)
                  000011cc    0000007a                                   : memset_t2.asm.obj (.text)
                  00001246    00000002     --HOLE-- [fill = 0]
                  00001248    00000070     timer.obj (.text)
                  000012b8    00000068     rtsv7M4_T_le_v4SPD16_eabi.lib : copy_decompress_lzss.c.obj (.text:decompress:lzss:__TI_decompress_lzss)
                  00001320    0000005e                                   : i_divt2.asm.obj (.text)
                  0000137e    00000002     --HOLE-- [fill = 0]
                  00001380    00000058     init.obj (.text)
                  000013d8    00000044     rtsv7M4_T_le_v4SPD16_eabi.lib : autoinit.c.obj (.text:__TI_auto_init_nobinit_nopinit:__TI_auto_init_nobinit_nopinit)
                  0000141c    00000034                                   : boot_cortex_m.c.obj (.text:_c_int00_noargs:_c_int00_noargs)
                  00001450    00000030     rand.obj (.text)
                  00001480    0000000e     rtsv7M4_T_le_v4SPD16_eabi.lib : copy_decompress_none.c.obj (.text:decompress:none:__TI_decompress_none)
                  0000148e    0000000e     startup_msp432p401r_ccs.obj (.text)
                  0000149c    0000000c     rtsv7M4_T_le_v4SPD16_eabi.lib : copy_zero_init.c.obj (.text:decompress:ZI:__TI_zero_init)
                  000014a8    00000004                                   : pre_init.c.obj (.text:_system_pre_init)
                  000014ac    00000004                                   : exit.c.obj (.text:abort:abort)

.cinit     0    000014b0    00000088     
                  000014b0    00000061     (.cinit..data.load) [load image, compression = lzss]
                  00001511    00000003     --HOLE-- [fill = 0]
                  00001514    0000000c     (__TI_handler_table)
                  00001520    00000008     (.cinit..bss.load) [load image, compression = zero_init]
                  00001528    00000010     (__TI_cinit_table)

.init_array 
*          0    00000000    00000000     UNINITIALIZED

.binit     0    00000000    00000000     

.bss       0    20000000    0000092e     UNINITIALIZED
                  20000000    00000800     (.common:display)
                  20000800    00000124     main.obj (.bss:tetris$1)
                  20000924    00000008     display.obj (.bss)
                  2000092c    00000001     (.common:display_address_union)
                  2000092d    00000001     (.common:display_data_union)

.data      0    20000930    000000b8     UNINITIALIZED
                  20000930    00000020     tetris.obj (.data:PIECE_J_STATES)
                  20000950    00000020     tetris.obj (.data:PIECE_L_STATES)
                  20000970    00000020     tetris.obj (.data:PIECE_T_STATES)
                  20000990    00000010     tetris.obj (.data:PIECE_I_STATES)
                  200009a0    00000010     tetris.obj (.data:PIECE_S_STATES)
                  200009b0    00000010     tetris.obj (.data:PIECE_Z_STATES)
                  200009c0    0000000c     main.obj (.data:fsm)
                  200009cc    00000009     main.obj (.data)
                  200009d5    00000008     tetris.obj (.data:PIECE_O_STATE)
                  200009dd    00000003     --HOLE--
                  200009e0    00000004     rand.obj (.data)
                  200009e4    00000004     system_msp432p401r.obj (.data)

.stack     0    2000fe00    00000200     UNINITIALIZED
                  2000fe00    00000004     rtsv7M4_T_le_v4SPD16_eabi.lib : boot_cortex_m.c.obj (.stack)
                  2000fe04    000001fc     --HOLE--

__llvm_prf_cnts 
*          0    20000000    00000000     UNINITIALIZED

MODULE SUMMARY

       Module                        code   ro data   rw data
       ------                        ----   -------   -------
    ./
       display.obj                   1028   0         4116   
       tetris.obj                    2030   0         304    
       main.obj                      292    0         626    
       system_msp432p401r.obj        820    0         8      
       startup_msp432p401r_ccs.obj   14     228       0      
       timer.obj                     112    0         0      
       init.obj                      88     0         0      
       rand.obj                      48     0         8      
    +--+-----------------------------+------+---------+---------+
       Total:                        4432   228       5062   
                                                             
    /opt/ccstudio/ccs/tools/compiler/ti-cgt-arm_20.2.1.LTS/lib/rtsv7M4_T_le_v4SPD16_eabi.lib
       memcpy_t2.asm.obj             156    0         0      
       memset_t2.asm.obj             122    0         0      
       copy_decompress_lzss.c.obj    104    0         0      
       i_divt2.asm.obj               94     0         0      
       autoinit.c.obj                68     0         0      
       boot_cortex_m.c.obj           52     0         0      
       copy_decompress_none.c.obj    14     0         0      
       copy_zero_init.c.obj          12     0         0      
       exit.c.obj                    4      0         0      
       pre_init.c.obj                4      0         0      
       div0.asm.obj                  2      0         0      
    +--+-----------------------------+------+---------+---------+
       Total:                        632    0         0      
                                                             
       Stack:                        0      0         1024   
       Linker Generated:             0      133       0      
    +--+-----------------------------+------+---------+---------+
       Grand Total:                  5064   361       6086   


LINKER GENERATED COPY TABLES

__TI_cinit_table @ 00001528 records: 2, size/record: 8, table size: 16
	.data: load addr=000014b0, load size=00000061 bytes, run addr=20000930, run size=000000b8 bytes, compression=lzss
	.bss: load addr=00001520, load size=00000008 bytes, run addr=20000000, run size=0000092e bytes, compression=zero_init


LINKER GENERATED HANDLER TABLE

__TI_handler_table @ 00001514 records: 3, size/record: 4, table size: 12
	index: 0, handler: __TI_decompress_lzss
	index: 1, handler: __TI_decompress_none
	index: 2, handler: __TI_zero_init


GLOBAL SYMBOLS: SORTED ALPHABETICALLY BY Name 

address   name                          
-------   ----                          
0000149b  ADC14_IRQHandler              
0000149b  AES256_IRQHandler             
0000149b  BusFault_Handler              
000014ad  C$$EXIT                       
0000149b  COMP_E0_IRQHandler            
0000149b  COMP_E1_IRQHandler            
0000149b  CS_IRQHandler                 
00001283  ChangeMCLKSpeed               
0000138b  ConfigureButtonsAsInput       
00001249  ConfigureTimer                
0000149b  DMA_ERR_IRQHandler            
0000149b  DMA_INT0_IRQHandler           
0000149b  DMA_INT1_IRQHandler           
0000149b  DMA_INT2_IRQHandler           
0000149b  DMA_INT3_IRQHandler           
0000149b  DebugMon_Handler              
0000149b  Default_Handler               
000013b1  DivideSMCLK                   
0000149b  EUSCIA0_IRQHandler            
0000149b  EUSCIA1_IRQHandler            
0000149b  EUSCIA2_IRQHandler            
0000149b  EUSCIA3_IRQHandler            
0000149b  EUSCIB0_IRQHandler            
0000149b  EUSCIB1_IRQHandler            
0000149b  EUSCIB2_IRQHandler            
0000149b  EUSCIB3_IRQHandler            
00001397  EnablePinsAsOutput            
0000149b  FLCTL_IRQHandler              
0000149b  FPU_IRQHandler                
0000149b  HardFault_Handler             
0000149b  MemManage_Handler             
0000149b  NMI_Handler                   
0000149b  PCM_IRQHandler                
0000149b  PORT1_IRQHandler              
0000149b  PORT2_IRQHandler              
0000149b  PORT3_IRQHandler              
0000149b  PORT4_IRQHandler              
0000149b  PORT5_IRQHandler              
0000149b  PORT6_IRQHandler              
0000149b  PSS_IRQHandler                
0000149b  PendSV_Handler                
0000149b  RTC_C_IRQHandler              
0000148f  Reset_Handler                 
0000149b  SVC_Handler                   
00001275  StartTimer                    
00001381  StopWatchdogTimer             
0000149b  SysTick_Handler               
200009e4  SystemCoreClock               
00000cd9  SystemCoreClockUpdate         
00000f51  SystemInit                    
0000149b  T32_INT1_IRQHandler           
0000149b  T32_INT2_IRQHandler           
0000149b  T32_INTC_IRQHandler           
000010ff  TA0_0_IRQHandler              
000010ff  TA0_0_IRQHandler              
0000149b  TA0_N_IRQHandler              
0000149b  TA1_0_IRQHandler              
0000149b  TA1_N_IRQHandler              
0000149b  TA2_0_IRQHandler              
0000149b  TA2_N_IRQHandler              
0000149b  TA3_0_IRQHandler              
0000149b  TA3_N_IRQHandler              
0000149b  UsageFault_Handler            
4000480c  WDTCTL_SYM                    
0000149b  WDT_A_IRQHandler              
20010000  __STACK_END                   
00000200  __STACK_SIZE                  
00001528  __TI_CINIT_Base               
00001538  __TI_CINIT_Limit              
00001514  __TI_Handler_Table_Base       
00001520  __TI_Handler_Table_Limit      
000013d9  __TI_auto_init_nobinit_nopinit
000012b9  __TI_decompress_lzss          
00001481  __TI_decompress_none          
ffffffff  __TI_pprof_out_hndl           
ffffffff  __TI_prof_data_size           
ffffffff  __TI_prof_data_start          
00000000  __TI_static_base__            
0000149d  __TI_zero_init                
00001321  __aeabi_idiv                  
000008d3  __aeabi_idiv0                 
00001321  __aeabi_idivmod               
000008d3  __aeabi_ldiv0                 
000011cd  __aeabi_memclr                
000011cd  __aeabi_memclr4               
000011cd  __aeabi_memclr8               
00001131  __aeabi_memcpy                
00001131  __aeabi_memcpy4               
00001131  __aeabi_memcpy8               
000011cf  __aeabi_memset                
000011cf  __aeabi_memset4               
000011cf  __aeabi_memset8               
ffffffff  __binit__                     
ffffffff  __c_args__                    
UNDEFED   __mpu_init                    
2000fe00  __stack                       
20000000  __start___llvm_prf_cnts       
20000000  __stop___llvm_prf_cnts        
0000141d  _c_int00_noargs               
UNDEFED   _system_post_cinit            
000014a9  _system_pre_init              
000014ad  abort                         
ffffffff  binit                         
20000000  display                       
2000092c  display_address_union         
00000a23  display_clear                 
2000092d  display_data_union            
000008d5  display_init                  
00000bdf  display_test_1                
00000c5d  display_test_2                
00000c91  display_test_3                
0000091b  display_translate             
00000a79  display_write_buffer          
00000000  interruptVectors              
0000100d  main                          
00001131  memcpy                        
000011d5  memset                        
000002ff  piece_in_bounds               
000000e5  piece_init                    
00000269  piece_rotate                  
00001451  rand                          
00001469  srand                         
000001c5  tetris_init                   
0000043b  tetris_move_left              
000004cd  tetris_move_right             
0000055f  tetris_place_piece            
00000853  tetris_queue_enqueue          
000008b3  tetris_queue_get              
00000891  tetris_queue_pop              
000007c7  tetris_remove_lines_and_score 
00000399  tetris_shift_down             
00000745  tetris_shift_rows_down        
000006a9  tetris_spawn_piece            
000005e3  tetris_visualize              


GLOBAL SYMBOLS: SORTED BY Symbol Address 

address   name                          
-------   ----                          
00000000  __TI_static_base__            
00000000  interruptVectors              
000000e5  piece_init                    
000001c5  tetris_init                   
00000200  __STACK_SIZE                  
00000269  piece_rotate                  
000002ff  piece_in_bounds               
00000399  tetris_shift_down             
0000043b  tetris_move_left              
000004cd  tetris_move_right             
0000055f  tetris_place_piece            
000005e3  tetris_visualize              
000006a9  tetris_spawn_piece            
00000745  tetris_shift_rows_down        
000007c7  tetris_remove_lines_and_score 
00000853  tetris_queue_enqueue          
00000891  tetris_queue_pop              
000008b3  tetris_queue_get              
000008d3  __aeabi_idiv0                 
000008d3  __aeabi_ldiv0                 
000008d5  display_init                  
0000091b  display_translate             
00000a23  display_clear                 
00000a79  display_write_buffer          
00000bdf  display_test_1                
00000c5d  display_test_2                
00000c91  display_test_3                
00000cd9  SystemCoreClockUpdate         
00000f51  SystemInit                    
0000100d  main                          
000010ff  TA0_0_IRQHandler              
000010ff  TA0_0_IRQHandler              
00001131  __aeabi_memcpy                
00001131  __aeabi_memcpy4               
00001131  __aeabi_memcpy8               
00001131  memcpy                        
000011cd  __aeabi_memclr                
000011cd  __aeabi_memclr4               
000011cd  __aeabi_memclr8               
000011cf  __aeabi_memset                
000011cf  __aeabi_memset4               
000011cf  __aeabi_memset8               
000011d5  memset                        
00001249  ConfigureTimer                
00001275  StartTimer                    
00001283  ChangeMCLKSpeed               
000012b9  __TI_decompress_lzss          
00001321  __aeabi_idiv                  
00001321  __aeabi_idivmod               
00001381  StopWatchdogTimer             
0000138b  ConfigureButtonsAsInput       
00001397  EnablePinsAsOutput            
000013b1  DivideSMCLK                   
000013d9  __TI_auto_init_nobinit_nopinit
0000141d  _c_int00_noargs               
00001451  rand                          
00001469  srand                         
00001481  __TI_decompress_none          
0000148f  Reset_Handler                 
0000149b  ADC14_IRQHandler              
0000149b  AES256_IRQHandler             
0000149b  BusFault_Handler              
0000149b  COMP_E0_IRQHandler            
0000149b  COMP_E1_IRQHandler            
0000149b  CS_IRQHandler                 
0000149b  DMA_ERR_IRQHandler            
0000149b  DMA_INT0_IRQHandler           
0000149b  DMA_INT1_IRQHandler           
0000149b  DMA_INT2_IRQHandler           
0000149b  DMA_INT3_IRQHandler           
0000149b  DebugMon_Handler              
0000149b  Default_Handler               
0000149b  EUSCIA0_IRQHandler            
0000149b  EUSCIA1_IRQHandler            
0000149b  EUSCIA2_IRQHandler            
0000149b  EUSCIA3_IRQHandler            
0000149b  EUSCIB0_IRQHandler            
0000149b  EUSCIB1_IRQHandler            
0000149b  EUSCIB2_IRQHandler            
0000149b  EUSCIB3_IRQHandler            
0000149b  FLCTL_IRQHandler              
0000149b  FPU_IRQHandler                
0000149b  HardFault_Handler             
0000149b  MemManage_Handler             
0000149b  NMI_Handler                   
0000149b  PCM_IRQHandler                
0000149b  PORT1_IRQHandler              
0000149b  PORT2_IRQHandler              
0000149b  PORT3_IRQHandler              
0000149b  PORT4_IRQHandler              
0000149b  PORT5_IRQHandler              
0000149b  PORT6_IRQHandler              
0000149b  PSS_IRQHandler                
0000149b  PendSV_Handler                
0000149b  RTC_C_IRQHandler              
0000149b  SVC_Handler                   
0000149b  SysTick_Handler               
0000149b  T32_INT1_IRQHandler           
0000149b  T32_INT2_IRQHandler           
0000149b  T32_INTC_IRQHandler           
0000149b  TA0_N_IRQHandler              
0000149b  TA1_0_IRQHandler              
0000149b  TA1_N_IRQHandler              
0000149b  TA2_0_IRQHandler              
0000149b  TA2_N_IRQHandler              
0000149b  TA3_0_IRQHandler              
0000149b  TA3_N_IRQHandler              
0000149b  UsageFault_Handler            
0000149b  WDT_A_IRQHandler              
0000149d  __TI_zero_init                
000014a9  _system_pre_init              
000014ad  C$$EXIT                       
000014ad  abort                         
00001514  __TI_Handler_Table_Base       
00001520  __TI_Handler_Table_Limit      
00001528  __TI_CINIT_Base               
00001538  __TI_CINIT_Limit              
20000000  __start___llvm_prf_cnts       
20000000  __stop___llvm_prf_cnts        
20000000  display                       
2000092c  display_address_union         
2000092d  display_data_union            
200009e4  SystemCoreClock               
2000fe00  __stack                       
20010000  __STACK_END                   
4000480c  WDTCTL_SYM                    
ffffffff  __TI_pprof_out_hndl           
ffffffff  __TI_prof_data_size           
ffffffff  __TI_prof_data_start          
ffffffff  __binit__                     
ffffffff  __c_args__                    
ffffffff  binit                         
UNDEFED   __mpu_init                    
UNDEFED   _system_post_cinit            

[134 symbols]
