******************************************************************************
                  TI ARM Linker Unix v20.2.1                   
******************************************************************************
>> Linked Fri Nov 20 14:34:50 2020

OUTPUT FILE NAME:   <Tetris.out>
ENTRY POINT SYMBOL: "_c_int00_noargs"  address: 000015b5


MEMORY CONFIGURATION

         name            origin    length      used     unused   attr    fill
----------------------  --------  ---------  --------  --------  ----  --------
  MAIN                  00000000   00040000  000016f6  0003e90a  R  X
  INFO                  00200000   00004000  00000000  00004000  R  X
  SRAM_CODE             01000000   00010000  000003d6  0000fc2a  RW X
  SRAM_DATA             20000000   00010000  000003d6  0000fc2a  RW  


SEGMENT ALLOCATION MAP

run origin  load origin   length   init length attrs members
----------  ----------- ---------- ----------- ----- -------
00000000    00000000    000016f8   000016f8    r-x
  00000000    00000000    000000e4   000000e4    r-- .intvecs
  000000e4    000000e4    0000158a   0000158a    r-x .text
  00001670    00001670    00000088   00000088    r-- .cinit
20000000    20000000    000001d8   00000000    rw-
  20000000    20000000    0000011e   00000000    rw- .bss
  20000120    20000120    000000b8   00000000    rw- .data
2000fe00    2000fe00    00000200   00000000    rw-
  2000fe00    2000fe00    00000200   00000000    rw- .stack


SECTION ALLOCATION MAP

 output                                  attributes/
section   page    origin      length       input sections
--------  ----  ----------  ----------   ----------------
.intvecs   0    00000000    000000e4     
                  00000000    000000e4     startup_msp432p401r_ccs.obj (.intvecs:retain)

.text      0    000000e4    0000158a     
                  000000e4    000007e4     tetris.obj (.text)
                  000008c8    00000388     main.obj (.text)
                  00000c50    00000334     system_msp432p401r.obj (.text)
                  00000f84    0000032c     display.obj (.text)
                  000012b0    0000009c     rtsv7M4_T_le_v4SPD16_eabi.lib : memcpy_t2.asm.obj (.text)
                  0000134c    00000094     debounce.obj (.text)
                  000013e0    00000070     timer.obj (.text)
                  00001450    00000068     rtsv7M4_T_le_v4SPD16_eabi.lib : copy_decompress_lzss.c.obj (.text:decompress:lzss:__TI_decompress_lzss)
                  000014b8    0000005e                                   : i_divt2.asm.obj (.text)
                  00001516    00000002                                   : div0.asm.obj (.text)
                  00001518    00000058     init.obj (.text)
                  00001570    00000044     rtsv7M4_T_le_v4SPD16_eabi.lib : autoinit.c.obj (.text:__TI_auto_init_nobinit_nopinit:__TI_auto_init_nobinit_nopinit)
                  000015b4    00000034                                   : boot_cortex_m.c.obj (.text:_c_int00_noargs:_c_int00_noargs)
                  000015e8    00000030     rand.obj (.text)
                  00001618    0000001c     rtsv7M4_T_le_v4SPD16_eabi.lib : copy_zero_init.c.obj (.text:decompress:ZI:__TI_zero_init_nomemset:__TI_zero_init_nomemset)
                  00001634    00000016     debug.obj (.text)
                  0000164a    0000000e     rtsv7M4_T_le_v4SPD16_eabi.lib : copy_decompress_none.c.obj (.text:decompress:none:__TI_decompress_none)
                  00001658    0000000e     startup_msp432p401r_ccs.obj (.text)
                  00001666    00000004     rtsv7M4_T_le_v4SPD16_eabi.lib : pre_init.c.obj (.text:_system_pre_init)
                  0000166a    00000004                                   : exit.c.obj (.text:abort:abort)

.cinit     0    00001670    00000088     
                  00001670    0000005f     (.cinit..data.load) [load image, compression = lzss]
                  000016cf    00000001     --HOLE-- [fill = 0]
                  000016d0    0000000c     (__TI_handler_table)
                  000016dc    00000004     --HOLE-- [fill = 0]
                  000016e0    00000008     (.cinit..bss.load) [load image, compression = zero_init]
                  000016e8    00000010     (__TI_cinit_table)

.init_array 
*          0    00000000    00000000     UNINITIALIZED

.binit     0    00000000    00000000     

.bss       0    20000000    0000011e     UNINITIALIZED
                  20000000    0000011c     main.obj (.bss:tetris$1)
                  2000011c    00000001     (.common:display_address_union)
                  2000011d    00000001     (.common:display_data_union)

.data      0    20000120    000000b8     UNINITIALIZED
                  20000120    00000020     tetris.obj (.data:PIECE_J_STATES)
                  20000140    00000020     tetris.obj (.data:PIECE_L_STATES)
                  20000160    00000020     tetris.obj (.data:PIECE_T_STATES)
                  20000180    00000010     tetris.obj (.data:PIECE_I_STATES)
                  20000190    00000010     tetris.obj (.data:PIECE_S_STATES)
                  200001a0    00000010     tetris.obj (.data:PIECE_Z_STATES)
                  200001b0    0000000c     debounce.obj (.data:fsm)
                  200001bc    00000009     main.obj (.data)
                  200001c5    00000008     tetris.obj (.data:PIECE_O_STATE)
                  200001cd    00000003     --HOLE--
                  200001d0    00000004     rand.obj (.data)
                  200001d4    00000004     system_msp432p401r.obj (.data)

.stack     0    2000fe00    00000200     UNINITIALIZED
                  2000fe00    00000004     rtsv7M4_T_le_v4SPD16_eabi.lib : boot_cortex_m.c.obj (.stack)
                  2000fe04    000001fc     --HOLE--

__llvm_prf_cnts 
*          0    20000000    00000000     UNINITIALIZED

MODULE SUMMARY

       Module                        code   ro data   rw data
       ------                        ----   -------   -------
    ./
       tetris.obj                    2020   0         304    
       main.obj                      904    0         586    
       system_msp432p401r.obj        820    0         8      
       display.obj                   812    0         4      
       startup_msp432p401r_ccs.obj   14     228       0      
       debounce.obj                  148    0         24     
       timer.obj                     112    0         0      
       init.obj                      88     0         0      
       rand.obj                      48     0         8      
       debug.obj                     22     0         0      
    +--+-----------------------------+------+---------+---------+
       Total:                        4988   228       934    
                                                             
    /opt/ccstudio/ccs/tools/compiler/ti-cgt-arm_20.2.1.LTS/lib/rtsv7M4_T_le_v4SPD16_eabi.lib
       memcpy_t2.asm.obj             156    0         0      
       copy_decompress_lzss.c.obj    104    0         0      
       i_divt2.asm.obj               94     0         0      
       autoinit.c.obj                68     0         0      
       boot_cortex_m.c.obj           52     0         0      
       copy_zero_init.c.obj          28     0         0      
       copy_decompress_none.c.obj    14     0         0      
       exit.c.obj                    4      0         0      
       pre_init.c.obj                4      0         0      
       div0.asm.obj                  2      0         0      
    +--+-----------------------------+------+---------+---------+
       Total:                        526    0         0      
                                                             
       Stack:                        0      0         1024   
       Linker Generated:             0      131       0      
    +--+-----------------------------+------+---------+---------+
       Grand Total:                  5514   359       1958   


LINKER GENERATED COPY TABLES

__TI_cinit_table @ 000016e8 records: 2, size/record: 8, table size: 16
	.data: load addr=00001670, load size=0000005f bytes, run addr=20000120, run size=000000b8 bytes, compression=lzss
	.bss: load addr=000016e0, load size=00000008 bytes, run addr=20000000, run size=0000011e bytes, compression=zero_init


LINKER GENERATED HANDLER TABLE

__TI_handler_table @ 000016d0 records: 3, size/record: 4, table size: 12
	index: 0, handler: __TI_decompress_lzss
	index: 1, handler: __TI_decompress_none
	index: 2, handler: __TI_zero_init


GLOBAL SYMBOLS: SORTED ALPHABETICALLY BY Name 

address   name                          
-------   ----                          
00001665  ADC14_IRQHandler              
00001665  AES256_IRQHandler             
00001665  BusFault_Handler              
0000166b  C$$EXIT                       
00001665  COMP_E0_IRQHandler            
00001665  COMP_E1_IRQHandler            
00001665  CS_IRQHandler                 
0000141b  ChangeMCLKSpeed               
00001523  ConfigureButtonsAsInput       
000013e1  ConfigureTimer                
00001665  DMA_ERR_IRQHandler            
00001665  DMA_INT0_IRQHandler           
00001665  DMA_INT1_IRQHandler           
00001665  DMA_INT2_IRQHandler           
00001665  DMA_INT3_IRQHandler           
00001665  DebugMon_Handler              
00001665  Default_Handler               
00001549  DivideSMCLK                   
00001665  EUSCIA0_IRQHandler            
00001665  EUSCIA1_IRQHandler            
00001665  EUSCIA2_IRQHandler            
00001665  EUSCIA3_IRQHandler            
00001665  EUSCIB0_IRQHandler            
00001665  EUSCIB1_IRQHandler            
00001665  EUSCIB2_IRQHandler            
00001665  EUSCIB3_IRQHandler            
0000152f  EnablePinsAsOutput            
00001665  FLCTL_IRQHandler              
00001665  FPU_IRQHandler                
00001665  HardFault_Handler             
00001665  MemManage_Handler             
00001665  NMI_Handler                   
00001665  PCM_IRQHandler                
00001665  PORT1_IRQHandler              
00001665  PORT2_IRQHandler              
00001665  PORT3_IRQHandler              
00001665  PORT4_IRQHandler              
00001665  PORT5_IRQHandler              
00001665  PORT6_IRQHandler              
00001665  PSS_IRQHandler                
00001665  PendSV_Handler                
00001665  RTC_C_IRQHandler              
00001659  Reset_Handler                 
00001665  SVC_Handler                   
0000140d  StartTimer                    
00001519  StopWatchdogTimer             
00001665  SysTick_Handler               
200001d4  SystemCoreClock               
00000c51  SystemCoreClockUpdate         
00000ec9  SystemInit                    
00001665  T32_INT1_IRQHandler           
00001665  T32_INT2_IRQHandler           
00001665  T32_INTC_IRQHandler           
00000c1d  TA0_0_IRQHandler              
00000c1d  TA0_0_IRQHandler              
00001665  TA0_N_IRQHandler              
00001665  TA1_0_IRQHandler              
00001665  TA1_N_IRQHandler              
00001665  TA2_0_IRQHandler              
00001665  TA2_N_IRQHandler              
00001665  TA3_0_IRQHandler              
00001665  TA3_N_IRQHandler              
00001665  UsageFault_Handler            
4000480c  WDTCTL_SYM                    
00001665  WDT_A_IRQHandler              
20010000  __STACK_END                   
00000200  __STACK_SIZE                  
000016e8  __TI_CINIT_Base               
000016f8  __TI_CINIT_Limit              
000016d0  __TI_Handler_Table_Base       
000016dc  __TI_Handler_Table_Limit      
00001571  __TI_auto_init_nobinit_nopinit
00001451  __TI_decompress_lzss          
0000164b  __TI_decompress_none          
ffffffff  __TI_pprof_out_hndl           
ffffffff  __TI_prof_data_size           
ffffffff  __TI_prof_data_start          
00000000  __TI_static_base__            
00001619  __TI_zero_init_nomemset       
000014b9  __aeabi_idiv                  
00001517  __aeabi_idiv0                 
000014b9  __aeabi_idivmod               
00001517  __aeabi_ldiv0                 
000012b1  __aeabi_memcpy                
000012b1  __aeabi_memcpy4               
000012b1  __aeabi_memcpy8               
ffffffff  __binit__                     
ffffffff  __c_args__                    
UNDEFED   __mpu_init                    
2000fe00  __stack                       
20000000  __start___llvm_prf_cnts       
20000000  __stop___llvm_prf_cnts        
000015b5  _c_int00_noargs               
UNDEFED   _system_post_cinit            
00001667  _system_pre_init              
0000166b  abort                         
ffffffff  binit                         
0000134d  debounce_tick                 
00001637  debug_print                   
00001641  debug_println                 
00001635  debug_uart_config             
2000011c  display_address_union         
2000011d  display_data_union            
00000f85  display_init                  
00000fe1  display_write                 
00001159  display_write_array           
00000000  interruptVectors              
000008c9  main                          
000012b1  memcpy                        
00001373  next_state                    
000002ff  piece_in_bounds               
000000e5  piece_init                    
00000269  piece_rotate                  
000015e9  rand                          
00001601  srand                         
000001c5  tetris_init                   
0000043b  tetris_move_left              
000004cd  tetris_move_right             
0000055f  tetris_place_piece            
00000849  tetris_queue_enqueue          
000008a9  tetris_queue_get              
00000887  tetris_queue_pop              
000007bd  tetris_remove_lines_and_score 
00000399  tetris_shift_down             
0000073b  tetris_shift_rows_down        
0000069f  tetris_spawn_piece            
000005e3  tetris_visualize              


GLOBAL SYMBOLS: SORTED BY Symbol Address 

address   name                          
-------   ----                          
00000000  __TI_static_base__            
00000000  interruptVectors              
000000e5  piece_init                    
000001c5  tetris_init                   
00000200  __STACK_SIZE                  
00000269  piece_rotate                  
000002ff  piece_in_bounds               
00000399  tetris_shift_down             
0000043b  tetris_move_left              
000004cd  tetris_move_right             
0000055f  tetris_place_piece            
000005e3  tetris_visualize              
0000069f  tetris_spawn_piece            
0000073b  tetris_shift_rows_down        
000007bd  tetris_remove_lines_and_score 
00000849  tetris_queue_enqueue          
00000887  tetris_queue_pop              
000008a9  tetris_queue_get              
000008c9  main                          
00000c1d  TA0_0_IRQHandler              
00000c1d  TA0_0_IRQHandler              
00000c51  SystemCoreClockUpdate         
00000ec9  SystemInit                    
00000f85  display_init                  
00000fe1  display_write                 
00001159  display_write_array           
000012b1  __aeabi_memcpy                
000012b1  __aeabi_memcpy4               
000012b1  __aeabi_memcpy8               
000012b1  memcpy                        
0000134d  debounce_tick                 
00001373  next_state                    
000013e1  ConfigureTimer                
0000140d  StartTimer                    
0000141b  ChangeMCLKSpeed               
00001451  __TI_decompress_lzss          
000014b9  __aeabi_idiv                  
000014b9  __aeabi_idivmod               
00001517  __aeabi_idiv0                 
00001517  __aeabi_ldiv0                 
00001519  StopWatchdogTimer             
00001523  ConfigureButtonsAsInput       
0000152f  EnablePinsAsOutput            
00001549  DivideSMCLK                   
00001571  __TI_auto_init_nobinit_nopinit
000015b5  _c_int00_noargs               
000015e9  rand                          
00001601  srand                         
00001619  __TI_zero_init_nomemset       
00001635  debug_uart_config             
00001637  debug_print                   
00001641  debug_println                 
0000164b  __TI_decompress_none          
00001659  Reset_Handler                 
00001665  ADC14_IRQHandler              
00001665  AES256_IRQHandler             
00001665  BusFault_Handler              
00001665  COMP_E0_IRQHandler            
00001665  COMP_E1_IRQHandler            
00001665  CS_IRQHandler                 
00001665  DMA_ERR_IRQHandler            
00001665  DMA_INT0_IRQHandler           
00001665  DMA_INT1_IRQHandler           
00001665  DMA_INT2_IRQHandler           
00001665  DMA_INT3_IRQHandler           
00001665  DebugMon_Handler              
00001665  Default_Handler               
00001665  EUSCIA0_IRQHandler            
00001665  EUSCIA1_IRQHandler            
00001665  EUSCIA2_IRQHandler            
00001665  EUSCIA3_IRQHandler            
00001665  EUSCIB0_IRQHandler            
00001665  EUSCIB1_IRQHandler            
00001665  EUSCIB2_IRQHandler            
00001665  EUSCIB3_IRQHandler            
00001665  FLCTL_IRQHandler              
00001665  FPU_IRQHandler                
00001665  HardFault_Handler             
00001665  MemManage_Handler             
00001665  NMI_Handler                   
00001665  PCM_IRQHandler                
00001665  PORT1_IRQHandler              
00001665  PORT2_IRQHandler              
00001665  PORT3_IRQHandler              
00001665  PORT4_IRQHandler              
00001665  PORT5_IRQHandler              
00001665  PORT6_IRQHandler              
00001665  PSS_IRQHandler                
00001665  PendSV_Handler                
00001665  RTC_C_IRQHandler              
00001665  SVC_Handler                   
00001665  SysTick_Handler               
00001665  T32_INT1_IRQHandler           
00001665  T32_INT2_IRQHandler           
00001665  T32_INTC_IRQHandler           
00001665  TA0_N_IRQHandler              
00001665  TA1_0_IRQHandler              
00001665  TA1_N_IRQHandler              
00001665  TA2_0_IRQHandler              
00001665  TA2_N_IRQHandler              
00001665  TA3_0_IRQHandler              
00001665  TA3_N_IRQHandler              
00001665  UsageFault_Handler            
00001665  WDT_A_IRQHandler              
00001667  _system_pre_init              
0000166b  C$$EXIT                       
0000166b  abort                         
000016d0  __TI_Handler_Table_Base       
000016dc  __TI_Handler_Table_Limit      
000016e8  __TI_CINIT_Base               
000016f8  __TI_CINIT_Limit              
20000000  __start___llvm_prf_cnts       
20000000  __stop___llvm_prf_cnts        
2000011c  display_address_union         
2000011d  display_data_union            
200001d4  SystemCoreClock               
2000fe00  __stack                       
20010000  __STACK_END                   
4000480c  WDTCTL_SYM                    
ffffffff  __TI_pprof_out_hndl           
ffffffff  __TI_prof_data_size           
ffffffff  __TI_prof_data_start          
ffffffff  __binit__                     
ffffffff  __c_args__                    
ffffffff  binit                         
UNDEFED   __mpu_init                    
UNDEFED   _system_post_cinit            

[127 symbols]
